../startup/startup_kw45b41z83.c:351:6:data_init	4	static
../startup/startup_kw45b41z83.c:360:6:bss_init	0	static
../startup/startup_kw45b41z83.c:385:6:ResetISR	0	static
../startup/startup_kw45b41z83.c:518:14:NMI_Handler	0	static
../startup/startup_kw45b41z83.c:522:14:HardFault_Handler	0	static
../startup/startup_kw45b41z83.c:526:14:MemManage_Handler	0	static
../startup/startup_kw45b41z83.c:530:14:BusFault_Handler	0	static
../startup/startup_kw45b41z83.c:534:14:UsageFault_Handler	0	static
../startup/startup_kw45b41z83.c:538:14:SecureFault_Handler	0	static
../startup/startup_kw45b41z83.c:542:14:SVC_Handler	0	static
../startup/startup_kw45b41z83.c:546:14:DebugMon_Handler	0	static
../startup/startup_kw45b41z83.c:550:14:PendSV_Handler	0	static
../startup/startup_kw45b41z83.c:554:14:SysTick_Handler	0	static
../startup/startup_kw45b41z83.c:562:14:IntDefaultHandler	0	static
../startup/startup_kw45b41z83.c:572:11:CTI_IRQHandler	8	static
../startup/startup_kw45b41z83.c:576:11:CMC0_IRQHandler	8	static
../startup/startup_kw45b41z83.c:580:11:DMA0_CH0_IRQHandler	8	static
../startup/startup_kw45b41z83.c:584:11:DMA0_CH1_IRQHandler	8	static
../startup/startup_kw45b41z83.c:588:11:DMA0_CH2_IRQHandler	8	static
../startup/startup_kw45b41z83.c:592:11:DMA0_CH3_IRQHandler	8	static
../startup/startup_kw45b41z83.c:596:11:DMA0_CH4_IRQHandler	8	static
../startup/startup_kw45b41z83.c:600:11:DMA0_CH5_IRQHandler	8	static
../startup/startup_kw45b41z83.c:604:11:DMA0_CH6_IRQHandler	8	static
../startup/startup_kw45b41z83.c:608:11:DMA0_CH7_IRQHandler	8	static
../startup/startup_kw45b41z83.c:612:11:DMA0_CH8_IRQHandler	8	static
../startup/startup_kw45b41z83.c:616:11:DMA0_CH9_IRQHandler	8	static
../startup/startup_kw45b41z83.c:620:11:DMA0_CH10_IRQHandler	8	static
../startup/startup_kw45b41z83.c:624:11:DMA0_CH11_IRQHandler	8	static
../startup/startup_kw45b41z83.c:628:11:DMA0_CH12_IRQHandler	8	static
../startup/startup_kw45b41z83.c:632:11:DMA0_CH13_IRQHandler	8	static
../startup/startup_kw45b41z83.c:636:11:DMA0_CH14_IRQHandler	8	static
../startup/startup_kw45b41z83.c:640:11:DMA0_CH15_IRQHandler	8	static
../startup/startup_kw45b41z83.c:644:11:EWM0_IRQHandler	8	static
../startup/startup_kw45b41z83.c:648:11:MCM0_IRQHandler	8	static
../startup/startup_kw45b41z83.c:652:11:MSCM0_IRQHandler	8	static
../startup/startup_kw45b41z83.c:656:11:SPC0_IRQHandler	8	static
../startup/startup_kw45b41z83.c:660:11:WUU0_IRQHandler	8	static
../startup/startup_kw45b41z83.c:664:11:WDOG0_IRQHandler	8	static
../startup/startup_kw45b41z83.c:668:11:WDOG1_IRQHandler	8	static
../startup/startup_kw45b41z83.c:672:11:SCG0_IRQHandler	8	static
../startup/startup_kw45b41z83.c:676:11:SFA0_IRQHandler	8	static
../startup/startup_kw45b41z83.c:680:11:FMU0_IRQHandler	8	static
../startup/startup_kw45b41z83.c:684:11:ELE_CMD_IRQHandler	8	static
../startup/startup_kw45b41z83.c:688:11:ELE_SECURE_IRQHandler	8	static
../startup/startup_kw45b41z83.c:692:11:ELE_NONSECURE_IRQHandler	8	static
../startup/startup_kw45b41z83.c:696:11:TRDC0_IRQHandler	8	static
../startup/startup_kw45b41z83.c:700:11:RTC_Alarm_IRQHandler	8	static
../startup/startup_kw45b41z83.c:704:11:RTC_Seconds_IRQHandler	8	static
../startup/startup_kw45b41z83.c:708:11:LPTMR0_IRQHandler	8	static
../startup/startup_kw45b41z83.c:712:11:LPTMR1_IRQHandler	8	static
../startup/startup_kw45b41z83.c:716:11:LPIT0_IRQHandler	8	static
../startup/startup_kw45b41z83.c:720:11:TPM0_IRQHandler	8	static
../startup/startup_kw45b41z83.c:724:11:TPM1_IRQHandler	8	static
../startup/startup_kw45b41z83.c:728:11:LPI2C0_IRQHandler	8	static
../startup/startup_kw45b41z83.c:732:11:LPI2C1_IRQHandler	8	static
../startup/startup_kw45b41z83.c:736:11:I3C0_IRQHandler	8	static
../startup/startup_kw45b41z83.c:740:11:LPSPI0_IRQHandler	8	static
../startup/startup_kw45b41z83.c:744:11:LPSPI1_IRQHandler	8	static
../startup/startup_kw45b41z83.c:748:11:LPUART0_IRQHandler	8	static
../startup/startup_kw45b41z83.c:752:11:LPUART1_IRQHandler	8	static
../startup/startup_kw45b41z83.c:756:11:FLEXIO0_IRQHandler	8	static
../startup/startup_kw45b41z83.c:760:11:CAN0_IRQHandler	8	static
../startup/startup_kw45b41z83.c:764:11:RF_IMU0_IRQHandler	8	static
../startup/startup_kw45b41z83.c:768:11:RF_IMU1_IRQHandler	8	static
../startup/startup_kw45b41z83.c:772:11:RF_NBU_IRQHandler	8	static
../startup/startup_kw45b41z83.c:776:11:RF_FMU_IRQHandler	8	static
../startup/startup_kw45b41z83.c:780:11:RF_WOR_IRQHandler	8	static
../startup/startup_kw45b41z83.c:784:11:Reserved69_IRQHandler	8	static
../startup/startup_kw45b41z83.c:788:11:RF_Generic_IRQHandler	8	static
../startup/startup_kw45b41z83.c:792:11:RF_BRIC_IRQHandler	8	static
../startup/startup_kw45b41z83.c:796:11:RF_LANT_SW_IRQHandler	8	static
../startup/startup_kw45b41z83.c:800:11:RFMC_IRQHandler	8	static
../startup/startup_kw45b41z83.c:804:11:DSB_IRQHandler	8	static
../startup/startup_kw45b41z83.c:808:11:GPIOA_INT0_IRQHandler	8	static
../startup/startup_kw45b41z83.c:812:11:GPIOA_INT1_IRQHandler	8	static
../startup/startup_kw45b41z83.c:816:11:GPIOB_INT0_IRQHandler	8	static
../startup/startup_kw45b41z83.c:820:11:GPIOB_INT1_IRQHandler	8	static
../startup/startup_kw45b41z83.c:824:11:GPIOC_INT0_IRQHandler	8	static
../startup/startup_kw45b41z83.c:828:11:GPIOC_INT1_IRQHandler	8	static
../startup/startup_kw45b41z83.c:832:11:GPIOD_INT0_IRQHandler	8	static
../startup/startup_kw45b41z83.c:836:11:GPIOD_INT1_IRQHandler	8	static
../startup/startup_kw45b41z83.c:840:11:PORTA_EFT_IRQHandler	8	static
../startup/startup_kw45b41z83.c:844:11:PORTB_EFT_IRQHandler	8	static
../startup/startup_kw45b41z83.c:848:11:PORTC_EFT_IRQHandler	8	static
../startup/startup_kw45b41z83.c:852:11:PORTD_EFT_IRQHandler	8	static
../startup/startup_kw45b41z83.c:856:11:ADC0_IRQHandler	8	static
../startup/startup_kw45b41z83.c:860:11:LPCMP0_IRQHandler	8	static
../startup/startup_kw45b41z83.c:864:11:LPCMP1_IRQHandler	8	static
../startup/startup_kw45b41z83.c:868:11:VBAT_IRQHandler	8	static
