../drivers/fsl_clock.h:811:20:CLOCK_GetCurSysClkConfig	24	static
../drivers/fsl_clock.h:905:20:CLOCK_SetSysOscMonitorMode	24	static
../drivers/fsl_clock.h:1176:20:CLOCK_SetRoscMonitorMode	24	static
../drivers/fsl_clock.c:70:10:CLOCK_GetFlashClkFreq	8	static
../drivers/fsl_clock.c:80:10:CLOCK_GetBusClkFreq	8	static
../drivers/fsl_clock.c:90:10:CLOCK_GetPlatClkFreq	8	static
../drivers/fsl_clock.c:100:10:CLOCK_GetCoreSysClkFreq	8	static
../drivers/fsl_clock.c:114:10:CLOCK_GetFreq	24	static
../drivers/fsl_clock.c:162:10:CLOCK_GetIpFreq	24	static
../drivers/fsl_clock.c:254:10:CLOCK_GetSysClkFreq	24	static
../drivers/fsl_clock.c:322:10:CLOCK_InitSysOsc	24	static
../drivers/fsl_clock.c:358:10:CLOCK_DeinitSysOsc	16	static
../drivers/fsl_clock.c:384:10:CLOCK_GetSysOscFreq	8	static
../drivers/fsl_clock.c:413:10:CLOCK_InitSirc	24	static
../drivers/fsl_clock.c:455:10:CLOCK_DeinitSirc	16	static
../drivers/fsl_clock.c:481:10:CLOCK_GetSircFreq	4	static
../drivers/fsl_clock.c:512:10:CLOCK_InitFirc	24	static
../drivers/fsl_clock.c:574:10:CLOCK_DeinitFirc	16	static
../drivers/fsl_clock.c:600:10:CLOCK_GetFircFreq	4	static
../drivers/fsl_clock.c:628:10:CLOCK_InitRosc	24	static
../drivers/fsl_clock.c:662:10:CLOCK_DeinitRosc	16	static
../drivers/fsl_clock.c:688:10:CLOCK_GetRtcOscFreq	8	static
../drivers/fsl_clock.c:711:10:CLOCK_InitRfFro192M	16	static
../drivers/fsl_clock.c:739:10:CLOCK_GetRfFro192MFreq	4	static
