C:\Users\bakra\Desktop\KW45B41Z\timer_blink\CMSIS/core_cm33.h:2378:22:__NVIC_EnableIRQ	16	static
../drivers/fsl_clock.h:576:20:CLOCK_EnableClock	24	static
../drivers/fsl_clock.h:637:20:CLOCK_DisableClock	16	static
../drivers/fsl_common_arm.h:514:24:EnableIRQ	24	static
../drivers/fsl_common_arm.h:594:24:DisableGlobalIRQ	16	static
../drivers/fsl_common_arm.h:621:20:EnableGlobalIRQ	24	static
../drivers/fsl_lpuart.h:355:20:LPUART_SoftwareReset	16	static
../drivers/fsl_lpuart.c:158:10:LPUART_GetInstance	24	static
../drivers/fsl_lpuart.c:193:8:LPUART_TransferGetRxRingBufferLength	32	static
../drivers/fsl_lpuart.c:214:13:LPUART_TransferIsRxRingBufferFull	24	static
../drivers/fsl_lpuart.c:231:13:LPUART_WriteNonBlocking	32	static
../drivers/fsl_lpuart.c:245:13:LPUART_ReadNonBlocking	40	static
../drivers/fsl_lpuart.c:299:10:LPUART_Init	56	static
../drivers/fsl_lpuart.c:515:6:LPUART_Deinit	24	static
../drivers/fsl_lpuart.c:579:6:LPUART_GetDefaultConfig	16	static
../drivers/fsl_lpuart.c:624:10:LPUART_SetBaudRate	56	static
../drivers/fsl_lpuart.c:716:6:LPUART_Enable9bitMode	24	static
../drivers/fsl_lpuart.c:750:6:LPUART_SendAddress	24	static
../drivers/fsl_lpuart.c:772:6:LPUART_EnableInterrupts	24	static
../drivers/fsl_lpuart.c:814:6:LPUART_DisableInterrupts	24	static
../drivers/fsl_lpuart.c:862:10:LPUART_GetEnabledInterrupts	24	static
../drivers/fsl_lpuart.c:900:10:LPUART_GetStatusFlags	24	static
../drivers/fsl_lpuart.c:933:10:LPUART_ClearStatusFlags	24	static
../drivers/fsl_lpuart.c:983:10:LPUART_WriteBlocking	32	static
../drivers/fsl_lpuart.c:1048:10:LPUART_ReadBlocking	48	static
../drivers/fsl_lpuart.c:1183:6:LPUART_TransferCreateHandle	40	static
../drivers/fsl_lpuart.c:1248:6:LPUART_TransferStartRingBuffer	32	static
../drivers/fsl_lpuart.c:1277:6:LPUART_TransferStopRingBuffer	24	static
../drivers/fsl_lpuart.c:1315:10:LPUART_TransferSendNonBlocking	32	static
../drivers/fsl_lpuart.c:1358:6:LPUART_TransferAbortSend	24	static
../drivers/fsl_lpuart.c:1383:10:LPUART_TransferGetSendCount	32	static
../drivers/fsl_lpuart.c:1441:10:LPUART_TransferReceiveNonBlocking	56	static
../drivers/fsl_lpuart.c:1580:6:LPUART_TransferAbortReceive	24	static
../drivers/fsl_lpuart.c:1611:10:LPUART_TransferGetReceiveCount	32	static
../drivers/fsl_lpuart.c:1631:13:LPUART_TransferHandleIDLEReady	32	static
../drivers/fsl_lpuart.c:1684:13:LPUART_TransferHandleReceiveDataFull	40	static
../drivers/fsl_lpuart.c:1797:13:LPUART_TransferHandleSendDataEmpty	24	static
../drivers/fsl_lpuart.c:1837:13:LPUART_TransferHandleTransmissionComplete	32	static
../drivers/fsl_lpuart.c:1865:6:LPUART_TransferHandleIRQ	40	static
../drivers/fsl_lpuart.c:1923:6:LPUART_TransferHandleErrorIRQ	16	static
../drivers/fsl_lpuart.c:1992:6:LPUART0_DriverIRQHandler	8	static
../drivers/fsl_lpuart.c:2018:6:LPUART1_DriverIRQHandler	8	static
