Archive member included to satisfy reference by file (symbol)

C:/nxp/MCUXpressoIDE_11.10.0_3148/ide/plugins/com.nxp.mcuxpresso.tools.win32_11.10.0.202311280810/tools/bin/../lib/gcc/arm-none-eabi/13.2.1/../../../../arm-none-eabi/lib/thumb/v8-m.main+fp/hard\libcr_nohost_nf.a(_cr__main.o)
                              ./startup/startup_kw45b41z83.o (__main)
C:/nxp/MCUXpressoIDE_11.10.0_3148/ide/plugins/com.nxp.mcuxpresso.tools.win32_11.10.0.202311280810/tools/bin/../lib/gcc/arm-none-eabi/13.2.1/../../../../arm-none-eabi/lib/thumb/v8-m.main+fp/hard\libcr_c.a(memcpy.o)
                              ./utilities/fsl_str.o (memcpy)
C:/nxp/MCUXpressoIDE_11.10.0_3148/ide/plugins/com.nxp.mcuxpresso.tools.win32_11.10.0.202311280810/tools/bin/../lib/gcc/arm-none-eabi/13.2.1/../../../../arm-none-eabi/lib/thumb/v8-m.main+fp/hard\libcr_c.a(memset.o)
                              ./utilities/fsl_debug_console.o (memset)
C:/nxp/MCUXpressoIDE_11.10.0_3148/ide/plugins/com.nxp.mcuxpresso.tools.win32_11.10.0.202311280810/tools/bin/../lib/gcc/arm-none-eabi/13.2.1/../../../../arm-none-eabi/lib/thumb/v8-m.main+fp/hard\libcr_c.a(alloc.o)
                              ./drivers/fsl_common.o (malloc)
C:/nxp/MCUXpressoIDE_11.10.0_3148/ide/plugins/com.nxp.mcuxpresso.tools.win32_11.10.0.202311280810/tools/bin/../lib/gcc/arm-none-eabi/13.2.1/../../../../arm-none-eabi/lib/thumb/v8-m.main+fp/hard\libcr_c.a(errno.o)
                              ./utilities/fsl_str.o (errno)
C:/nxp/MCUXpressoIDE_11.10.0_3148/ide/plugins/com.nxp.mcuxpresso.tools.win32_11.10.0.202311280810/tools/bin/../lib/gcc/arm-none-eabi/13.2.1/../../../../arm-none-eabi/lib/thumb/v8-m.main+fp/hard\libcr_c.a(initio.o)
                              C:/nxp/MCUXpressoIDE_11.10.0_3148/ide/plugins/com.nxp.mcuxpresso.tools.win32_11.10.0.202311280810/tools/bin/../lib/gcc/arm-none-eabi/13.2.1/../../../../arm-none-eabi/lib/thumb/v8-m.main+fp/hard\libcr_nohost_nf.a(_cr__main.o) (_initio)
C:/nxp/MCUXpressoIDE_11.10.0_3148/ide/plugins/com.nxp.mcuxpresso.tools.win32_11.10.0.202311280810/tools/bin/../lib/gcc/arm-none-eabi/13.2.1/../../../../arm-none-eabi/lib/thumb/v8-m.main+fp/hard\libcr_c.a(scanf.o)
                              ./utilities/fsl_str.o (strtoul)
C:/nxp/MCUXpressoIDE_11.10.0_3148/ide/plugins/com.nxp.mcuxpresso.tools.win32_11.10.0.202311280810/tools/bin/../lib/gcc/arm-none-eabi/13.2.1/../../../../arm-none-eabi/lib/thumb/v8-m.main+fp/hard\libcr_c.a(setvbuf.o)
                              C:/nxp/MCUXpressoIDE_11.10.0_3148/ide/plugins/com.nxp.mcuxpresso.tools.win32_11.10.0.202311280810/tools/bin/../lib/gcc/arm-none-eabi/13.2.1/../../../../arm-none-eabi/lib/thumb/v8-m.main+fp/hard\libcr_c.a(initio.o) (setvbuf)
C:/nxp/MCUXpressoIDE_11.10.0_3148/ide/plugins/com.nxp.mcuxpresso.tools.win32_11.10.0.202311280810/tools/bin/../lib/gcc/arm-none-eabi/13.2.1/../../../../arm-none-eabi/lib/thumb/v8-m.main+fp/hard\libcr_c.a(strlen.o)
                              ./utilities/fsl_str.o (strlen)
C:/nxp/MCUXpressoIDE_11.10.0_3148/ide/plugins/com.nxp.mcuxpresso.tools.win32_11.10.0.202311280810/tools/bin/../lib/gcc/arm-none-eabi/13.2.1/../../../../arm-none-eabi/lib/thumb/v8-m.main+fp/hard\libcr_c.a(ungetc.o)
                              C:/nxp/MCUXpressoIDE_11.10.0_3148/ide/plugins/com.nxp.mcuxpresso.tools.win32_11.10.0.202311280810/tools/bin/../lib/gcc/arm-none-eabi/13.2.1/../../../../arm-none-eabi/lib/thumb/v8-m.main+fp/hard\libcr_c.a(scanf.o) (ungetc)
C:/nxp/MCUXpressoIDE_11.10.0_3148/ide/plugins/com.nxp.mcuxpresso.tools.win32_11.10.0.202311280810/tools/bin/../lib/gcc/arm-none-eabi/13.2.1/../../../../arm-none-eabi/lib/thumb/v8-m.main+fp/hard\libcr_c.a(__fillbuf.o)
                              C:/nxp/MCUXpressoIDE_11.10.0_3148/ide/plugins/com.nxp.mcuxpresso.tools.win32_11.10.0.202311280810/tools/bin/../lib/gcc/arm-none-eabi/13.2.1/../../../../arm-none-eabi/lib/thumb/v8-m.main+fp/hard\libcr_c.a(scanf.o) (__filbuf)
C:/nxp/MCUXpressoIDE_11.10.0_3148/ide/plugins/com.nxp.mcuxpresso.tools.win32_11.10.0.202311280810/tools/bin/../lib/gcc/arm-none-eabi/13.2.1/../../../../arm-none-eabi/lib/thumb/v8-m.main+fp/hard\libcr_c.a(__init_alloc.o)
                              C:/nxp/MCUXpressoIDE_11.10.0_3148/ide/plugins/com.nxp.mcuxpresso.tools.win32_11.10.0.202311280810/tools/bin/../lib/gcc/arm-none-eabi/13.2.1/../../../../arm-none-eabi/lib/thumb/v8-m.main+fp/hard\libcr_c.a(alloc.o) (__heaps)
C:/nxp/MCUXpressoIDE_11.10.0_3148/ide/plugins/com.nxp.mcuxpresso.tools.win32_11.10.0.202311280810/tools/bin/../lib/gcc/arm-none-eabi/13.2.1/../../../../arm-none-eabi/lib/thumb/v8-m.main+fp/hard\libcr_c.a(_cr_sbrk.o)
                              C:/nxp/MCUXpressoIDE_11.10.0_3148/ide/plugins/com.nxp.mcuxpresso.tools.win32_11.10.0.202311280810/tools/bin/../lib/gcc/arm-none-eabi/13.2.1/../../../../arm-none-eabi/lib/thumb/v8-m.main+fp/hard\libcr_c.a(alloc.o) (_sbrk)
[...]
Memory Configuration

Name             Origin             Length             Attributes
PROGRAM_FLASH    0x00000000         0x00100000         xr
TCM_SYS          0x20000000         0x0001c000         xrw
TCM_CODE         0x04000000         0x00004000         xrw
*default*        0x00000000         0xffffffff

Linker script and memory map

LOAD ./utilities/fsl_assert.o
LOAD ./utilities/fsl_debug_console.o
LOAD ./utilities/fsl_str.o
LOAD ./startup/startup_kw45b41z83.o
LOAD ./source/semihost_hardfault.o
LOAD ./source/timer_blink.o
LOAD ./drivers/fsl_ccm32k.o
LOAD ./drivers/fsl_clock.o
LOAD ./drivers/fsl_common.o
LOAD ./drivers/fsl_common_arm.o
LOAD ./drivers/fsl_gpio.o
LOAD ./drivers/fsl_lpit.o
LOAD ./drivers/fsl_lpuart.o
LOAD ./drivers/fsl_spc.o
LOAD ./device/system_KW45B41Z83.o
LOAD ./component/uart/fsl_adapter_lpuart.o
LOAD ./component/serial_manager/fsl_component_serial_manager.o
LOAD ./component/serial_manager/fsl_component_serial_port_uart.o
LOAD ./component/lists/fsl_component_generic_list.o
LOAD ./board/board.o
LOAD ./board/clock_config.o
LOAD ./board/peripherals.o
LOAD ./board/pin_mux.o
START GROUP
LOAD C:/nxp/MCUXpressoIDE_11.10.0_3148/ide/plugins/com.nxp.mcuxpresso.tools.win32_11.10.0.202311280810/tools/bin/../lib/gcc/arm-none-eabi/13.2.1/../../../../arm-none-eabi/lib/thumb/v8-m.main+fp/hard\libcr_nohost_nf.a
LOAD C:/nxp/MCUXpressoIDE_11.10.0_3148/ide/plugins/com.nxp.mcuxpresso.tools.win32_11.10.0.202311280810/tools/bin/../lib/gcc/arm-none-eabi/13.2.1/../../../../arm-none-eabi/lib/thumb/v8-m.main+fp/hard\libcr_c.a
LOAD C:/nxp/MCUXpressoIDE_11.10.0_3148/ide/plugins/com.nxp.mcuxpresso.tools.win32_11.10.0.202311280810/tools/bin/../lib/gcc/arm-none-eabi/13.2.1/thumb/v8-m.main+fp/hard\libcr_eabihelpers.a
LOAD C:/nxp/MCUXpressoIDE_11.10.0_3148/ide/plugins/com.nxp.mcuxpresso.tools.win32_11.10.0.202311280810/tools/bin/../lib/gcc/arm-none-eabi/13.2.1/thumb/v8-m.main+fp/hard\libgcc.a
END GROUP
                0x00000000                        __base_PROGRAM_FLASH = 0x0
                0x00000000                        __base_Flash = 0x0
                0x00100000                        __top_PROGRAM_FLASH = 0x100000
                0x00100000                        __top_Flash = 0x100000
                0x20000000                        __base_TCM_SYS = 0x20000000
                0x20000000                        __base_RAM = 0x20000000
                0x2001c000                        __top_TCM_SYS = 0x2001c000
                0x2001c000                        __top_RAM = 0x2001c000
                0x04000000                        __base_TCM_CODE = 0x4000000
                0x04000000                        __base_RAM2 = 0x4000000
                0x04004000                        __top_TCM_CODE = 0x4004000
                0x04004000                        __top_RAM2 = 0x4004000

.text           0x00000000     0x3968
 FILL mask 0xff
                0x00000000                        __vectors_start__ = ABSOLUTE (.)
 *(SORT_BY_ALIGNMENT(.isr_vector))
 .isr_vector    0x00000000      0x16c ./startup/startup_kw45b41z83.o
                0x00000000                g_pfnVectors
                0x00000000                __Vectors
                0x0000016c                        . = ALIGN (0x4)
                0x0000016c                        __section_table_start = .
                0x0000016c                        __data_section_table = .
                0x0000016c        0x4 LONG 0x3968 LOADADDR (.data)
                0x00000170        0x4 LONG 0x20000000 ADDR (.data)
                0x00000174        0x4 LONG 0x4 SIZEOF (.data)
                0x00000178        0x4 LONG 0x3968 LOADADDR (.data_RAM2)
                0x0000017c        0x4 LONG 0x4000000 ADDR (.data_RAM2)
                0x00000180        0x4 LONG 0x0 SIZEOF (.data_RAM2)
                0x00000184                        __data_section_table_end = .
                0x00000184                        __bss_section_table = .
                0x00000184        0x4 LONG 0x20000004 ADDR (.bss)
                0x00000188        0x4 LONG 0xf8 SIZEOF (.bss)
                0x0000018c        0x4 LONG 0x4000000 ADDR (.bss_RAM2)
                0x00000190        0x4 LONG 0x0 SIZEOF (.bss_RAM2)
                0x00000194                        __bss_section_table_end = .
                0x00000194                        __section_table_end = .
 *(SORT_BY_ALIGNMENT(.after_vectors*))
 .after_vectors.reset
                0x00000194       0xbc ./startup/startup_kw45b41z83.o
                0x00000194                ResetISR
 .after_vectors.init_data
                0x00000250       0x1e ./startup/startup_kw45b41z83.o
                0x00000250                data_init
 .after_vectors.init_bss
                0x0000026e       0x12 ./startup/startup_kw45b41z83.o
                0x0000026e                bss_init
 .after_vectors
                0x00000280       0x16 ./startup/startup_kw45b41z83.o
                0x00000280                NMI_Handler
                0x00000284                MemManage_Handler
                0x00000286                BusFault_Handler
                0x00000288                UsageFault_Handler
                0x0000028a                SecureFault_Handler
                0x0000028c                SVC_Handler
                0x0000028e                DebugMon_Handler
                0x00000290                PendSV_Handler
                0x00000292                SysTick_Handler
                0x00000294                LPI2C0_DriverIRQHandler
                0x00000294                EWM0_DriverIRQHandler
                0x00000294                RF_LANT_SW_DriverIRQHandler
                0x00000294                TRDC0_DriverIRQHandler
                0x00000294                RTC_Seconds_DriverIRQHandler
                0x00000294                ELE_NONSECURE_DriverIRQHandler
                0x00000294                GPIOB_INT1_DriverIRQHandler
                0x00000294                PORTB_EFT_DriverIRQHandler
                0x00000294                FLEXIO0_DriverIRQHandler
                0x00000294                GPIOA_INT0_DriverIRQHandler
                0x00000294                Reserved69_DriverIRQHandler
                0x00000294                CMC0_DriverIRQHandler
                0x00000294                RF_IMU1_DriverIRQHandler
                0x00000294                RF_BRIC_DriverIRQHandler
                0x00000294                LPCMP1_DriverIRQHandler
                0x00000294                IntDefaultHandler
                0x00000294                DMA0_DriverIRQHandler
                0x00000294                MSCM0_DriverIRQHandler
                0x00000294                DSB_DriverIRQHandler
                0x00000294                LPTMR0_DriverIRQHandler
                0x00000294                ELE_SECURE_DriverIRQHandler
                0x00000294                GPIOA_INT1_DriverIRQHandler
                0x00000294                TPM0_DriverIRQHandler
                0x00000294                RTC_Alarm_DriverIRQHandler
                0x00000294                WDOG1_DriverIRQHandler
                0x00000294                RF_FMU_DriverIRQHandler
                0x00000294                MCM0_DriverIRQHandler
                0x00000294                SFA0_DriverIRQHandler
                0x00000294                RF_WOR_DriverIRQHandler
                0x00000294                I3C0_DriverIRQHandler
                0x00000294                GPIOD_INT0_DriverIRQHandler
                0x00000294                RF_IMU0_DriverIRQHandler
                0x00000294                TPM1_DriverIRQHandler
                0x00000294                ELE_CMD_DriverIRQHandler
                0x00000294                LPSPI0_DriverIRQHandler
                0x00000294                CTI_DriverIRQHandler
                0x00000294                VBAT_DriverIRQHandler
                0x00000294                RF_NBU_DriverIRQHandler
                0x00000294                GPIOC_INT1_DriverIRQHandler
                0x00000294                PORTA_EFT_DriverIRQHandler
                0x00000294                PORTC_EFT_DriverIRQHandler
                0x00000294                GPIOC_INT0_DriverIRQHandler
                0x00000294                LPI2C1_DriverIRQHandler
                0x00000294                FMU0_DriverIRQHandler
                0x00000294                RFMC_DriverIRQHandler
                0x00000294                LPTMR1_DriverIRQHandler
                0x00000294                LPSPI1_DriverIRQHandler
                0x00000294                LPCMP0_DriverIRQHandler
                0x00000294                LPIT0_DriverIRQHandler
                0x00000294                GPIOD_INT1_DriverIRQHandler
                0x00000294                ADC0_DriverIRQHandler
                0x00000294                PORTD_EFT_DriverIRQHandler
                0x00000294                WDOG0_DriverIRQHandler
                0x00000294                GPIOB_INT0_DriverIRQHandler
                0x00000294                CAN0_DriverIRQHandler
                0x00000294                RF_Generic_DriverIRQHandler
                0x00000294                SPC0_DriverIRQHandler
                0x00000294                WUU0_DriverIRQHandler
                0x00000294                SCG0_DriverIRQHandler
 *(SORT_BY_ALIGNMENT(.text*))
 *fill*         0x00000296        0x2 ff
 .text.__assertion_failed
                0x00000298       0x2c ./utilities/fsl_assert.o
                0x00000298                __assertion_failed
 .text.DbgConsole_SendDataReliable
                0x000002c4       0x54 ./utilities/fsl_debug_console.o
                0x000002c4                DbgConsole_SendDataReliable
 .text.DbgConsole_Init
                0x00000318      0x12c ./utilities/fsl_debug_console.o
                0x00000318                DbgConsole_Init
 .text.DbgConsole_Vprintf
                0x00000444       0x68 ./utilities/fsl_debug_console.o
                0x00000444                DbgConsole_Vprintf
 .text.LPIT0_IRQHandler
                0x000004ac       0x40 ./source/timer_blink.o
                0x000004ac                LPIT0_IRQHandler
 .text.main     0x000004ec       0x34 ./source/timer_blink.o
                0x000004ec                main
 .text.CCM32K_Set32kOscConfig
                0x00000520       0xd0 ./drivers/fsl_ccm32k.o
                0x00000520                CCM32K_Set32kOscConfig
 .text.CLOCK_GetCurSysClkConfig
                0x000005f0       0x30 ./drivers/fsl_clock.o
 .text.CLOCK_SetSysOscMonitorMode
                0x00000620       0x34 ./drivers/fsl_clock.o
 .text.CLOCK_GetFreq
                0x00000654       0x8c ./drivers/fsl_clock.o
                0x00000654                CLOCK_GetFreq
 .text.CLOCK_GetSysClkFreq
                0x000006e0       0xc8 ./drivers/fsl_clock.o
                0x000006e0                CLOCK_GetSysClkFreq
 .text.CLOCK_InitSysOsc
                0x000007a8       0x5c ./drivers/fsl_clock.o
                0x000007a8                CLOCK_InitSysOsc
 .text.CLOCK_DeinitSysOsc
                0x00000804       0x44 ./drivers/fsl_clock.o
                0x00000804                CLOCK_DeinitSysOsc
 .text.CLOCK_GetSysOscFreq
                0x00000848       0x38 ./drivers/fsl_clock.o
                0x00000848                CLOCK_GetSysOscFreq
 .text.CLOCK_InitSirc
                0x00000880       0x50 ./drivers/fsl_clock.o
                0x00000880                CLOCK_InitSirc
 .text.CLOCK_DeinitSirc
                0x000008d0       0x44 ./drivers/fsl_clock.o
                0x000008d0                CLOCK_DeinitSirc
 .text.CLOCK_GetSircFreq
                0x00000914       0x2c ./drivers/fsl_clock.o
                0x00000914                CLOCK_GetSircFreq
 .text.CLOCK_InitFirc
                0x00000940       0xcc ./drivers/fsl_clock.o
                0x00000940                CLOCK_InitFirc
 .text.CLOCK_DeinitFirc
                0x00000a0c       0x44 ./drivers/fsl_clock.o
                0x00000a0c                CLOCK_DeinitFirc
 .text.CLOCK_GetFircFreq
                0x00000a50       0x3c ./drivers/fsl_clock.o
                0x00000a50                CLOCK_GetFircFreq
 .text.CLOCK_GetRtcOscFreq
                0x00000a8c       0x38 ./drivers/fsl_clock.o
                0x00000a8c                CLOCK_GetRtcOscFreq
 .text.GPIO_PinInit
                0x00000ac4       0x64 ./drivers/fsl_gpio.o
                0x00000ac4                GPIO_PinInit
 .text.LPIT_GetInstance
                0x00000b28       0x44 ./drivers/fsl_lpit.o
                0x00000b28                LPIT_GetInstance
 .text.LPIT_Init
                0x00000b6c       0x5c ./drivers/fsl_lpit.o
                0x00000b6c                LPIT_Init
 .text.LPIT_SetupChannel
                0x00000bc8       0xa8 ./drivers/fsl_lpit.o
                0x00000bc8                LPIT_SetupChannel
 .text.LPUART_GetInstance
                0x00000c70       0x4c ./drivers/fsl_lpuart.o
                0x00000c70                LPUART_GetInstance
 .text.LPUART_Init
                0x00000cbc      0x310 ./drivers/fsl_lpuart.o
                0x00000cbc                LPUART_Init
 .text.LPUART_GetDefaultConfig
                0x00000fcc       0x88 ./drivers/fsl_lpuart.o
                0x00000fcc                LPUART_GetDefaultConfig
 .text.LPUART_WriteBlocking
                0x00001054       0x68 ./drivers/fsl_lpuart.o
                0x00001054                LPUART_WriteBlocking
 .text.LPUART0_DriverIRQHandler
                0x000010bc       0x24 ./drivers/fsl_lpuart.o
                0x000010bc                LPUART0_DriverIRQHandler
 .text.LPUART1_DriverIRQHandler
                0x000010e0       0x24 ./drivers/fsl_lpuart.o
                0x000010e0                LPUART1_DriverIRQHandler
 .text.SPC_SetActiveModeCoreLDORegulatorConfig
                0x00001104       0xb0 ./drivers/fsl_spc.o
                0x00001104                SPC_SetActiveModeCoreLDORegulatorConfig
 .text.SystemInit
                0x000011b4       0xa0 ./device/system_KW45B41Z83.o
                0x000011b4                SystemInit
 .text.HAL_UartInitCommon
                0x00001254       0xe0 ./component/uart/fsl_adapter_lpuart.o
 .text.HAL_UartInit
                0x00001334       0x84 ./component/uart/fsl_adapter_lpuart.o
                0x00001334                HAL_UartInit
 .text.HAL_UartSendBlocking
                0x000013b8       0x64 ./component/uart/fsl_adapter_lpuart.o
                0x000013b8                HAL_UartSendBlocking
 .text.CLOCK_SetIpSrc
                0x0000141c       0x54 ./board/board.o
 .text.BOARD_InitDebugConsole
                0x00001470       0x30 ./board/board.o
                0x00001470                BOARD_InitDebugConsole
 .text.CLOCK_SetIpSrc
                0x000014a0       0x54 ./board/clock_config.o
 .text.CLOCK_SetIpSrcDiv
                0x000014f4       0x54 ./board/clock_config.o
 .text.CLOCK_SetRunModeSysClkConfig
                0x00001548       0x30 ./board/clock_config.o
 .text.CLOCK_GetCurSysClkConfig
                0x00001578       0x30 ./board/clock_config.o
 .text.CLOCK_UnlockSysOscControlStatusReg
                0x000015a8       0x20 ./board/clock_config.o
 .text.CLOCK_UnlockSircControlStatusReg
                0x000015c8       0x20 ./board/clock_config.o
 .text.CLOCK_UnlockFircControlStatusReg
                0x000015e8       0x20 ./board/clock_config.o
 .text.CLOCK_SetRoscMonitorMode
                0x00001608       0x34 ./board/clock_config.o
 .text.CLOCK_IsRoscValid
                0x0000163c       0x24 ./board/clock_config.o
 .text.CLOCK_UnlockRoscControlStatusReg
                0x00001660       0x20 ./board/clock_config.o
 .text.CLOCK_SetXtal0Freq
                0x00001680       0x20 ./board/clock_config.o
 .text.CLOCK_SetXtal32Freq
                0x000016a0       0x20 ./board/clock_config.o
 .text.CCM32K_SelectClockSource
                0x000016c0       0x58 ./board/clock_config.o
 .text.CLOCK_CONFIG_SetScgOutSel
                0x00001718       0x28 ./board/clock_config.o
 .text.BOARD_BootClockRUN
                0x00001740      0x15c ./board/clock_config.o
                0x00001740                BOARD_BootClockRUN
 .text.__NVIC_EnableIRQ
                0x0000189c       0x3c ./board/peripherals.o
 .text.LPIT_SetTimerPeriod
                0x000018d8       0x38 ./board/peripherals.o
 .text.LPIT0_init
                0x00001910       0x4c ./board/peripherals.o
 .text.PORT_SetPinConfig
                0x0000195c       0x38 ./board/pin_mux.o
 .text.BOARD_InitPins
                0x00001994       0x70 ./board/pin_mux.o
                0x00001994                BOARD_InitPins
 .text.BOARD_InitDEBUG_UARTPins
                0x00001a04       0x50 ./board/pin_mux.o
                0x00001a04                BOARD_InitDEBUG_UARTPins
 .text._initio  0x00001a54       0x78 C:/nxp/MCUXpressoIDE_11.10.0_3148/ide/plugins/com.nxp.mcuxpresso.tools.win32_11.10.0.202311280810/tools/bin/../lib/gcc/arm-none-eabi/13.2.1/../../../../arm-none-eabi/lib/thumb/v8-m.main+fp/hard\libcr_c.a(initio.o)
                0x00001a54                _initio
 .text._Cwritebuf
                0x00001acc       0x6c C:/nxp/MCUXpressoIDE_11.10.0_3148/ide/plugins/com.nxp.mcuxpresso.tools.win32_11.10.0.202311280810/tools/bin/../lib/gcc/arm-none-eabi/13.2.1/../../../../arm-none-eabi/lib/thumb/v8-m.main+fp/hard\libcr_c.a(_writebuf.o)
                0x00001acc                _Cwritebuf
 .text.fflush   0x00001b38       0x3c C:/nxp/MCUXpressoIDE_11.10.0_3148/ide/plugins/com.nxp.mcuxpresso.tools.win32_11.10.0.202311280810/tools/bin/../lib/gcc/arm-none-eabi/13.2.1/../../../../arm-none-eabi/lib/thumb/v8-m.main+fp/hard\libcr_c.a(fflush.o)
                0x00001b38                fflush
 .text.fseek    0x00001b74       0xf8 C:/nxp/MCUXpressoIDE_11.10.0_3148/ide/plugins/com.nxp.mcuxpresso.tools.win32_11.10.0.202311280810/tools/bin/../lib/gcc/arm-none-eabi/13.2.1/../../../../arm-none-eabi/lib/thumb/v8-m.main+fp/hard\libcr_c.a(fseek.o)
                0x00001b74                fseek
 .text.ftell    0x00001c6c       0x44 C:/nxp/MCUXpressoIDE_11.10.0_3148/ide/plugins/com.nxp.mcuxpresso.tools.win32_11.10.0.202311280810/tools/bin/../lib/gcc/arm-none-eabi/13.2.1/../../../../arm-none-eabi/lib/thumb/v8-m.main+fp/hard\libcr_c.a(ftell.o)
                0x00001c6c                ftell
 .text.fsl_assert_hook
                0x00001cb0       0x1a ./utilities/fsl_assert.o
                0x00001cb0                fsl_assert_hook
 .text.DbgConsole_PrintCallback
                0x00001cca       0x66 ./utilities/fsl_debug_console.o
 .text.DbgConsole_Printf
                0x00001d30       0x2c ./utilities/fsl_debug_console.o
                0x00001d30                DbgConsole_Printf
 .text.PrintGetWidth
                0x00001d5c       0x6a ./utilities/fsl_str.o
 .text.PrintGetPrecision
                0x00001dc6       0x8c ./utilities/fsl_str.o
 .text.PrintIsobpu
                0x00001e52       0x38 ./utilities/fsl_str.o
 .text.PrintIsdi
                0x00001e8a       0x2c ./utilities/fsl_str.o
 .text.PrintOutputdifFobpu
                0x00001eb6       0x44 ./utilities/fsl_str.o
 .text.PrintOutputxX
                0x00001efa       0x44 ./utilities/fsl_str.o
 .text.PrintIsfF
                0x00001f3e       0x2c ./utilities/fsl_str.o
 .text.PrintIsxX
                0x00001f6a       0x2c ./utilities/fsl_str.o
 .text.PrintFilterLengthFlag
                0x00001f96       0x3e ./utilities/fsl_str.o
 .text.PrintGetRadixFromobpu
                0x00001fd4       0x40 ./utilities/fsl_str.o
 .text.ConvertRadixNumToString
                0x00002014       0xc2 ./utilities/fsl_str.o
 .text.StrFormatExaminedi
                0x000020d6       0x26 ./utilities/fsl_str.o
 .text.StrFormatExaminexX
                0x000020fc       0x26 ./utilities/fsl_str.o
 .text.StrFormatExamineobpu
                0x00002122       0x26 ./utilities/fsl_str.o
 .text.ConvertPrecisionWidthToLength
                0x00002148       0x20 ./utilities/fsl_str.o
 .text.StrFormatPrintf
                0x00002168      0x2bc ./utilities/fsl_str.o
                0x00002168                StrFormatPrintf
 .text.CTI_IRQHandler
                0x00002424        0x8 ./startup/startup_kw45b41z83.o
                0x00002424                CTI_IRQHandler
 .text.CMC0_IRQHandler
                0x0000242c        0x8 ./startup/startup_kw45b41z83.o
                0x0000242c                CMC0_IRQHandler
 .text.DMA0_CH0_IRQHandler
                0x00002434        0x8 ./startup/startup_kw45b41z83.o
                0x00002434                DMA0_CH0_IRQHandler
 .text.DMA0_CH1_IRQHandler
                0x0000243c        0x8 ./startup/startup_kw45b41z83.o
                0x0000243c                DMA0_CH1_IRQHandler
 .text.DMA0_CH2_IRQHandler
                0x00002444        0x8 ./startup/startup_kw45b41z83.o
                0x00002444                DMA0_CH2_IRQHandler
 .text.DMA0_CH3_IRQHandler
                0x0000244c        0x8 ./startup/startup_kw45b41z83.o
                0x0000244c                DMA0_CH3_IRQHandler
 .text.DMA0_CH4_IRQHandler
                0x00002454        0x8 ./startup/startup_kw45b41z83.o
                0x00002454                DMA0_CH4_IRQHandler
 .text.DMA0_CH5_IRQHandler
                0x0000245c        0x8 ./startup/startup_kw45b41z83.o
                0x0000245c                DMA0_CH5_IRQHandler
 .text.DMA0_CH6_IRQHandler
                0x00002464        0x8 ./startup/startup_kw45b41z83.o
                0x00002464                DMA0_CH6_IRQHandler
 .text.DMA0_CH7_IRQHandler
                0x0000246c        0x8 ./startup/startup_kw45b41z83.o
                0x0000246c                DMA0_CH7_IRQHandler
 .text.DMA0_CH8_IRQHandler
                0x00002474        0x8 ./startup/startup_kw45b41z83.o
                0x00002474                DMA0_CH8_IRQHandler
 .text.DMA0_CH9_IRQHandler
                0x0000247c        0x8 ./startup/startup_kw45b41z83.o
                0x0000247c                DMA0_CH9_IRQHandler
 .text.DMA0_CH10_IRQHandler
                0x00002484        0x8 ./startup/startup_kw45b41z83.o
                0x00002484                DMA0_CH10_IRQHandler
 .text.DMA0_CH11_IRQHandler
                0x0000248c        0x8 ./startup/startup_kw45b41z83.o
                0x0000248c                DMA0_CH11_IRQHandler
 .text.DMA0_CH12_IRQHandler
                0x00002494        0x8 ./startup/startup_kw45b41z83.o
                0x00002494                DMA0_CH12_IRQHandler
 .text.DMA0_CH13_IRQHandler
                0x0000249c        0x8 ./startup/startup_kw45b41z83.o
                0x0000249c                DMA0_CH13_IRQHandler
 .text.DMA0_CH14_IRQHandler
                0x000024a4        0x8 ./startup/startup_kw45b41z83.o
                0x000024a4                DMA0_CH14_IRQHandler
 .text.DMA0_CH15_IRQHandler
                0x000024ac        0x8 ./startup/startup_kw45b41z83.o
                0x000024ac                DMA0_CH15_IRQHandler
 .text.EWM0_IRQHandler
                0x000024b4        0x8 ./startup/startup_kw45b41z83.o
                0x000024b4                EWM0_IRQHandler
 .text.MCM0_IRQHandler
                0x000024bc        0x8 ./startup/startup_kw45b41z83.o
                0x000024bc                MCM0_IRQHandler
 .text.MSCM0_IRQHandler
                0x000024c4        0x8 ./startup/startup_kw45b41z83.o
                0x000024c4                MSCM0_IRQHandler
 .text.SPC0_IRQHandler
                0x000024cc        0x8 ./startup/startup_kw45b41z83.o
                0x000024cc                SPC0_IRQHandler
 .text.WUU0_IRQHandler
                0x000024d4        0x8 ./startup/startup_kw45b41z83.o
                0x000024d4                WUU0_IRQHandler
 .text.WDOG0_IRQHandler
                0x000024dc        0x8 ./startup/startup_kw45b41z83.o
                0x000024dc                WDOG0_IRQHandler
 .text.WDOG1_IRQHandler
                0x000024e4        0x8 ./startup/startup_kw45b41z83.o
                0x000024e4                WDOG1_IRQHandler
 .text.SCG0_IRQHandler
                0x000024ec        0x8 ./startup/startup_kw45b41z83.o
                0x000024ec                SCG0_IRQHandler
 .text.SFA0_IRQHandler
                0x000024f4        0x8 ./startup/startup_kw45b41z83.o
                0x000024f4                SFA0_IRQHandler
 .text.FMU0_IRQHandler
                0x000024fc        0x8 ./startup/startup_kw45b41z83.o
                0x000024fc                FMU0_IRQHandler
 .text.ELE_CMD_IRQHandler
                0x00002504        0x8 ./startup/startup_kw45b41z83.o
                0x00002504                ELE_CMD_IRQHandler
 .text.ELE_SECURE_IRQHandler
                0x0000250c        0x8 ./startup/startup_kw45b41z83.o
                0x0000250c                ELE_SECURE_IRQHandler
 .text.ELE_NONSECURE_IRQHandler
                0x00002514        0x8 ./startup/startup_kw45b41z83.o
                0x00002514                ELE_NONSECURE_IRQHandler
 .text.TRDC0_IRQHandler
                0x0000251c        0x8 ./startup/startup_kw45b41z83.o
                0x0000251c                TRDC0_IRQHandler
 .text.RTC_Alarm_IRQHandler
                0x00002524        0x8 ./startup/startup_kw45b41z83.o
                0x00002524                RTC_Alarm_IRQHandler
 .text.RTC_Seconds_IRQHandler
                0x0000252c        0x8 ./startup/startup_kw45b41z83.o
                0x0000252c                RTC_Seconds_IRQHandler
 .text.LPTMR0_IRQHandler
                0x00002534        0x8 ./startup/startup_kw45b41z83.o
                0x00002534                LPTMR0_IRQHandler
 .text.LPTMR1_IRQHandler
                0x0000253c        0x8 ./startup/startup_kw45b41z83.o
                0x0000253c                LPTMR1_IRQHandler
 .text.TPM0_IRQHandler
                0x00002544        0x8 ./startup/startup_kw45b41z83.o
                0x00002544                TPM0_IRQHandler
 .text.TPM1_IRQHandler
                0x0000254c        0x8 ./startup/startup_kw45b41z83.o
                0x0000254c                TPM1_IRQHandler
 .text.LPI2C0_IRQHandler
                0x00002554        0x8 ./startup/startup_kw45b41z83.o
                0x00002554                LPI2C0_IRQHandler
 .text.LPI2C1_IRQHandler
                0x0000255c        0x8 ./startup/startup_kw45b41z83.o
                0x0000255c                LPI2C1_IRQHandler
 .text.I3C0_IRQHandler
                0x00002564        0x8 ./startup/startup_kw45b41z83.o
                0x00002564                I3C0_IRQHandler
 .text.LPSPI0_IRQHandler
                0x0000256c        0x8 ./startup/startup_kw45b41z83.o
                0x0000256c                LPSPI0_IRQHandler
 .text.LPSPI1_IRQHandler
                0x00002574        0x8 ./startup/startup_kw45b41z83.o
                0x00002574                LPSPI1_IRQHandler
 .text.LPUART0_IRQHandler
                0x0000257c        0x8 ./startup/startup_kw45b41z83.o
                0x0000257c                LPUART0_IRQHandler
 .text.LPUART1_IRQHandler
                0x00002584        0x8 ./startup/startup_kw45b41z83.o
                0x00002584                LPUART1_IRQHandler
 .text.FLEXIO0_IRQHandler
                0x0000258c        0x8 ./startup/startup_kw45b41z83.o
                0x0000258c                FLEXIO0_IRQHandler
 .text.CAN0_IRQHandler
                0x00002594        0x8 ./startup/startup_kw45b41z83.o
                0x00002594                CAN0_IRQHandler
 .text.RF_IMU0_IRQHandler
                0x0000259c        0x8 ./startup/startup_kw45b41z83.o
                0x0000259c                RF_IMU0_IRQHandler
 .text.RF_IMU1_IRQHandler
                0x000025a4        0x8 ./startup/startup_kw45b41z83.o
                0x000025a4                RF_IMU1_IRQHandler
 .text.RF_NBU_IRQHandler
                0x000025ac        0x8 ./startup/startup_kw45b41z83.o
                0x000025ac                RF_NBU_IRQHandler
 .text.RF_FMU_IRQHandler
                0x000025b4        0x8 ./startup/startup_kw45b41z83.o
                0x000025b4                RF_FMU_IRQHandler
 .text.RF_WOR_IRQHandler
                0x000025bc        0x8 ./startup/startup_kw45b41z83.o
                0x000025bc                RF_WOR_IRQHandler
 .text.Reserved69_IRQHandler
                0x000025c4        0x8 ./startup/startup_kw45b41z83.o
                0x000025c4                Reserved69_IRQHandler
 .text.RF_Generic_IRQHandler
                0x000025cc        0x8 ./startup/startup_kw45b41z83.o
                0x000025cc                RF_Generic_IRQHandler
 .text.RF_BRIC_IRQHandler
                0x000025d4        0x8 ./startup/startup_kw45b41z83.o
                0x000025d4                RF_BRIC_IRQHandler
 .text.RF_LANT_SW_IRQHandler
                0x000025dc        0x8 ./startup/startup_kw45b41z83.o
                0x000025dc                RF_LANT_SW_IRQHandler
 .text.RFMC_IRQHandler
                0x000025e4        0x8 ./startup/startup_kw45b41z83.o
                0x000025e4                RFMC_IRQHandler
 .text.DSB_IRQHandler
                0x000025ec        0x8 ./startup/startup_kw45b41z83.o
                0x000025ec                DSB_IRQHandler
 .text.GPIOA_INT0_IRQHandler
                0x000025f4        0x8 ./startup/startup_kw45b41z83.o
                0x000025f4                GPIOA_INT0_IRQHandler
 .text.GPIOA_INT1_IRQHandler
                0x000025fc        0x8 ./startup/startup_kw45b41z83.o
                0x000025fc                GPIOA_INT1_IRQHandler
 .text.GPIOB_INT0_IRQHandler
                0x00002604        0x8 ./startup/startup_kw45b41z83.o
                0x00002604                GPIOB_INT0_IRQHandler
 .text.GPIOB_INT1_IRQHandler
                0x0000260c        0x8 ./startup/startup_kw45b41z83.o
                0x0000260c                GPIOB_INT1_IRQHandler
 .text.GPIOC_INT0_IRQHandler
                0x00002614        0x8 ./startup/startup_kw45b41z83.o
                0x00002614                GPIOC_INT0_IRQHandler
 .text.GPIOC_INT1_IRQHandler
                0x0000261c        0x8 ./startup/startup_kw45b41z83.o
                0x0000261c                GPIOC_INT1_IRQHandler
 .text.GPIOD_INT0_IRQHandler
                0x00002624        0x8 ./startup/startup_kw45b41z83.o
                0x00002624                GPIOD_INT0_IRQHandler
 .text.GPIOD_INT1_IRQHandler
                0x0000262c        0x8 ./startup/startup_kw45b41z83.o
                0x0000262c                GPIOD_INT1_IRQHandler
 .text.PORTA_EFT_IRQHandler
                0x00002634        0x8 ./startup/startup_kw45b41z83.o
                0x00002634                PORTA_EFT_IRQHandler
 .text.PORTB_EFT_IRQHandler
                0x0000263c        0x8 ./startup/startup_kw45b41z83.o
                0x0000263c                PORTB_EFT_IRQHandler
 .text.PORTC_EFT_IRQHandler
                0x00002644        0x8 ./startup/startup_kw45b41z83.o
                0x00002644                PORTC_EFT_IRQHandler
 .text.PORTD_EFT_IRQHandler
                0x0000264c        0x8 ./startup/startup_kw45b41z83.o
                0x0000264c                PORTD_EFT_IRQHandler
 .text.ADC0_IRQHandler
                0x00002654        0x8 ./startup/startup_kw45b41z83.o
                0x00002654                ADC0_IRQHandler
 .text.LPCMP0_IRQHandler
                0x0000265c        0x8 ./startup/startup_kw45b41z83.o
                0x0000265c                LPCMP0_IRQHandler
 .text.LPCMP1_IRQHandler
                0x00002664        0x8 ./startup/startup_kw45b41z83.o
                0x00002664                LPCMP1_IRQHandler
 .text.VBAT_IRQHandler
                0x0000266c        0x8 ./startup/startup_kw45b41z83.o
                0x0000266c                VBAT_IRQHandler
 .text.HardFault_Handler
                0x00002674       0x36 ./source/semihost_hardfault.o
                0x00002674                HardFault_Handler
 .text.GPIO_PortToggle
                0x000026aa       0x1c ./source/timer_blink.o
 .text.LPIT_GetStatusFlags
                0x000026c6       0x18 ./source/timer_blink.o
 .text.LPIT_ClearStatusFlags
                0x000026de       0x1c ./source/timer_blink.o
 .text.CCM32K_GetStatusFlag
                0x000026fa       0x18 ./drivers/fsl_ccm32k.o
 .text.CCM32K_Enable32kFro
                0x00002712       0x46 ./drivers/fsl_ccm32k.o
                0x00002712                CCM32K_Enable32kFro
 .text.CCM32K_GetClockSource
                0x00002758       0x3e ./drivers/fsl_ccm32k.o
                0x00002758                CCM32K_GetClockSource
 .text.GPIO_PinWrite
                0x00002796       0x36 ./drivers/fsl_gpio.o
 .text.CLOCK_EnableClock
                0x000027cc       0x6c ./drivers/fsl_lpit.o
 .text.LPIT_Reset
                0x00002838       0x2c ./drivers/fsl_lpit.o
 .text.CLOCK_EnableClock
                0x00002864       0x6c ./drivers/fsl_lpuart.o
 .text.LPUART_SoftwareReset
                0x000028d0       0x2c ./drivers/fsl_lpuart.o
 .text.SPC_GetActiveModeCoreLDOVDDVoltageLevel
                0x000028fc       0x22 ./drivers/fsl_spc.o
 .text.SPC_GetActiveModeVoltageDetectStatus
                0x0000291e       0x22 ./drivers/fsl_spc.o
 .text.SPC_SetSRAMOperateVoltage
                0x00002940       0x4e ./drivers/fsl_spc.o
                0x00002940                SPC_SetSRAMOperateVoltage
 .text.SystemInitHook
                0x0000298e        0xe ./device/system_KW45B41Z83.o
                0x0000298e                SystemInitHook
 .text.HAL_UartGetStatus
                0x0000299c       0x28 ./component/uart/fsl_adapter_lpuart.o
 .text.DisableGlobalIRQ
                0x000029c4       0x22 ./component/serial_manager/fsl_component_serial_manager.o
 .text.EnableGlobalIRQ
                0x000029e6       0x20 ./component/serial_manager/fsl_component_serial_manager.o
 .text.SerialManager_StartWriting
                0x00002a06       0x38 ./component/serial_manager/fsl_component_serial_manager.o
 .text.SerialManager_Write
                0x00002a3e       0x44 ./component/serial_manager/fsl_component_serial_manager.o
 .text.SerialManager_Init
                0x00002a82       0x60 ./component/serial_manager/fsl_component_serial_manager.o
                0x00002a82                SerialManager_Init
 .text.SerialManager_OpenWriteHandle
                0x00002ae2       0x50 ./component/serial_manager/fsl_component_serial_manager.o
                0x00002ae2                SerialManager_OpenWriteHandle
 .text.SerialManager_OpenReadHandle
                0x00002b32       0x60 ./component/serial_manager/fsl_component_serial_manager.o
                0x00002b32                SerialManager_OpenReadHandle
 .text.SerialManager_WriteBlocking
                0x00002b92       0x20 ./component/serial_manager/fsl_component_serial_manager.o
                0x00002b92                SerialManager_WriteBlocking
 .text.Serial_UartInit
                0x00002bb2       0x3e ./component/serial_manager/fsl_component_serial_port_uart.o
                0x00002bb2                Serial_UartInit
 .text.Serial_UartWrite
                0x00002bf0       0x38 ./component/serial_manager/fsl_component_serial_port_uart.o
                0x00002bf0                Serial_UartWrite
 .text.CCM32K_GetStatusFlag
                0x00002c28       0x18 ./board/clock_config.o
 .text.CLOCK_CONFIG_FircSafeConfig
                0x00002c40       0x56 ./board/clock_config.o
 .text.BOARD_InitBootClocks
                0x00002c96        0xc ./board/clock_config.o
                0x00002c96                BOARD_InitBootClocks
 .text.EnableIRQ
                0x00002ca2       0x32 ./board/peripherals.o
 .text.LPIT_EnableInterrupts
                0x00002cd4       0x22 ./board/peripherals.o
 .text.LPIT_StartTimer
                0x00002cf6       0x2e ./board/peripherals.o
 .text.BOARD_InitPeripherals
                0x00002d24        0xc ./board/peripherals.o
                0x00002d24                BOARD_InitPeripherals
 .text.BOARD_InitBootPeripherals
                0x00002d30        0xc ./board/peripherals.o
                0x00002d30                BOARD_InitBootPeripherals
 .text.CLOCK_EnableClock
                0x00002d3c       0x6c ./board/pin_mux.o
 .text.PORT_SetPinMux
                0x00002da8       0x3e ./board/pin_mux.o
 .text.BOARD_InitBootPins
                0x00002de6       0x10 ./board/pin_mux.o
                0x00002de6                BOARD_InitBootPins
 .text.__main   0x00002df6        0xe C:/nxp/MCUXpressoIDE_11.10.0_3148/ide/plugins/com.nxp.mcuxpresso.tools.win32_11.10.0.202311280810/tools/bin/../lib/gcc/arm-none-eabi/13.2.1/../../../../arm-none-eabi/lib/thumb/v8-m.main+fp/hard\libcr_nohost_nf.a(_cr__main.o)
                0x00002df6                __main
 .text.memcpy   0x00002e04        0x4 C:/nxp/MCUXpressoIDE_11.10.0_3148/ide/plugins/com.nxp.mcuxpresso.tools.win32_11.10.0.202311280810/tools/bin/../lib/gcc/arm-none-eabi/13.2.1/../../../../arm-none-eabi/lib/thumb/v8-m.main+fp/hard\libcr_c.a(memcpy.o)
                0x00002e04                memcpy
 .text.memset   0x00002e08        0x4 C:/nxp/MCUXpressoIDE_11.10.0_3148/ide/plugins/com.nxp.mcuxpresso.tools.win32_11.10.0.202311280810/tools/bin/../lib/gcc/arm-none-eabi/13.2.1/../../../../arm-none-eabi/lib/thumb/v8-m.main+fp/hard\libcr_c.a(memset.o)
                0x00002e08                memset
 .text.free     0x00002e0c       0x30 C:/nxp/MCUXpressoIDE_11.10.0_3148/ide/plugins/com.nxp.mcuxpresso.tools.win32_11.10.0.202311280810/tools/bin/../lib/gcc/arm-none-eabi/13.2.1/../../../../arm-none-eabi/lib/thumb/v8-m.main+fp/hard\libcr_c.a(alloc.o)
                0x00002e0c                free
 .text.setvbuf  0x00002e3c       0x3e C:/nxp/MCUXpressoIDE_11.10.0_3148/ide/plugins/com.nxp.mcuxpresso.tools.win32_11.10.0.202311280810/tools/bin/../lib/gcc/arm-none-eabi/13.2.1/../../../../arm-none-eabi/lib/thumb/v8-m.main+fp/hard\libcr_c.a(setvbuf.o)
                0x00002e3c                setvbuf
 .text.strlen   0x00002e7a       0x4e C:/nxp/MCUXpressoIDE_11.10.0_3148/ide/plugins/com.nxp.mcuxpresso.tools.win32_11.10.0.202311280810/tools/bin/../lib/gcc/arm-none-eabi/13.2.1/../../../../arm-none-eabi/lib/thumb/v8-m.main+fp/hard\libcr_c.a(strlen.o)
                0x00002e7a                strlen
 .text._deferredlazyseek
                0x00002ec8       0x40 C:/nxp/MCUXpressoIDE_11.10.0_3148/ide/plugins/com.nxp.mcuxpresso.tools.win32_11.10.0.202311280810/tools/bin/../lib/gcc/arm-none-eabi/13.2.1/../../../../arm-none-eabi/lib/thumb/v8-m.main+fp/hard\libcr_c.a(_deferredlazyseek.o)
                0x00002ec8                _deferredlazyseek
 .text._fdopen  0x00002f08       0x68 C:/nxp/MCUXpressoIDE_11.10.0_3148/ide/plugins/com.nxp.mcuxpresso.tools.win32_11.10.0.202311280810/tools/bin/../lib/gcc/arm-none-eabi/13.2.1/../../../../arm-none-eabi/lib/thumb/v8-m.main+fp/hard\libcr_c.a(_fdopen.o)
                0x00002f08                _fdopen
 .text._fflush  0x00002f70       0x52 C:/nxp/MCUXpressoIDE_11.10.0_3148/ide/plugins/com.nxp.mcuxpresso.tools.win32_11.10.0.202311280810/tools/bin/../lib/gcc/arm-none-eabi/13.2.1/../../../../arm-none-eabi/lib/thumb/v8-m.main+fp/hard\libcr_c.a(_fflush.o)
                0x00002f70                _fflush
 .text.fclose   0x00002fc2       0x58 C:/nxp/MCUXpressoIDE_11.10.0_3148/ide/plugins/com.nxp.mcuxpresso.tools.win32_11.10.0.202311280810/tools/bin/../lib/gcc/arm-none-eabi/13.2.1/../../../../arm-none-eabi/lib/thumb/v8-m.main+fp/hard\libcr_c.a(fclose.o)
                0x00002fc2                fclose
 .text.remove   0x0000301a       0x14 C:/nxp/MCUXpressoIDE_11.10.0_3148/ide/plugins/com.nxp.mcuxpresso.tools.win32_11.10.0.202311280810/tools/bin/../lib/gcc/arm-none-eabi/13.2.1/../../../../arm-none-eabi/lib/thumb/v8-m.main+fp/hard\libcr_c.a(remove.o)
                0x0000301a                remove
 .text._do_fflush
                0x0000302e       0x40 C:/nxp/MCUXpressoIDE_11.10.0_3148/ide/plugins/com.nxp.mcuxpresso.tools.win32_11.10.0.202311280810/tools/bin/../lib/gcc/arm-none-eabi/13.2.1/../../../../arm-none-eabi/lib/thumb/v8-m.main+fp/hard\libcr_c.a(_do_fflush.o)
                0x0000302e                _do_fflush
 .text.__aeabi_memcpy
                0x0000306e       0x34 C:/nxp/MCUXpressoIDE_11.10.0_3148/ide/plugins/com.nxp.mcuxpresso.tools.win32_11.10.0.202311280810/tools/bin/../lib/gcc/arm-none-eabi/13.2.1/thumb/v8-m.main+fp/hard\libcr_eabihelpers.a(memcpy.o)
                0x0000306e                __aeabi_memcpy
                0x00003078                __aeabi_memcpy8
                0x00003078                __aeabi_memcpy4
 .text.__aeabi_memset_lowlevel
                0x000030a2       0x32 C:/nxp/MCUXpressoIDE_11.10.0_3148/ide/plugins/com.nxp.mcuxpresso.tools.win32_11.10.0.202311280810/tools/bin/../lib/gcc/arm-none-eabi/13.2.1/thumb/v8-m.main+fp/hard\libcr_eabihelpers.a(memcpy.o)
                0x000030a2                __aeabi_lowlevel_memset
 .text.__sys_close
                0x000030d4        0x6 C:/nxp/MCUXpressoIDE_11.10.0_3148/ide/plugins/com.nxp.mcuxpresso.tools.win32_11.10.0.202311280810/tools/bin/../lib/gcc/arm-none-eabi/13.2.1/../../../../arm-none-eabi/lib/thumb/v8-m.main+fp/hard\libcr_nohost_nf.a(__sys_close.o)
                0x000030d4                __sys_close
 .text.__sys_flen
                0x000030da        0x6 C:/nxp/MCUXpressoIDE_11.10.0_3148/ide/plugins/com.nxp.mcuxpresso.tools.win32_11.10.0.202311280810/tools/bin/../lib/gcc/arm-none-eabi/13.2.1/../../../../arm-none-eabi/lib/thumb/v8-m.main+fp/hard\libcr_nohost_nf.a(__sys_flen.o)
                0x000030da                __sys_flen
 .text.__sys_istty
                0x000030e0        0x6 C:/nxp/MCUXpressoIDE_11.10.0_3148/ide/plugins/com.nxp.mcuxpresso.tools.win32_11.10.0.202311280810/tools/bin/../lib/gcc/arm-none-eabi/13.2.1/../../../../arm-none-eabi/lib/thumb/v8-m.main+fp/hard\libcr_nohost_nf.a(__sys_istty.o)
                0x000030e0                __sys_istty
 .text.__sys_remove
                0x000030e6        0x6 C:/nxp/MCUXpressoIDE_11.10.0_3148/ide/plugins/com.nxp.mcuxpresso.tools.win32_11.10.0.202311280810/tools/bin/../lib/gcc/arm-none-eabi/13.2.1/../../../../arm-none-eabi/lib/thumb/v8-m.main+fp/hard\libcr_nohost_nf.a(__sys_remove.o)
                0x000030e6                __sys_remove
 .text.__sys_seek
                0x000030ec        0x6 C:/nxp/MCUXpressoIDE_11.10.0_3148/ide/plugins/com.nxp.mcuxpresso.tools.win32_11.10.0.202311280810/tools/bin/../lib/gcc/arm-none-eabi/13.2.1/../../../../arm-none-eabi/lib/thumb/v8-m.main+fp/hard\libcr_nohost_nf.a(__sys_seek.o)
                0x000030ec                __sys_seek
 .text.__sys_tmpnam
                0x000030f2        0x6 C:/nxp/MCUXpressoIDE_11.10.0_3148/ide/plugins/com.nxp.mcuxpresso.tools.win32_11.10.0.202311280810/tools/bin/../lib/gcc/arm-none-eabi/13.2.1/../../../../arm-none-eabi/lib/thumb/v8-m.main+fp/hard\libcr_nohost_nf.a(__sys_tmpnam.o)
                0x000030f2                __sys_tmpnam
 .text.__sys_write
                0x000030f8        0x4 C:/nxp/MCUXpressoIDE_11.10.0_3148/ide/plugins/com.nxp.mcuxpresso.tools.win32_11.10.0.202311280810/tools/bin/../lib/gcc/arm-none-eabi/13.2.1/../../../../arm-none-eabi/lib/thumb/v8-m.main+fp/hard\libcr_nohost_nf.a(__sys_write.o)
                0x000030f8                __sys_write
 *(SORT_BY_ALIGNMENT(.rodata) SORT_BY_ALIGNMENT(.rodata.*) SORT_BY_ALIGNMENT(.constdata) SORT_BY_ALIGNMENT(.constdata.*))
 .rodata.__assertion_failed.str1.4
                0x000030fc      0x800 ./utilities/fsl_assert.o
                                 0x14 (size before relaxing)
 .rodata.LPIT0_IRQHandler.str1.4
                0x000038fc        0xe ./source/timer_blink.o
 .rodata.CCM32K_Set32kOscConfig.str1.4
                0x000038fc       0x4c ./drivers/fsl_ccm32k.o
 .rodata.CLOCK_GetCurSysClkConfig.str1.4
                0x000038fc       0x19 ./drivers/fsl_clock.o
 .rodata.CLOCK_GetSysClkFreq.str1.4
                0x000038fc       0x18 ./drivers/fsl_clock.o
 .rodata.CLOCK_InitSysOsc.str1.4
                0x000038fc       0x19 ./drivers/fsl_clock.o
 .rodata.CLOCK_GetSysOscFreq.str1.4
                0x000038fc       0x1e ./drivers/fsl_clock.o
 .rodata.CLOCK_InitSirc.str1.4
                0x000038fc       0x19 ./drivers/fsl_clock.o
 .rodata.CLOCK_InitFirc.str1.4
                0x000038fc       0x19 ./drivers/fsl_clock.o
 .rodata.CLOCK_GetRtcOscFreq.str1.4
                0x000038fc       0x1f ./drivers/fsl_clock.o
 .rodata.fircFreq.1
                0x000038fc       0x10 ./drivers/fsl_clock.o
 .rodata.GPIO_PinInit.str1.4
                0x0000390c       0x20 ./drivers/fsl_gpio.o
 .rodata.LPIT_GetInstance.str1.4
                0x0000390c       0x33 ./drivers/fsl_lpit.o
 .rodata.LPIT_Init.str1.4
                0x0000390c       0x1f ./drivers/fsl_lpit.o
 .rodata.LPIT_SetupChannel.str1.4
                0x0000390c       0x23 ./drivers/fsl_lpit.o
 .rodata.s_lpuartBases
                0x0000390c        0x8 ./drivers/fsl_lpuart.o
 .rodata.s_lpuartClock
                0x00003914        0x8 ./drivers/fsl_lpuart.o
 .rodata.LPUART_GetInstance.str1.4
                0x0000391c       0x38 ./drivers/fsl_lpuart.o
 .rodata.LPUART_Init.str1.4
                0x0000391c      0x10a ./drivers/fsl_lpuart.o
 .rodata.LPUART_GetDefaultConfig.str1.4
                0x0000391c       0x22 ./drivers/fsl_lpuart.o
 .rodata.LPUART_WriteBlocking.str1.4
                0x0000391c       0x20 ./drivers/fsl_lpuart.o
 .rodata.SPC_SetActiveModeCoreLDORegulatorConfig.str1.4
                0x0000391c       0x1f ./drivers/fsl_spc.o
 .rodata.s_LpuartAdapterBase
                0x0000391c        0x8 ./component/uart/fsl_adapter_lpuart.o
 .rodata.HAL_UartInit.str1.4
                0x00003924      0x105 ./component/uart/fsl_adapter_lpuart.o
 .rodata.HAL_UartSendBlocking.str1.4
                0x00003924       0x7b ./component/uart/fsl_adapter_lpuart.o
 .rodata.CLOCK_SetIpSrc.str1.4
                0x00003924       0x59 ./board/board.o
 .rodata.CLOCK_SetIpSrc.str1.4
                0x00003924       0x59 ./board/clock_config.o
 .rodata.CLOCK_SetIpSrcDiv.str1.4
                0x00003924       0x59 ./board/clock_config.o
 .rodata.CLOCK_SetRunModeSysClkConfig.str1.4
                0x00003924       0x4d ./board/clock_config.o
 .rodata.CLOCK_GetCurSysClkConfig.str1.4
                0x00003924       0x4d ./board/clock_config.o
 .rodata.CCM32K_SelectClockSource.str1.4
                0x00003924      0x12c ./board/clock_config.o
 .rodata.FircTrimConfig_BOARD_BootClockRUN
                0x00003924        0x8 ./board/clock_config.o
 .rodata.g_sysClkConfig_BOARD_BootClockRUN
                0x0000392c        0x4 ./board/clock_config.o
                0x0000392c                g_sysClkConfig_BOARD_BootClockRUN
 .rodata.g_scgSysOscConfig_BOARD_BootClockRUN
                0x00003930        0xc ./board/clock_config.o
                0x00003930                g_scgSysOscConfig_BOARD_BootClockRUN
 .rodata.g_scgSircConfig_BOARD_BootClockRUN
                0x0000393c        0x1 ./board/clock_config.o
                0x0000393c                g_scgSircConfig_BOARD_BootClockRUN
 *fill*         0x0000393d        0x3 ff
 .rodata.g_scgFircConfig_BOARD_BootClockRUN
                0x00003940        0xc ./board/clock_config.o
                0x00003940                g_scgFircConfig_BOARD_BootClockRUN
 .rodata.g_ccm32kOscConfig_BOARD_BootClockRUN
                0x0000394c        0x4 ./board/clock_config.o
 .rodata.LPIT_SetTimerPeriod.str1.4
                0x00003950       0x50 ./board/peripherals.o
 .rodata.LPIT0_Channel_0_struct
                0x00003950        0x7 ./board/peripherals.o
                0x00003950                LPIT0_Channel_0_struct
 *fill*         0x00003957        0x1 ff
 .rodata.LPIT0_config
                0x00003958        0x2 ./board/peripherals.o
                0x00003958                LPIT0_config
 .rodata.PORT_SetPinConfig.str1.4
                0x0000395a       0x4c ./board/pin_mux.o
 *fill*         0x0000395a        0x2 ff
 .rodata        0x0000395c        0x2 ./board/pin_mux.o
 *fill*         0x0000395e        0x2 ff
 .rodata.__num_Ciob_streams
                0x00003960        0x4 C:/nxp/MCUXpressoIDE_11.10.0_3148/ide/plugins/com.nxp.mcuxpresso.tools.win32_11.10.0.202311280810/tools/bin/../lib/gcc/arm-none-eabi/13.2.1/../../../../arm-none-eabi/lib/thumb/v8-m.main+fp/hard\libcr_nohost_nf.a(__ciob.o)
                0x00003960                __num_Ciob_streams
 .rodata._initio.str1.1
                0x00003964        0x4 C:/nxp/MCUXpressoIDE_11.10.0_3148/ide/plugins/com.nxp.mcuxpresso.tools.win32_11.10.0.202311280810/tools/bin/../lib/gcc/arm-none-eabi/13.2.1/../../../../arm-none-eabi/lib/thumb/v8-m.main+fp/hard\libcr_c.a(initio.o)
                0x00003968                        . = ALIGN (0x4)

.glue_7         0x00003968        0x0
 .glue_7        0x00003968        0x0 linker stubs

.glue_7t        0x00003968        0x0
 .glue_7t       0x00003968        0x0 linker stubs

.vfp11_veneer   0x00003968        0x0
 .vfp11_veneer  0x00003968        0x0 linker stubs

.v4_bx          0x00003968        0x0
 .v4_bx         0x00003968        0x0 linker stubs

.iplt           0x00003968        0x0
 .iplt          0x00003968        0x0 ./utilities/fsl_assert.o

.rel.dyn        0x00003968        0x0
 .rel.iplt      0x00003968        0x0 ./utilities/fsl_assert.o

.ARM.extab
 *(SORT_BY_ALIGNMENT(.ARM.extab*) SORT_BY_ALIGNMENT(.gnu.linkonce.armextab.*))

.ARM.exidx      0x00003968        0x0
                0x00003968                        __exidx_start = .
 *(SORT_BY_ALIGNMENT(.ARM.exidx*) SORT_BY_ALIGNMENT(.gnu.linkonce.armexidx.*))
                0x00003968                        __exidx_end = .
                0x00003968                        _etext = .

.data_RAM2      0x04000000        0x0 load address 0x00003968
 FILL mask 0xff
                [!provide]                        PROVIDE (__start_data_RAM2 = .)
                [!provide]                        PROVIDE (__start_data_TCM_CODE = .)
 *(SORT_BY_ALIGNMENT(.ramfunc.$RAM2))
 *(SORT_BY_ALIGNMENT(.ramfunc.$TCM_CODE))
 *(SORT_BY_ALIGNMENT(.data.$RAM2))
 *(SORT_BY_ALIGNMENT(.data.$TCM_CODE))
 *(SORT_BY_ALIGNMENT(.data.$RAM2.*))
 *(SORT_BY_ALIGNMENT(.data.$TCM_CODE.*))
                0x04000000                        . = ALIGN (0x4)
                [!provide]                        PROVIDE (__end_data_RAM2 = .)
                [!provide]                        PROVIDE (__end_data_TCM_CODE = .)

.uninit_RESERVED
                0x20000000        0x0
                0x20000000                        _start_uninit_RESERVED = .
 *(SORT_BY_ALIGNMENT(.bss.$RESERVED*))
                0x20000000                        . = ALIGN (0x4)
                0x20000000                        _end_uninit_RESERVED = .

.data           0x20000000        0x4 load address 0x00003968
 FILL mask 0xff
                0x20000000                        _data = .
                [!provide]                        PROVIDE (__start_data_RAM = .)
                [!provide]                        PROVIDE (__start_data_TCM_SYS = .)
 *(SORT_BY_ALIGNMENT(vtable))
 *(SORT_BY_ALIGNMENT(.ramfunc*))
 *(SORT_BY_ALIGNMENT(CodeQuickAccess))
 *(SORT_BY_ALIGNMENT(DataQuickAccess))
 *(SORT_BY_ALIGNMENT(RamFunction))
 *(SORT_BY_ALIGNMENT(.data*))
 .data.SystemCoreClock
                0x20000000        0x4 ./device/system_KW45B41Z83.o
                0x20000000                SystemCoreClock
                0x20000004                        . = ALIGN (0x4)
                0x20000004                        _edata = .
                [!provide]                        PROVIDE (__end_data_RAM = .)
                [!provide]                        PROVIDE (__end_data_TCM_SYS = .)

.igot.plt       0x20000004        0x0 load address 0x0000396c
 .igot.plt      0x20000004        0x0 ./utilities/fsl_assert.o

.bss_RAM2       0x04000000        0x0
                [!provide]                        PROVIDE (__start_bss_RAM2 = .)
                [!provide]                        PROVIDE (__start_bss_TCM_CODE = .)
 *(SORT_BY_ALIGNMENT(.bss.$RAM2))
 *(SORT_BY_ALIGNMENT(.bss.$TCM_CODE))
 *(SORT_BY_ALIGNMENT(.bss.$RAM2.*))
 *(SORT_BY_ALIGNMENT(.bss.$TCM_CODE.*))
                0x04000000                        . = ALIGN ((. != 0x0)?0x4:0x1)
                [!provide]                        PROVIDE (__end_bss_RAM2 = .)
                [!provide]                        PROVIDE (__end_bss_TCM_CODE = .)

.bss            0x20000004       0xf8
                0x20000004                        _bss = .
                [!provide]                        PROVIDE (__start_bss_RAM = .)
                [!provide]                        PROVIDE (__start_bss_TCM_SYS = .)
 *(SORT_BY_ALIGNMENT(.bss*))
 .bss.s_debugConsoleState
                0x20000004       0x20 ./utilities/fsl_debug_console.o
 .bss.g_serialHandle
                0x20000024        0x4 ./utilities/fsl_debug_console.o
                0x20000024                g_serialHandle
 .bss.i.0       0x20000028        0x4 ./source/timer_blink.o
 .bss.g_xtal0Freq
                0x2000002c        0x4 ./drivers/fsl_clock.o
                0x2000002c                g_xtal0Freq
 .bss.g_xtal32Freq
                0x20000030        0x4 ./drivers/fsl_clock.o
                0x20000030                g_xtal32Freq
 .bss.s_lpuartHandle
                0x20000034        0x8 ./drivers/fsl_lpuart.o
                0x20000034                s_lpuartHandle
 .bss.s_lpuartIsr
                0x2000003c        0x4 ./drivers/fsl_lpuart.o
                0x2000003c                s_lpuartIsr
 .bss.errno     0x20000040        0x4 C:/nxp/MCUXpressoIDE_11.10.0_3148/ide/plugins/com.nxp.mcuxpresso.tools.win32_11.10.0.202311280810/tools/bin/../lib/gcc/arm-none-eabi/13.2.1/../../../../arm-none-eabi/lib/thumb/v8-m.main+fp/hard\libcr_c.a(errno.o)
                0x20000040                errno
 .bss.__Ciob    0x20000044       0xb4 C:/nxp/MCUXpressoIDE_11.10.0_3148/ide/plugins/com.nxp.mcuxpresso.tools.win32_11.10.0.202311280810/tools/bin/../lib/gcc/arm-none-eabi/13.2.1/../../../../arm-none-eabi/lib/thumb/v8-m.main+fp/hard\libcr_nohost_nf.a(__ciob.o)
                0x20000044                __Ciob
 .bss.s_debugConsoleReadWaitSemaphore
                0x200000f8        0x1 ./utilities/fsl_debug_console.o
 *(SORT_BY_ALIGNMENT(COMMON))
                0x200000fc                        . = ALIGN (0x4)
 *fill*         0x200000f9        0x3 
                0x200000fc                        _ebss = .
                [!provide]                        PROVIDE (__end_bss_RAM = .)
                [!provide]                        PROVIDE (__end_bss_TCM_SYS = .)
                [!provide]                        PROVIDE (end = .)

.noinit_RAM2    0x04000000        0x0
                [!provide]                        PROVIDE (__start_noinit_RAM2 = .)
                [!provide]                        PROVIDE (__start_noinit_TCM_CODE = .)
 *(SORT_BY_ALIGNMENT(.noinit.$RAM2))
 *(SORT_BY_ALIGNMENT(.noinit.$TCM_CODE))
 *(SORT_BY_ALIGNMENT(.noinit.$RAM2.*))
 *(SORT_BY_ALIGNMENT(.noinit.$TCM_CODE.*))
                0x04000000                        . = ALIGN (0x4)
                [!provide]                        PROVIDE (__end_noinit_RAM2 = .)
                [!provide]                        PROVIDE (__end_noinit_TCM_CODE = .)

.noinit         0x200000fc        0x0
                0x200000fc                        _noinit = .
                [!provide]                        PROVIDE (__start_noinit_RAM = .)
                [!provide]                        PROVIDE (__start_noinit_TCM_SYS = .)
 *(SORT_BY_ALIGNMENT(.noinit*))
                0x200000fc                        . = ALIGN (0x4)
                0x200000fc                        _end_noinit = .
                [!provide]                        PROVIDE (__end_noinit_RAM = .)
                [!provide]                        PROVIDE (__end_noinit_TCM_SYS = .)
                0x00001000                        _HeapSize = 0x1000

.heap           0x200000fc     0x1000
                0x200000fc                        _pvHeapStart = .
                0x200010fc                        . = (. + _HeapSize)
 *fill*         0x200000fc     0x1000 
                0x200010fc                        . = ALIGN (0x4)
                0x200010fc                        _pvHeapLimit = .
                0x00001000                        _StackSize = 0x1000

.heap2stackfill
                0x200010fc     0x1000
                0x200020fc                        . = (. + _StackSize)
 *fill*         0x200010fc     0x1000 

.stack          0x2001b000        0x0
                0x2001b000                        _vStackBase = .
                0x2001b000                        . = ALIGN (0x4)
                0x2001c000                        _vStackTop = (. + _StackSize)
                0x00000000                        _image_start = LOADADDR (.text)
                0x0000396c                        _image_end = (LOADADDR (.data) + SIZEOF (.data))
                0x0000396c                        _image_size = (_image_end - _image_start)
OUTPUT(timer_blink.axf elf32-littlearm)
LOAD linker stubs

.debug_info     0x00000000    0x10c61
 .debug_info    0x00000000      0x127 ./utilities/fsl_assert.o
 .debug_info    0x00000127      0xe0d ./utilities/fsl_debug_console.o
 .debug_info    0x00000f34      0xd5c ./utilities/fsl_str.o
 .debug_info    0x00001c90      0xb83 ./startup/startup_kw45b41z83.o
 .debug_info    0x00002813       0x3c ./source/semihost_hardfault.o
 .debug_info    0x0000284f      0x4a3 ./source/timer_blink.o
 .debug_info    0x00002cf2      0x6c8 ./drivers/fsl_ccm32k.o
 .debug_info    0x000033ba     0x10e5 ./drivers/fsl_clock.o
 .debug_info    0x0000449f      0x54e ./drivers/fsl_gpio.o
 .debug_info    0x000049ed      0xb0e ./drivers/fsl_lpit.o
 .debug_info    0x000054fb     0x2077 ./drivers/fsl_lpuart.o
 .debug_info    0x00007572     0x1755 ./drivers/fsl_spc.o
 .debug_info    0x00008cc7      0x47a ./device/system_KW45B41Z83.o
 .debug_info    0x00009141      0xbdb ./component/uart/fsl_adapter_lpuart.o
 .debug_info    0x00009d1c      0xd7a ./component/serial_manager/fsl_component_serial_manager.o
 .debug_info    0x0000aa96      0x54a ./component/serial_manager/fsl_component_serial_port_uart.o
 .debug_info    0x0000afe0      0x3d8 ./board/board.o
 .debug_info    0x0000b3b8     0x1635 ./board/clock_config.o
 .debug_info    0x0000c9ed      0xc24 ./board/peripherals.o
 .debug_info    0x0000d611      0xbd9 ./board/pin_mux.o
 .debug_info    0x0000e1ea       0x85 C:/nxp/MCUXpressoIDE_11.10.0_3148/ide/plugins/com.nxp.mcuxpresso.tools.win32_11.10.0.202311280810/tools/bin/../lib/gcc/arm-none-eabi/13.2.1/../../../../arm-none-eabi/lib/thumb/v8-m.main+fp/hard\libcr_nohost_nf.a(_cr__main.o)
 .debug_info    0x0000e26f      0x12b C:/nxp/MCUXpressoIDE_11.10.0_3148/ide/plugins/com.nxp.mcuxpresso.tools.win32_11.10.0.202311280810/tools/bin/../lib/gcc/arm-none-eabi/13.2.1/../../../../arm-none-eabi/lib/thumb/v8-m.main+fp/hard\libcr_c.a(memcpy.o)
 .debug_info    0x0000e39a       0xfc C:/nxp/MCUXpressoIDE_11.10.0_3148/ide/plugins/com.nxp.mcuxpresso.tools.win32_11.10.0.202311280810/tools/bin/../lib/gcc/arm-none-eabi/13.2.1/../../../../arm-none-eabi/lib/thumb/v8-m.main+fp/hard\libcr_c.a(memset.o)
 .debug_info    0x0000e496      0x520 C:/nxp/MCUXpressoIDE_11.10.0_3148/ide/plugins/com.nxp.mcuxpresso.tools.win32_11.10.0.202311280810/tools/bin/../lib/gcc/arm-none-eabi/13.2.1/../../../../arm-none-eabi/lib/thumb/v8-m.main+fp/hard\libcr_c.a(alloc.o)
 .debug_info    0x0000e9b6       0x44 C:/nxp/MCUXpressoIDE_11.10.0_3148/ide/plugins/com.nxp.mcuxpresso.tools.win32_11.10.0.202311280810/tools/bin/../lib/gcc/arm-none-eabi/13.2.1/../../../../arm-none-eabi/lib/thumb/v8-m.main+fp/hard\libcr_c.a(errno.o)
 .debug_info    0x0000e9fa      0x339 C:/nxp/MCUXpressoIDE_11.10.0_3148/ide/plugins/com.nxp.mcuxpresso.tools.win32_11.10.0.202311280810/tools/bin/../lib/gcc/arm-none-eabi/13.2.1/../../../../arm-none-eabi/lib/thumb/v8-m.main+fp/hard\libcr_c.a(initio.o)
 .debug_info    0x0000ed33      0x1fd C:/nxp/MCUXpressoIDE_11.10.0_3148/ide/plugins/com.nxp.mcuxpresso.tools.win32_11.10.0.202311280810/tools/bin/../lib/gcc/arm-none-eabi/13.2.1/../../../../arm-none-eabi/lib/thumb/v8-m.main+fp/hard\libcr_c.a(setvbuf.o)
 .debug_info    0x0000ef30       0xe1 C:/nxp/MCUXpressoIDE_11.10.0_3148/ide/plugins/com.nxp.mcuxpresso.tools.win32_11.10.0.202311280810/tools/bin/../lib/gcc/arm-none-eabi/13.2.1/../../../../arm-none-eabi/lib/thumb/v8-m.main+fp/hard\libcr_c.a(strlen.o)
 .debug_info    0x0000f011      0x369 C:/nxp/MCUXpressoIDE_11.10.0_3148/ide/plugins/com.nxp.mcuxpresso.tools.win32_11.10.0.202311280810/tools/bin/../lib/gcc/arm-none-eabi/13.2.1/../../../../arm-none-eabi/lib/thumb/v8-m.main+fp/hard\libcr_c.a(_deferredlazyseek.o)
 .debug_info    0x0000f37a      0x24b C:/nxp/MCUXpressoIDE_11.10.0_3148/ide/plugins/com.nxp.mcuxpresso.tools.win32_11.10.0.202311280810/tools/bin/../lib/gcc/arm-none-eabi/13.2.1/../../../../arm-none-eabi/lib/thumb/v8-m.main+fp/hard\libcr_c.a(_fdopen.o)
 .debug_info    0x0000f5c5      0x1e3 C:/nxp/MCUXpressoIDE_11.10.0_3148/ide/plugins/com.nxp.mcuxpresso.tools.win32_11.10.0.202311280810/tools/bin/../lib/gcc/arm-none-eabi/13.2.1/../../../../arm-none-eabi/lib/thumb/v8-m.main+fp/hard\libcr_c.a(_fflush.o)
 .debug_info    0x0000f7a8      0x289 C:/nxp/MCUXpressoIDE_11.10.0_3148/ide/plugins/com.nxp.mcuxpresso.tools.win32_11.10.0.202311280810/tools/bin/../lib/gcc/arm-none-eabi/13.2.1/../../../../arm-none-eabi/lib/thumb/v8-m.main+fp/hard\libcr_c.a(_writebuf.o)
 .debug_info    0x0000fa31      0x318 C:/nxp/MCUXpressoIDE_11.10.0_3148/ide/plugins/com.nxp.mcuxpresso.tools.win32_11.10.0.202311280810/tools/bin/../lib/gcc/arm-none-eabi/13.2.1/../../../../arm-none-eabi/lib/thumb/v8-m.main+fp/hard\libcr_c.a(fclose.o)
 .debug_info    0x0000fd49      0x209 C:/nxp/MCUXpressoIDE_11.10.0_3148/ide/plugins/com.nxp.mcuxpresso.tools.win32_11.10.0.202311280810/tools/bin/../lib/gcc/arm-none-eabi/13.2.1/../../../../arm-none-eabi/lib/thumb/v8-m.main+fp/hard\libcr_c.a(fflush.o)
 .debug_info    0x0000ff52      0x276 C:/nxp/MCUXpressoIDE_11.10.0_3148/ide/plugins/com.nxp.mcuxpresso.tools.win32_11.10.0.202311280810/tools/bin/../lib/gcc/arm-none-eabi/13.2.1/../../../../arm-none-eabi/lib/thumb/v8-m.main+fp/hard\libcr_c.a(fseek.o)
 .debug_info    0x000101c8      0x197 C:/nxp/MCUXpressoIDE_11.10.0_3148/ide/plugins/com.nxp.mcuxpresso.tools.win32_11.10.0.202311280810/tools/bin/../lib/gcc/arm-none-eabi/13.2.1/../../../../arm-none-eabi/lib/thumb/v8-m.main+fp/hard\libcr_c.a(ftell.o)
 .debug_info    0x0001035f      0x1d7 C:/nxp/MCUXpressoIDE_11.10.0_3148/ide/plugins/com.nxp.mcuxpresso.tools.win32_11.10.0.202311280810/tools/bin/../lib/gcc/arm-none-eabi/13.2.1/../../../../arm-none-eabi/lib/thumb/v8-m.main+fp/hard\libcr_c.a(remove.o)
 .debug_info    0x00010536      0x23a C:/nxp/MCUXpressoIDE_11.10.0_3148/ide/plugins/com.nxp.mcuxpresso.tools.win32_11.10.0.202311280810/tools/bin/../lib/gcc/arm-none-eabi/13.2.1/../../../../arm-none-eabi/lib/thumb/v8-m.main+fp/hard\libcr_c.a(_do_fflush.o)
 .debug_info    0x00010770      0x18b C:/nxp/MCUXpressoIDE_11.10.0_3148/ide/plugins/com.nxp.mcuxpresso.tools.win32_11.10.0.202311280810/tools/bin/../lib/gcc/arm-none-eabi/13.2.1/../../../../arm-none-eabi/lib/thumb/v8-m.main+fp/hard\libcr_nohost_nf.a(__ciob.o)
 .debug_info    0x000108fb       0x6a C:/nxp/MCUXpressoIDE_11.10.0_3148/ide/plugins/com.nxp.mcuxpresso.tools.win32_11.10.0.202311280810/tools/bin/../lib/gcc/arm-none-eabi/13.2.1/../../../../arm-none-eabi/lib/thumb/v8-m.main+fp/hard\libcr_nohost_nf.a(__sys_close.o)
 .debug_info    0x00010965       0x6a C:/nxp/MCUXpressoIDE_11.10.0_3148/ide/plugins/com.nxp.mcuxpresso.tools.win32_11.10.0.202311280810/tools/bin/../lib/gcc/arm-none-eabi/13.2.1/../../../../arm-none-eabi/lib/thumb/v8-m.main+fp/hard\libcr_nohost_nf.a(__sys_flen.o)
 .debug_info    0x000109cf       0x6a C:/nxp/MCUXpressoIDE_11.10.0_3148/ide/plugins/com.nxp.mcuxpresso.tools.win32_11.10.0.202311280810/tools/bin/../lib/gcc/arm-none-eabi/13.2.1/../../../../arm-none-eabi/lib/thumb/v8-m.main+fp/hard\libcr_nohost_nf.a(__sys_istty.o)
 .debug_info    0x00010a39       0x8a C:/nxp/MCUXpressoIDE_11.10.0_3148/ide/plugins/com.nxp.mcuxpresso.tools.win32_11.10.0.202311280810/tools/bin/../lib/gcc/arm-none-eabi/13.2.1/../../../../arm-none-eabi/lib/thumb/v8-m.main+fp/hard\libcr_nohost_nf.a(__sys_remove.o)
 .debug_info    0x00010ac3       0x78 C:/nxp/MCUXpressoIDE_11.10.0_3148/ide/plugins/com.nxp.mcuxpresso.tools.win32_11.10.0.202311280810/tools/bin/../lib/gcc/arm-none-eabi/13.2.1/../../../../arm-none-eabi/lib/thumb/v8-m.main+fp/hard\libcr_nohost_nf.a(__sys_seek.o)
 .debug_info    0x00010b3b       0x93 C:/nxp/MCUXpressoIDE_11.10.0_3148/ide/plugins/com.nxp.mcuxpresso.tools.win32_11.10.0.202311280810/tools/bin/../lib/gcc/arm-none-eabi/13.2.1/../../../../arm-none-eabi/lib/thumb/v8-m.main+fp/hard\libcr_nohost_nf.a(__sys_tmpnam.o)
 .debug_info    0x00010bce       0x93 C:/nxp/MCUXpressoIDE_11.10.0_3148/ide/plugins/com.nxp.mcuxpresso.tools.win32_11.10.0.202311280810/tools/bin/../lib/gcc/arm-none-eabi/13.2.1/../../../../arm-none-eabi/lib/thumb/v8-m.main+fp/hard\libcr_nohost_nf.a(__sys_write.o)

.debug_abbrev   0x00000000     0x4069
 .debug_abbrev  0x00000000       0xbd ./utilities/fsl_assert.o
 .debug_abbrev  0x000000bd      0x270 ./utilities/fsl_debug_console.o
 .debug_abbrev  0x0000032d      0x270 ./utilities/fsl_str.o
 .debug_abbrev  0x0000059d      0x147 ./startup/startup_kw45b41z83.o
 .debug_abbrev  0x000006e4       0x31 ./source/semihost_hardfault.o
 .debug_abbrev  0x00000715      0x19e ./source/timer_blink.o
 .debug_abbrev  0x000008b3      0x1fb ./drivers/fsl_ccm32k.o
 .debug_abbrev  0x00000aae      0x312 ./drivers/fsl_clock.o
 .debug_abbrev  0x00000dc0      0x1e5 ./drivers/fsl_gpio.o
 .debug_abbrev  0x00000fa5      0x227 ./drivers/fsl_lpit.o
 .debug_abbrev  0x000011cc      0x462 ./drivers/fsl_lpuart.o
 .debug_abbrev  0x0000162e      0x2cd ./drivers/fsl_spc.o
 .debug_abbrev  0x000018fb      0x129 ./device/system_KW45B41Z83.o
 .debug_abbrev  0x00001a24      0x1e7 ./component/uart/fsl_adapter_lpuart.o
 .debug_abbrev  0x00001c0b      0x2bb ./component/serial_manager/fsl_component_serial_manager.o
 .debug_abbrev  0x00001ec6      0x18c ./component/serial_manager/fsl_component_serial_port_uart.o
 .debug_abbrev  0x00002052      0x155 ./board/board.o
 .debug_abbrev  0x000021a7      0x38b ./board/clock_config.o
 .debug_abbrev  0x00002532      0x28f ./board/peripherals.o
 .debug_abbrev  0x000027c1      0x282 ./board/pin_mux.o
 .debug_abbrev  0x00002a43       0x70 C:/nxp/MCUXpressoIDE_11.10.0_3148/ide/plugins/com.nxp.mcuxpresso.tools.win32_11.10.0.202311280810/tools/bin/../lib/gcc/arm-none-eabi/13.2.1/../../../../arm-none-eabi/lib/thumb/v8-m.main+fp/hard\libcr_nohost_nf.a(_cr__main.o)
 .debug_abbrev  0x00002ab3       0xb6 C:/nxp/MCUXpressoIDE_11.10.0_3148/ide/plugins/com.nxp.mcuxpresso.tools.win32_11.10.0.202311280810/tools/bin/../lib/gcc/arm-none-eabi/13.2.1/../../../../arm-none-eabi/lib/thumb/v8-m.main+fp/hard\libcr_c.a(memcpy.o)
 .debug_abbrev  0x00002b69       0xa8 C:/nxp/MCUXpressoIDE_11.10.0_3148/ide/plugins/com.nxp.mcuxpresso.tools.win32_11.10.0.202311280810/tools/bin/../lib/gcc/arm-none-eabi/13.2.1/../../../../arm-none-eabi/lib/thumb/v8-m.main+fp/hard\libcr_c.a(memset.o)
 .debug_abbrev  0x00002c11      0x284 C:/nxp/MCUXpressoIDE_11.10.0_3148/ide/plugins/com.nxp.mcuxpresso.tools.win32_11.10.0.202311280810/tools/bin/../lib/gcc/arm-none-eabi/13.2.1/../../../../arm-none-eabi/lib/thumb/v8-m.main+fp/hard\libcr_c.a(alloc.o)
 .debug_abbrev  0x00002e95       0x44 C:/nxp/MCUXpressoIDE_11.10.0_3148/ide/plugins/com.nxp.mcuxpresso.tools.win32_11.10.0.202311280810/tools/bin/../lib/gcc/arm-none-eabi/13.2.1/../../../../arm-none-eabi/lib/thumb/v8-m.main+fp/hard\libcr_c.a(errno.o)
 .debug_abbrev  0x00002ed9      0x169 C:/nxp/MCUXpressoIDE_11.10.0_3148/ide/plugins/com.nxp.mcuxpresso.tools.win32_11.10.0.202311280810/tools/bin/../lib/gcc/arm-none-eabi/13.2.1/../../../../arm-none-eabi/lib/thumb/v8-m.main+fp/hard\libcr_c.a(initio.o)
 .debug_abbrev  0x00003042       0xe1 C:/nxp/MCUXpressoIDE_11.10.0_3148/ide/plugins/com.nxp.mcuxpresso.tools.win32_11.10.0.202311280810/tools/bin/../lib/gcc/arm-none-eabi/13.2.1/../../../../arm-none-eabi/lib/thumb/v8-m.main+fp/hard\libcr_c.a(setvbuf.o)
 .debug_abbrev  0x00003123       0xa7 C:/nxp/MCUXpressoIDE_11.10.0_3148/ide/plugins/com.nxp.mcuxpresso.tools.win32_11.10.0.202311280810/tools/bin/../lib/gcc/arm-none-eabi/13.2.1/../../../../arm-none-eabi/lib/thumb/v8-m.main+fp/hard\libcr_c.a(strlen.o)
 .debug_abbrev  0x000031ca      0x152 C:/nxp/MCUXpressoIDE_11.10.0_3148/ide/plugins/com.nxp.mcuxpresso.tools.win32_11.10.0.202311280810/tools/bin/../lib/gcc/arm-none-eabi/13.2.1/../../../../arm-none-eabi/lib/thumb/v8-m.main+fp/hard\libcr_c.a(_deferredlazyseek.o)
 .debug_abbrev  0x0000331c      0x119 C:/nxp/MCUXpressoIDE_11.10.0_3148/ide/plugins/com.nxp.mcuxpresso.tools.win32_11.10.0.202311280810/tools/bin/../lib/gcc/arm-none-eabi/13.2.1/../../../../arm-none-eabi/lib/thumb/v8-m.main+fp/hard\libcr_c.a(_fdopen.o)
 .debug_abbrev  0x00003435       0xf1 C:/nxp/MCUXpressoIDE_11.10.0_3148/ide/plugins/com.nxp.mcuxpresso.tools.win32_11.10.0.202311280810/tools/bin/../lib/gcc/arm-none-eabi/13.2.1/../../../../arm-none-eabi/lib/thumb/v8-m.main+fp/hard\libcr_c.a(_fflush.o)
 .debug_abbrev  0x00003526      0x126 C:/nxp/MCUXpressoIDE_11.10.0_3148/ide/plugins/com.nxp.mcuxpresso.tools.win32_11.10.0.202311280810/tools/bin/../lib/gcc/arm-none-eabi/13.2.1/../../../../arm-none-eabi/lib/thumb/v8-m.main+fp/hard\libcr_c.a(_writebuf.o)
 .debug_abbrev  0x0000364c      0x155 C:/nxp/MCUXpressoIDE_11.10.0_3148/ide/plugins/com.nxp.mcuxpresso.tools.win32_11.10.0.202311280810/tools/bin/../lib/gcc/arm-none-eabi/13.2.1/../../../../arm-none-eabi/lib/thumb/v8-m.main+fp/hard\libcr_c.a(fclose.o)
 .debug_abbrev  0x000037a1      0x125 C:/nxp/MCUXpressoIDE_11.10.0_3148/ide/plugins/com.nxp.mcuxpresso.tools.win32_11.10.0.202311280810/tools/bin/../lib/gcc/arm-none-eabi/13.2.1/../../../../arm-none-eabi/lib/thumb/v8-m.main+fp/hard\libcr_c.a(fflush.o)
 .debug_abbrev  0x000038c6      0x11b C:/nxp/MCUXpressoIDE_11.10.0_3148/ide/plugins/com.nxp.mcuxpresso.tools.win32_11.10.0.202311280810/tools/bin/../lib/gcc/arm-none-eabi/13.2.1/../../../../arm-none-eabi/lib/thumb/v8-m.main+fp/hard\libcr_c.a(fseek.o)
 .debug_abbrev  0x000039e1       0xc2 C:/nxp/MCUXpressoIDE_11.10.0_3148/ide/plugins/com.nxp.mcuxpresso.tools.win32_11.10.0.202311280810/tools/bin/../lib/gcc/arm-none-eabi/13.2.1/../../../../arm-none-eabi/lib/thumb/v8-m.main+fp/hard\libcr_c.a(ftell.o)
 .debug_abbrev  0x00003aa3       0xfb C:/nxp/MCUXpressoIDE_11.10.0_3148/ide/plugins/com.nxp.mcuxpresso.tools.win32_11.10.0.202311280810/tools/bin/../lib/gcc/arm-none-eabi/13.2.1/../../../../arm-none-eabi/lib/thumb/v8-m.main+fp/hard\libcr_c.a(remove.o)
 .debug_abbrev  0x00003b9e      0x12c C:/nxp/MCUXpressoIDE_11.10.0_3148/ide/plugins/com.nxp.mcuxpresso.tools.win32_11.10.0.202311280810/tools/bin/../lib/gcc/arm-none-eabi/13.2.1/../../../../arm-none-eabi/lib/thumb/v8-m.main+fp/hard\libcr_c.a(_do_fflush.o)
 .debug_abbrev  0x00003cca       0xb5 C:/nxp/MCUXpressoIDE_11.10.0_3148/ide/plugins/com.nxp.mcuxpresso.tools.win32_11.10.0.202311280810/tools/bin/../lib/gcc/arm-none-eabi/13.2.1/../../../../arm-none-eabi/lib/thumb/v8-m.main+fp/hard\libcr_nohost_nf.a(__ciob.o)
 .debug_abbrev  0x00003d7f       0x5c C:/nxp/MCUXpressoIDE_11.10.0_3148/ide/plugins/com.nxp.mcuxpresso.tools.win32_11.10.0.202311280810/tools/bin/../lib/gcc/arm-none-eabi/13.2.1/../../../../arm-none-eabi/lib/thumb/v8-m.main+fp/hard\libcr_nohost_nf.a(__sys_close.o)
 .debug_abbrev  0x00003ddb       0x5c C:/nxp/MCUXpressoIDE_11.10.0_3148/ide/plugins/com.nxp.mcuxpresso.tools.win32_11.10.0.202311280810/tools/bin/../lib/gcc/arm-none-eabi/13.2.1/../../../../arm-none-eabi/lib/thumb/v8-m.main+fp/hard\libcr_nohost_nf.a(__sys_flen.o)
 .debug_abbrev  0x00003e37       0x5c C:/nxp/MCUXpressoIDE_11.10.0_3148/ide/plugins/com.nxp.mcuxpresso.tools.win32_11.10.0.202311280810/tools/bin/../lib/gcc/arm-none-eabi/13.2.1/../../../../arm-none-eabi/lib/thumb/v8-m.main+fp/hard\libcr_nohost_nf.a(__sys_istty.o)
 .debug_abbrev  0x00003e93       0x7d C:/nxp/MCUXpressoIDE_11.10.0_3148/ide/plugins/com.nxp.mcuxpresso.tools.win32_11.10.0.202311280810/tools/bin/../lib/gcc/arm-none-eabi/13.2.1/../../../../arm-none-eabi/lib/thumb/v8-m.main+fp/hard\libcr_nohost_nf.a(__sys_remove.o)
 .debug_abbrev  0x00003f10       0x6d C:/nxp/MCUXpressoIDE_11.10.0_3148/ide/plugins/com.nxp.mcuxpresso.tools.win32_11.10.0.202311280810/tools/bin/../lib/gcc/arm-none-eabi/13.2.1/../../../../arm-none-eabi/lib/thumb/v8-m.main+fp/hard\libcr_nohost_nf.a(__sys_seek.o)
 .debug_abbrev  0x00003f7d       0x76 C:/nxp/MCUXpressoIDE_11.10.0_3148/ide/plugins/com.nxp.mcuxpresso.tools.win32_11.10.0.202311280810/tools/bin/../lib/gcc/arm-none-eabi/13.2.1/../../../../arm-none-eabi/lib/thumb/v8-m.main+fp/hard\libcr_nohost_nf.a(__sys_tmpnam.o)
 .debug_abbrev  0x00003ff3       0x76 C:/nxp/MCUXpressoIDE_11.10.0_3148/ide/plugins/com.nxp.mcuxpresso.tools.win32_11.10.0.202311280810/tools/bin/../lib/gcc/arm-none-eabi/13.2.1/../../../../arm-none-eabi/lib/thumb/v8-m.main+fp/hard\libcr_nohost_nf.a(__sys_write.o)

.debug_aranges  0x00000000     0x1048
 .debug_aranges
                0x00000000       0x28 ./utilities/fsl_assert.o
 .debug_aranges
                0x00000028       0xa8 ./utilities/fsl_debug_console.o
 .debug_aranges
                0x000000d0       0xe8 ./utilities/fsl_str.o
 .debug_aranges
                0x000001b8      0x2e0 ./startup/startup_kw45b41z83.o
 .debug_aranges
                0x00000498       0x20 ./source/semihost_hardfault.o
 .debug_aranges
                0x000004b8       0x40 ./source/timer_blink.o
 .debug_aranges
                0x000004f8       0x68 ./drivers/fsl_ccm32k.o
 .debug_aranges
                0x00000560       0xd8 ./drivers/fsl_clock.o
 .debug_aranges
                0x00000638       0x60 ./drivers/fsl_gpio.o
 .debug_aranges
                0x00000698       0x58 ./drivers/fsl_lpit.o
 .debug_aranges
                0x000006f0      0x168 ./drivers/fsl_lpuart.o
 .debug_aranges
                0x00000858      0x178 ./drivers/fsl_spc.o
 .debug_aranges
                0x000009d0       0x30 ./device/system_KW45B41Z83.o
 .debug_aranges
                0x00000a00       0x58 ./component/uart/fsl_adapter_lpuart.o
 .debug_aranges
                0x00000a58       0xa0 ./component/serial_manager/fsl_component_serial_manager.o
 .debug_aranges
                0x00000af8       0x48 ./component/serial_manager/fsl_component_serial_port_uart.o
 .debug_aranges
                0x00000b40       0x28 ./board/board.o
 .debug_aranges
                0x00000b68       0xa8 ./board/clock_config.o
 .debug_aranges
                0x00000c10       0x58 ./board/peripherals.o
 .debug_aranges
                0x00000c68       0x78 ./board/pin_mux.o
 .debug_aranges
                0x00000ce0       0x20 C:/nxp/MCUXpressoIDE_11.10.0_3148/ide/plugins/com.nxp.mcuxpresso.tools.win32_11.10.0.202311280810/tools/bin/../lib/gcc/arm-none-eabi/13.2.1/../../../../arm-none-eabi/lib/thumb/v8-m.main+fp/hard\libcr_nohost_nf.a(_cr__main.o)
 .debug_aranges
                0x00000d00       0x20 C:/nxp/MCUXpressoIDE_11.10.0_3148/ide/plugins/com.nxp.mcuxpresso.tools.win32_11.10.0.202311280810/tools/bin/../lib/gcc/arm-none-eabi/13.2.1/../../../../arm-none-eabi/lib/thumb/v8-m.main+fp/hard\libcr_c.a(memcpy.o)
 .debug_aranges
                0x00000d20       0x20 C:/nxp/MCUXpressoIDE_11.10.0_3148/ide/plugins/com.nxp.mcuxpresso.tools.win32_11.10.0.202311280810/tools/bin/../lib/gcc/arm-none-eabi/13.2.1/../../../../arm-none-eabi/lib/thumb/v8-m.main+fp/hard\libcr_c.a(memset.o)
 .debug_aranges
                0x00000d40       0x40 C:/nxp/MCUXpressoIDE_11.10.0_3148/ide/plugins/com.nxp.mcuxpresso.tools.win32_11.10.0.202311280810/tools/bin/../lib/gcc/arm-none-eabi/13.2.1/../../../../arm-none-eabi/lib/thumb/v8-m.main+fp/hard\libcr_c.a(alloc.o)
 .debug_aranges
                0x00000d80       0x18 C:/nxp/MCUXpressoIDE_11.10.0_3148/ide/plugins/com.nxp.mcuxpresso.tools.win32_11.10.0.202311280810/tools/bin/../lib/gcc/arm-none-eabi/13.2.1/../../../../arm-none-eabi/lib/thumb/v8-m.main+fp/hard\libcr_c.a(errno.o)
 .debug_aranges
                0x00000d98       0x28 C:/nxp/MCUXpressoIDE_11.10.0_3148/ide/plugins/com.nxp.mcuxpresso.tools.win32_11.10.0.202311280810/tools/bin/../lib/gcc/arm-none-eabi/13.2.1/../../../../arm-none-eabi/lib/thumb/v8-m.main+fp/hard\libcr_c.a(initio.o)
 .debug_aranges
                0x00000dc0       0x20 C:/nxp/MCUXpressoIDE_11.10.0_3148/ide/plugins/com.nxp.mcuxpresso.tools.win32_11.10.0.202311280810/tools/bin/../lib/gcc/arm-none-eabi/13.2.1/../../../../arm-none-eabi/lib/thumb/v8-m.main+fp/hard\libcr_c.a(setvbuf.o)
 .debug_aranges
                0x00000de0       0x20 C:/nxp/MCUXpressoIDE_11.10.0_3148/ide/plugins/com.nxp.mcuxpresso.tools.win32_11.10.0.202311280810/tools/bin/../lib/gcc/arm-none-eabi/13.2.1/../../../../arm-none-eabi/lib/thumb/v8-m.main+fp/hard\libcr_c.a(strlen.o)
 .debug_aranges
                0x00000e00       0x28 C:/nxp/MCUXpressoIDE_11.10.0_3148/ide/plugins/com.nxp.mcuxpresso.tools.win32_11.10.0.202311280810/tools/bin/../lib/gcc/arm-none-eabi/13.2.1/../../../../arm-none-eabi/lib/thumb/v8-m.main+fp/hard\libcr_c.a(_deferredlazyseek.o)
 .debug_aranges
                0x00000e28       0x20 C:/nxp/MCUXpressoIDE_11.10.0_3148/ide/plugins/com.nxp.mcuxpresso.tools.win32_11.10.0.202311280810/tools/bin/../lib/gcc/arm-none-eabi/13.2.1/../../../../arm-none-eabi/lib/thumb/v8-m.main+fp/hard\libcr_c.a(_fdopen.o)
 .debug_aranges
                0x00000e48       0x20 C:/nxp/MCUXpressoIDE_11.10.0_3148/ide/plugins/com.nxp.mcuxpresso.tools.win32_11.10.0.202311280810/tools/bin/../lib/gcc/arm-none-eabi/13.2.1/../../../../arm-none-eabi/lib/thumb/v8-m.main+fp/hard\libcr_c.a(_fflush.o)
 .debug_aranges
                0x00000e68       0x20 C:/nxp/MCUXpressoIDE_11.10.0_3148/ide/plugins/com.nxp.mcuxpresso.tools.win32_11.10.0.202311280810/tools/bin/../lib/gcc/arm-none-eabi/13.2.1/../../../../arm-none-eabi/lib/thumb/v8-m.main+fp/hard\libcr_c.a(_writebuf.o)
 .debug_aranges
                0x00000e88       0x20 C:/nxp/MCUXpressoIDE_11.10.0_3148/ide/plugins/com.nxp.mcuxpresso.tools.win32_11.10.0.202311280810/tools/bin/../lib/gcc/arm-none-eabi/13.2.1/../../../../arm-none-eabi/lib/thumb/v8-m.main+fp/hard\libcr_c.a(fclose.o)
 .debug_aranges
                0x00000ea8       0x20 C:/nxp/MCUXpressoIDE_11.10.0_3148/ide/plugins/com.nxp.mcuxpresso.tools.win32_11.10.0.202311280810/tools/bin/../lib/gcc/arm-none-eabi/13.2.1/../../../../arm-none-eabi/lib/thumb/v8-m.main+fp/hard\libcr_c.a(fflush.o)
 .debug_aranges
                0x00000ec8       0x20 C:/nxp/MCUXpressoIDE_11.10.0_3148/ide/plugins/com.nxp.mcuxpresso.tools.win32_11.10.0.202311280810/tools/bin/../lib/gcc/arm-none-eabi/13.2.1/../../../../arm-none-eabi/lib/thumb/v8-m.main+fp/hard\libcr_c.a(fseek.o)
 .debug_aranges
                0x00000ee8       0x20 C:/nxp/MCUXpressoIDE_11.10.0_3148/ide/plugins/com.nxp.mcuxpresso.tools.win32_11.10.0.202311280810/tools/bin/../lib/gcc/arm-none-eabi/13.2.1/../../../../arm-none-eabi/lib/thumb/v8-m.main+fp/hard\libcr_c.a(ftell.o)
 .debug_aranges
                0x00000f08       0x28 C:/nxp/MCUXpressoIDE_11.10.0_3148/ide/plugins/com.nxp.mcuxpresso.tools.win32_11.10.0.202311280810/tools/bin/../lib/gcc/arm-none-eabi/13.2.1/../../../../arm-none-eabi/lib/thumb/v8-m.main+fp/hard\libcr_c.a(remove.o)
 .debug_aranges
                0x00000f30       0x20 C:/nxp/MCUXpressoIDE_11.10.0_3148/ide/plugins/com.nxp.mcuxpresso.tools.win32_11.10.0.202311280810/tools/bin/../lib/gcc/arm-none-eabi/13.2.1/../../../../arm-none-eabi/lib/thumb/v8-m.main+fp/hard\libcr_c.a(_do_fflush.o)
 .debug_aranges
                0x00000f50       0x18 C:/nxp/MCUXpressoIDE_11.10.0_3148/ide/plugins/com.nxp.mcuxpresso.tools.win32_11.10.0.202311280810/tools/bin/../lib/gcc/arm-none-eabi/13.2.1/../../../../arm-none-eabi/lib/thumb/v8-m.main+fp/hard\libcr_nohost_nf.a(__ciob.o)
 .debug_aranges
                0x00000f68       0x20 C:/nxp/MCUXpressoIDE_11.10.0_3148/ide/plugins/com.nxp.mcuxpresso.tools.win32_11.10.0.202311280810/tools/bin/../lib/gcc/arm-none-eabi/13.2.1/../../../../arm-none-eabi/lib/thumb/v8-m.main+fp/hard\libcr_nohost_nf.a(__sys_close.o)
 .debug_aranges
                0x00000f88       0x20 C:/nxp/MCUXpressoIDE_11.10.0_3148/ide/plugins/com.nxp.mcuxpresso.tools.win32_11.10.0.202311280810/tools/bin/../lib/gcc/arm-none-eabi/13.2.1/../../../../arm-none-eabi/lib/thumb/v8-m.main+fp/hard\libcr_nohost_nf.a(__sys_flen.o)
 .debug_aranges
                0x00000fa8       0x20 C:/nxp/MCUXpressoIDE_11.10.0_3148/ide/plugins/com.nxp.mcuxpresso.tools.win32_11.10.0.202311280810/tools/bin/../lib/gcc/arm-none-eabi/13.2.1/../../../../arm-none-eabi/lib/thumb/v8-m.main+fp/hard\libcr_nohost_nf.a(__sys_istty.o)
 .debug_aranges
                0x00000fc8       0x20 C:/nxp/MCUXpressoIDE_11.10.0_3148/ide/plugins/com.nxp.mcuxpresso.tools.win32_11.10.0.202311280810/tools/bin/../lib/gcc/arm-none-eabi/13.2.1/../../../../arm-none-eabi/lib/thumb/v8-m.main+fp/hard\libcr_nohost_nf.a(__sys_remove.o)
 .debug_aranges
                0x00000fe8       0x20 C:/nxp/MCUXpressoIDE_11.10.0_3148/ide/plugins/com.nxp.mcuxpresso.tools.win32_11.10.0.202311280810/tools/bin/../lib/gcc/arm-none-eabi/13.2.1/../../../../arm-none-eabi/lib/thumb/v8-m.main+fp/hard\libcr_nohost_nf.a(__sys_seek.o)
 .debug_aranges
                0x00001008       0x20 C:/nxp/MCUXpressoIDE_11.10.0_3148/ide/plugins/com.nxp.mcuxpresso.tools.win32_11.10.0.202311280810/tools/bin/../lib/gcc/arm-none-eabi/13.2.1/../../../../arm-none-eabi/lib/thumb/v8-m.main+fp/hard\libcr_nohost_nf.a(__sys_tmpnam.o)
 .debug_aranges
                0x00001028       0x20 C:/nxp/MCUXpressoIDE_11.10.0_3148/ide/plugins/com.nxp.mcuxpresso.tools.win32_11.10.0.202311280810/tools/bin/../lib/gcc/arm-none-eabi/13.2.1/../../../../arm-none-eabi/lib/thumb/v8-m.main+fp/hard\libcr_nohost_nf.a(__sys_write.o)

.debug_ranges   0x00000000      0xde8
 .debug_ranges  0x00000000       0x18 ./utilities/fsl_assert.o
 .debug_ranges  0x00000018       0x98 ./utilities/fsl_debug_console.o
 .debug_ranges  0x000000b0      0x108 ./utilities/fsl_str.o
 .debug_ranges  0x000001b8      0x2d0 ./startup/startup_kw45b41z83.o
 .debug_ranges  0x00000488       0x10 ./source/semihost_hardfault.o
 .debug_ranges  0x00000498       0x30 ./source/timer_blink.o
 .debug_ranges  0x000004c8       0x58 ./drivers/fsl_ccm32k.o
 .debug_ranges  0x00000520       0xc8 ./drivers/fsl_clock.o
 .debug_ranges  0x000005e8       0x50 ./drivers/fsl_gpio.o
 .debug_ranges  0x00000638       0x48 ./drivers/fsl_lpit.o
 .debug_ranges  0x00000680      0x158 ./drivers/fsl_lpuart.o
 .debug_ranges  0x000007d8      0x168 ./drivers/fsl_spc.o
 .debug_ranges  0x00000940       0x20 ./device/system_KW45B41Z83.o
 .debug_ranges  0x00000960       0x48 ./component/uart/fsl_adapter_lpuart.o
 .debug_ranges  0x000009a8       0x90 ./component/serial_manager/fsl_component_serial_manager.o
 .debug_ranges  0x00000a38       0x38 ./component/serial_manager/fsl_component_serial_port_uart.o
 .debug_ranges  0x00000a70       0x18 ./board/board.o
 .debug_ranges  0x00000a88       0x98 ./board/clock_config.o
 .debug_ranges  0x00000b20       0x48 ./board/peripherals.o
 .debug_ranges  0x00000b68       0x68 ./board/pin_mux.o
 .debug_ranges  0x00000bd0       0x10 C:/nxp/MCUXpressoIDE_11.10.0_3148/ide/plugins/com.nxp.mcuxpresso.tools.win32_11.10.0.202311280810/tools/bin/../lib/gcc/arm-none-eabi/13.2.1/../../../../arm-none-eabi/lib/thumb/v8-m.main+fp/hard\libcr_nohost_nf.a(_cr__main.o)
 .debug_ranges  0x00000be0       0x10 C:/nxp/MCUXpressoIDE_11.10.0_3148/ide/plugins/com.nxp.mcuxpresso.tools.win32_11.10.0.202311280810/tools/bin/../lib/gcc/arm-none-eabi/13.2.1/../../../../arm-none-eabi/lib/thumb/v8-m.main+fp/hard\libcr_c.a(memcpy.o)
 .debug_ranges  0x00000bf0       0x10 C:/nxp/MCUXpressoIDE_11.10.0_3148/ide/plugins/com.nxp.mcuxpresso.tools.win32_11.10.0.202311280810/tools/bin/../lib/gcc/arm-none-eabi/13.2.1/../../../../arm-none-eabi/lib/thumb/v8-m.main+fp/hard\libcr_c.a(memset.o)
 .debug_ranges  0x00000c00       0x48 C:/nxp/MCUXpressoIDE_11.10.0_3148/ide/plugins/com.nxp.mcuxpresso.tools.win32_11.10.0.202311280810/tools/bin/../lib/gcc/arm-none-eabi/13.2.1/../../../../arm-none-eabi/lib/thumb/v8-m.main+fp/hard\libcr_c.a(alloc.o)
 .debug_ranges  0x00000c48       0x18 C:/nxp/MCUXpressoIDE_11.10.0_3148/ide/plugins/com.nxp.mcuxpresso.tools.win32_11.10.0.202311280810/tools/bin/../lib/gcc/arm-none-eabi/13.2.1/../../../../arm-none-eabi/lib/thumb/v8-m.main+fp/hard\libcr_c.a(initio.o)
 .debug_ranges  0x00000c60       0x10 C:/nxp/MCUXpressoIDE_11.10.0_3148/ide/plugins/com.nxp.mcuxpresso.tools.win32_11.10.0.202311280810/tools/bin/../lib/gcc/arm-none-eabi/13.2.1/../../../../arm-none-eabi/lib/thumb/v8-m.main+fp/hard\libcr_c.a(setvbuf.o)
 .debug_ranges  0x00000c70       0x10 C:/nxp/MCUXpressoIDE_11.10.0_3148/ide/plugins/com.nxp.mcuxpresso.tools.win32_11.10.0.202311280810/tools/bin/../lib/gcc/arm-none-eabi/13.2.1/../../../../arm-none-eabi/lib/thumb/v8-m.main+fp/hard\libcr_c.a(strlen.o)
 .debug_ranges  0x00000c80       0x30 C:/nxp/MCUXpressoIDE_11.10.0_3148/ide/plugins/com.nxp.mcuxpresso.tools.win32_11.10.0.202311280810/tools/bin/../lib/gcc/arm-none-eabi/13.2.1/../../../../arm-none-eabi/lib/thumb/v8-m.main+fp/hard\libcr_c.a(_deferredlazyseek.o)
 .debug_ranges  0x00000cb0       0x10 C:/nxp/MCUXpressoIDE_11.10.0_3148/ide/plugins/com.nxp.mcuxpresso.tools.win32_11.10.0.202311280810/tools/bin/../lib/gcc/arm-none-eabi/13.2.1/../../../../arm-none-eabi/lib/thumb/v8-m.main+fp/hard\libcr_c.a(_fdopen.o)
 .debug_ranges  0x00000cc0       0x10 C:/nxp/MCUXpressoIDE_11.10.0_3148/ide/plugins/com.nxp.mcuxpresso.tools.win32_11.10.0.202311280810/tools/bin/../lib/gcc/arm-none-eabi/13.2.1/../../../../arm-none-eabi/lib/thumb/v8-m.main+fp/hard\libcr_c.a(_fflush.o)
 .debug_ranges  0x00000cd0       0x10 C:/nxp/MCUXpressoIDE_11.10.0_3148/ide/plugins/com.nxp.mcuxpresso.tools.win32_11.10.0.202311280810/tools/bin/../lib/gcc/arm-none-eabi/13.2.1/../../../../arm-none-eabi/lib/thumb/v8-m.main+fp/hard\libcr_c.a(_writebuf.o)
 .debug_ranges  0x00000ce0       0x10 C:/nxp/MCUXpressoIDE_11.10.0_3148/ide/plugins/com.nxp.mcuxpresso.tools.win32_11.10.0.202311280810/tools/bin/../lib/gcc/arm-none-eabi/13.2.1/../../../../arm-none-eabi/lib/thumb/v8-m.main+fp/hard\libcr_c.a(fclose.o)
 .debug_ranges  0x00000cf0       0x28 C:/nxp/MCUXpressoIDE_11.10.0_3148/ide/plugins/com.nxp.mcuxpresso.tools.win32_11.10.0.202311280810/tools/bin/../lib/gcc/arm-none-eabi/13.2.1/../../../../arm-none-eabi/lib/thumb/v8-m.main+fp/hard\libcr_c.a(fflush.o)
 .debug_ranges  0x00000d18       0x10 C:/nxp/MCUXpressoIDE_11.10.0_3148/ide/plugins/com.nxp.mcuxpresso.tools.win32_11.10.0.202311280810/tools/bin/../lib/gcc/arm-none-eabi/13.2.1/../../../../arm-none-eabi/lib/thumb/v8-m.main+fp/hard\libcr_c.a(fseek.o)
 .debug_ranges  0x00000d28       0x10 C:/nxp/MCUXpressoIDE_11.10.0_3148/ide/plugins/com.nxp.mcuxpresso.tools.win32_11.10.0.202311280810/tools/bin/../lib/gcc/arm-none-eabi/13.2.1/../../../../arm-none-eabi/lib/thumb/v8-m.main+fp/hard\libcr_c.a(ftell.o)
 .debug_ranges  0x00000d38       0x18 C:/nxp/MCUXpressoIDE_11.10.0_3148/ide/plugins/com.nxp.mcuxpresso.tools.win32_11.10.0.202311280810/tools/bin/../lib/gcc/arm-none-eabi/13.2.1/../../../../arm-none-eabi/lib/thumb/v8-m.main+fp/hard\libcr_c.a(remove.o)
 .debug_ranges  0x00000d50       0x28 C:/nxp/MCUXpressoIDE_11.10.0_3148/ide/plugins/com.nxp.mcuxpresso.tools.win32_11.10.0.202311280810/tools/bin/../lib/gcc/arm-none-eabi/13.2.1/../../../../arm-none-eabi/lib/thumb/v8-m.main+fp/hard\libcr_c.a(_do_fflush.o)
 .debug_ranges  0x00000d78       0x10 C:/nxp/MCUXpressoIDE_11.10.0_3148/ide/plugins/com.nxp.mcuxpresso.tools.win32_11.10.0.202311280810/tools/bin/../lib/gcc/arm-none-eabi/13.2.1/../../../../arm-none-eabi/lib/thumb/v8-m.main+fp/hard\libcr_nohost_nf.a(__sys_close.o)
 .debug_ranges  0x00000d88       0x10 C:/nxp/MCUXpressoIDE_11.10.0_3148/ide/plugins/com.nxp.mcuxpresso.tools.win32_11.10.0.202311280810/tools/bin/../lib/gcc/arm-none-eabi/13.2.1/../../../../arm-none-eabi/lib/thumb/v8-m.main+fp/hard\libcr_nohost_nf.a(__sys_flen.o)
 .debug_ranges  0x00000d98       0x10 C:/nxp/MCUXpressoIDE_11.10.0_3148/ide/plugins/com.nxp.mcuxpresso.tools.win32_11.10.0.202311280810/tools/bin/../lib/gcc/arm-none-eabi/13.2.1/../../../../arm-none-eabi/lib/thumb/v8-m.main+fp/hard\libcr_nohost_nf.a(__sys_istty.o)
 .debug_ranges  0x00000da8       0x10 C:/nxp/MCUXpressoIDE_11.10.0_3148/ide/plugins/com.nxp.mcuxpresso.tools.win32_11.10.0.202311280810/tools/bin/../lib/gcc/arm-none-eabi/13.2.1/../../../../arm-none-eabi/lib/thumb/v8-m.main+fp/hard\libcr_nohost_nf.a(__sys_remove.o)
 .debug_ranges  0x00000db8       0x10 C:/nxp/MCUXpressoIDE_11.10.0_3148/ide/plugins/com.nxp.mcuxpresso.tools.win32_11.10.0.202311280810/tools/bin/../lib/gcc/arm-none-eabi/13.2.1/../../../../arm-none-eabi/lib/thumb/v8-m.main+fp/hard\libcr_nohost_nf.a(__sys_seek.o)
 .debug_ranges  0x00000dc8       0x10 C:/nxp/MCUXpressoIDE_11.10.0_3148/ide/plugins/com.nxp.mcuxpresso.tools.win32_11.10.0.202311280810/tools/bin/../lib/gcc/arm-none-eabi/13.2.1/../../../../arm-none-eabi/lib/thumb/v8-m.main+fp/hard\libcr_nohost_nf.a(__sys_tmpnam.o)
 .debug_ranges  0x00000dd8       0x10 C:/nxp/MCUXpressoIDE_11.10.0_3148/ide/plugins/com.nxp.mcuxpresso.tools.win32_11.10.0.202311280810/tools/bin/../lib/gcc/arm-none-eabi/13.2.1/../../../../arm-none-eabi/lib/thumb/v8-m.main+fp/hard\libcr_nohost_nf.a(__sys_write.o)

.debug_macro    0x00000000    0x295bf
 .debug_macro   0x00000000      0x16b ./utilities/fsl_assert.o
 .debug_macro   0x0000016b      0xb14 ./utilities/fsl_assert.o
 .debug_macro   0x00000c7f       0x10 ./utilities/fsl_assert.o
 .debug_macro   0x00000c8f       0x1c ./utilities/fsl_assert.o
 .debug_macro   0x00000cab       0x22 ./utilities/fsl_assert.o
 .debug_macro   0x00000ccd      0x12e ./utilities/fsl_assert.o
 .debug_macro   0x00000dfb      0x5b3 ./utilities/fsl_assert.o
 .debug_macro   0x000013ae       0x22 ./utilities/fsl_assert.o
 .debug_macro   0x000013d0       0x10 ./utilities/fsl_assert.o
 .debug_macro   0x000013e0       0x46 ./utilities/fsl_assert.o
 .debug_macro   0x00001426       0x1c ./utilities/fsl_assert.o
 .debug_macro   0x00001442       0x29 ./utilities/fsl_assert.o
 .debug_macro   0x0000146b       0xfb ./utilities/fsl_assert.o
 .debug_macro   0x00001566     0x167e ./utilities/fsl_assert.o
 .debug_macro   0x00002be4       0x5e ./utilities/fsl_assert.o
 .debug_macro   0x00002c42       0x16 ./utilities/fsl_assert.o
 .debug_macro   0x00002c58    0x23e59 ./utilities/fsl_assert.o
 .debug_macro   0x00026ab1      0x73d ./utilities/fsl_assert.o
 .debug_macro   0x000271ee       0x7a ./utilities/fsl_assert.o
 .debug_macro   0x00027268       0xaf ./utilities/fsl_assert.o
 .debug_macro   0x00027317       0xb5 ./utilities/fsl_assert.o
 .debug_macro   0x000273cc       0x70 ./utilities/fsl_assert.o
 .debug_macro   0x0002743c       0x47 ./utilities/fsl_assert.o
 .debug_macro   0x00027483       0x16 ./utilities/fsl_assert.o
 .debug_macro   0x00027499       0x6d ./utilities/fsl_assert.o
 .debug_macro   0x00027506       0x16 ./utilities/fsl_assert.o
 .debug_macro   0x0002751c       0x1c ./utilities/fsl_assert.o
 .debug_macro   0x00027538       0x1c ./utilities/fsl_assert.o
 .debug_macro   0x00027554      0x1d9 ./utilities/fsl_debug_console.o
 .debug_macro   0x0002772d       0x16 ./utilities/fsl_debug_console.o
 .debug_macro   0x00027743       0x10 ./utilities/fsl_debug_console.o
 .debug_macro   0x00027753       0x28 ./utilities/fsl_debug_console.o
 .debug_macro   0x0002777b       0x16 ./utilities/fsl_debug_console.o
 .debug_macro   0x00027791       0x50 ./utilities/fsl_debug_console.o
 .debug_macro   0x000277e1       0x1c ./utilities/fsl_debug_console.o
 .debug_macro   0x000277fd      0x198 ./utilities/fsl_str.o
 .debug_macro   0x00027995       0xc4 ./utilities/fsl_str.o
 .debug_macro   0x00027a59      0x1c7 ./utilities/fsl_str.o
 .debug_macro   0x00027c20       0x29 ./startup/startup_kw45b41z83.o
 .debug_macro   0x00027c49       0x11 ./source/semihost_hardfault.o
 .debug_macro   0x00027c5a      0x1c4 ./source/timer_blink.o
 .debug_macro   0x00027e1e       0xd8 ./source/timer_blink.o
 .debug_macro   0x00027ef6       0x16 ./source/timer_blink.o
 .debug_macro   0x00027f0c       0x16 ./source/timer_blink.o
 .debug_macro   0x00027f22      0x13c ./source/timer_blink.o
 .debug_macro   0x0002805e       0x10 ./source/timer_blink.o
 .debug_macro   0x0002806e       0x28 ./source/timer_blink.o
 .debug_macro   0x00028096      0x245 ./source/timer_blink.o
 .debug_macro   0x000282db      0x132 ./drivers/fsl_ccm32k.o
 .debug_macro   0x0002840d       0x1c ./drivers/fsl_ccm32k.o
 .debug_macro   0x00028429      0x13b ./drivers/fsl_clock.o
 .debug_macro   0x00028564      0x132 ./drivers/fsl_gpio.o
 .debug_macro   0x00028696       0x10 ./drivers/fsl_gpio.o
 .debug_macro   0x000286a6      0x133 ./drivers/fsl_lpit.o
 .debug_macro   0x000287d9      0x132 ./drivers/fsl_lpuart.o
 .debug_macro   0x0002890b       0x10 ./drivers/fsl_lpuart.o
 .debug_macro   0x0002891b      0x132 ./drivers/fsl_spc.o
 .debug_macro   0x00028a4d       0x2e ./drivers/fsl_spc.o
 .debug_macro   0x00028a7b       0xa9 ./device/system_KW45B41Z83.o
 .debug_macro   0x00028b24      0x14b ./component/uart/fsl_adapter_lpuart.o
 .debug_macro   0x00028c6f       0x41 ./component/uart/fsl_adapter_lpuart.o
 .debug_macro   0x00028cb0      0x1a2 ./component/serial_manager/fsl_component_serial_manager.o
 .debug_macro   0x00028e52       0x6a ./component/serial_manager/fsl_component_serial_manager.o
 .debug_macro   0x00028ebc      0x160 ./component/serial_manager/fsl_component_serial_port_uart.o
 .debug_macro   0x0002901c      0x188 ./board/board.o
 .debug_macro   0x000291a4       0x1c ./board/board.o
 .debug_macro   0x000291c0      0x148 ./board/clock_config.o
 .debug_macro   0x00029308       0x34 ./board/clock_config.o
 .debug_macro   0x0002933c      0x135 ./board/peripherals.o
 .debug_macro   0x00029471      0x138 ./board/pin_mux.o
 .debug_macro   0x000295a9       0x16 ./board/pin_mux.o

.debug_line     0x00000000     0xa4d5
 .debug_line    0x00000000      0x46d ./utilities/fsl_assert.o
 .debug_line    0x0000046d      0x846 ./utilities/fsl_debug_console.o
 .debug_line    0x00000cb3      0xd2c ./utilities/fsl_str.o
 .debug_line    0x000019df      0x907 ./startup/startup_kw45b41z83.o
 .debug_line    0x000022e6       0x59 ./source/semihost_hardfault.o
 .debug_line    0x0000233f      0x57c ./source/timer_blink.o
 .debug_line    0x000028bb      0x502 ./drivers/fsl_ccm32k.o
 .debug_line    0x00002dbd      0x944 ./drivers/fsl_clock.o
 .debug_line    0x00003701      0x44d ./drivers/fsl_gpio.o
 .debug_line    0x00003b4e      0x4e4 ./drivers/fsl_lpit.o
 .debug_line    0x00004032     0x12a8 ./drivers/fsl_lpuart.o
 .debug_line    0x000052da      0xe1c ./drivers/fsl_spc.o
 .debug_line    0x000060f6      0x31d ./device/system_KW45B41Z83.o