C:\Users\bakra\Desktop\KW45B41Z\freertos_demo\drivers/fsl_clock.h:576:20:CLOCK_EnableClock	24	static
C:\Users\bakra\Desktop\KW45B41Z\freertos_demo\drivers/fsl_port.h:322:20:PORT_SetPinConfig	32	static
C:\Users\bakra\Desktop\KW45B41Z\freertos_demo\drivers/fsl_port.h:425:20:PORT_SetPinMux	24	static
../board/pin_mux.c:85:6:BOARD_InitBootPins	8	static
../board/pin_mux.c:109:6:BOARD_InitPins	16	static
../board/pin_mux.c:150:6:BOARD_InitLEDsPins	32	static
../board/pin_mux.c:262:6:BOARD_InitDEBUG_UARTPins	16	static
../board/pin_mux.c:332:6:BOARD_InitButtonsPins	32	static
../board/pin_mux.c:448:6:BOARD_InitCANPins	16	static
../board/pin_mux.c:523:6:BOARD_InitFlashPins	32	static
../board/pin_mux.c:663:6:BOARD_InitACCELPins	16	static
../board/pin_mux.c:733:6:BOARD_InitLINPins	24	static
