C:\Users\bakra\Desktop\KW45B41Z\spirate\drivers/fsl_clock.h:662:20:CLOCK_SetIpSrc	24	static
C:\Users\bakra\Desktop\KW45B41Z\spirate\drivers/fsl_clock.h:695:20:CLOCK_SetIpSrcDiv	24	static
C:\Users\bakra\Desktop\KW45B41Z\spirate\drivers/fsl_clock.h:790:20:CLOCK_SetRunModeSysClkConfig	24	static
C:\Users\bakra\Desktop\KW45B41Z\spirate\drivers/fsl_clock.h:811:20:CLOCK_GetCurSysClkConfig	24	static
C:\Users\bakra\Desktop\KW45B41Z\spirate\drivers/fsl_clock.h:929:20:CLOCK_UnlockSysOscControlStatusReg	4	static
C:\Users\bakra\Desktop\KW45B41Z\spirate\drivers/fsl_clock.h:998:20:CLOCK_UnlockSircControlStatusReg	4	static
C:\Users\bakra\Desktop\KW45B41Z\spirate\drivers/fsl_clock.h:1084:20:CLOCK_UnlockFircControlStatusReg	4	static
C:\Users\bakra\Desktop\KW45B41Z\spirate\drivers/fsl_clock.h:1176:20:CLOCK_SetRoscMonitorMode	24	static
C:\Users\bakra\Desktop\KW45B41Z\spirate\drivers/fsl_clock.h:1192:20:CLOCK_IsRoscValid	4	static
C:\Users\bakra\Desktop\KW45B41Z\spirate\drivers/fsl_clock.h:1200:20:CLOCK_UnlockRoscControlStatusReg	4	static
C:\Users\bakra\Desktop\KW45B41Z\spirate\drivers/fsl_clock.h:1223:20:CLOCK_SetXtal0Freq	16	static
C:\Users\bakra\Desktop\KW45B41Z\spirate\drivers/fsl_clock.h:1233:20:CLOCK_SetXtal32Freq	16	static
C:\Users\bakra\Desktop\KW45B41Z\spirate\drivers/fsl_ccm32k.h:478:20:CCM32K_SelectClockSource	16	static
C:\Users\bakra\Desktop\KW45B41Z\spirate\drivers/fsl_ccm32k.h:515:24:CCM32K_GetStatusFlag	16	static
../board/clock_config.c:54:13:CLOCK_CONFIG_SetScgOutSel	16	static
../board/clock_config.c:69:13:CLOCK_CONFIG_FircSafeConfig	24	static
../board/clock_config.c:92:6:BOARD_InitBootClocks	8	static
../board/clock_config.c:185:6:BOARD_BootClockRUN	24	static
