../utilities/fsl_str.c:110:17:PrintGetWidth	24	static
../utilities/fsl_str.c:139:17:PrintGetPrecision	40	static
../utilities/fsl_str.c:196:17:PrintIsobpu	24	static
../utilities/fsl_str.c:206:17:PrintIsdi	24	static
../utilities/fsl_str.c:216:13:PrintOutputdifFobpu	32	static
../utilities/fsl_str.c:269:13:PrintOutputxX	32	static
../utilities/fsl_str.c:330:17:PrintIsfF	24	static
../utilities/fsl_str.c:340:17:PrintIsxX	24	static
../utilities/fsl_str.c:431:13:PrintFilterLengthFlag	24	static
../utilities/fsl_str.c:445:16:PrintGetRadixFromobpu	24	static
../utilities/fsl_str.c:468:17:ScanIsWhiteSpace	24	static
../utilities/fsl_str.c:478:17:ScanIgnoreWhiteSpace	24	static
../utilities/fsl_str.c:493:16:ConvertRadixNumToString	64	static
../utilities/fsl_str.c:748:13:StrFormatExaminedi	16	static
../utilities/fsl_str.c:770:13:StrFormatExaminexX	16	static
../utilities/fsl_str.c:792:13:StrFormatExamineobpu	16	static
../utilities/fsl_str.c:813:16:ConvertPrecisionWidthToLength	24	static
../utilities/fsl_str.c:845:5:StrFormatPrintf	144	static
../utilities/fsl_str.c:1097:16:StrFormatScanIsFormatStarting	24	static
../utilities/fsl_str.c:1116:16:StrFormatScanGetBase	16	static
../utilities/fsl_str.c:1139:16:StrFormatScanCheckSymbol	24	static
../utilities/fsl_str.c:1160:16:StrFormatScanFillInteger	24	static
../utilities/fsl_str.c:1309:16:StrFormatScanfStringHandling	40	static
../utilities/fsl_str.c:1435:13:StrFormatScanfHandleChar	24	static
../utilities/fsl_str.c:1474:13:StrFormatScanfHandleString	24	static
../utilities/fsl_str.c:1520:5:StrFormatScanf	104	static
