../drivers/fsl_spc.h:624:44:SPC_GetActiveModeCoreLDOVDDVoltageLevel	16	static
../drivers/fsl_spc.h:648:24:SPC_GetActiveModeVoltageDetectStatus	24	static
../drivers/fsl_spc.h:691:20:SPC_EnableActiveModeCMPBandgapBuffer	16	static
../drivers/fsl_spc.h:814:44:SPC_GetLowPowerCoreLDOVDDVoltageLevel	16	static
../drivers/fsl_spc.h:837:24:SPC_GetLowPowerModeVoltageDetectStatus	24	static
../drivers/fsl_spc.h:857:20:SPC_EnableLowPowerModeLowPowerIREF	16	static
../drivers/fsl_spc.h:897:20:SPC_EnableLowPowerModeCMPBandgapBufferMode	16	static
../drivers/fsl_spc.h:921:20:SPC_EnableLowPowerModeCoreVDDInternalVoltageScaling	16	static
../drivers/fsl_spc.c:46:35:SPC_GetPowerDomainLowPowerMode	24	static
../drivers/fsl_spc.c:64:9:SPC_GetPeriphIOIsolationStatus	24	static
../drivers/fsl_spc.c:80:6:SPC_SetLowPowerRequestConfig	24	static
../drivers/fsl_spc.c:110:6:SPC_SetActiveModeIntegratedPowerSwitchConfig	16	static
../drivers/fsl_spc.c:146:10:SPC_SetActiveModeBandgapModeConfig	24	static
../drivers/fsl_spc.c:202:6:SPC_SetLowPowerModeIntegratedPowerSwitchConfig	16	static
../drivers/fsl_spc.c:239:10:SPC_SetLowPowerModeBandgapmodeConfig	24	static
../drivers/fsl_spc.c:291:6:SPC_SetCoreVoltageDetectConfig	24	static
../drivers/fsl_spc.c:318:10:SPC_EnableActiveModeCoreHighVoltageDetect	24	static
../drivers/fsl_spc.c:347:10:SPC_EnableActiveModeCoreLowVoltageDetect	24	static
../drivers/fsl_spc.c:377:10:SPC_EnableLowPowerModeCoreHighVoltageDetect	24	static
../drivers/fsl_spc.c:406:10:SPC_EnableLowPowerModeCoreLowVoltageDetect	24	static
../drivers/fsl_spc.c:431:6:SPC_SetSystemVDDLowVoltageLevel	16	static
../drivers/fsl_spc.c:457:6:SPC_SetSystemVoltageDetectConfig	24	static
../drivers/fsl_spc.c:489:10:SPC_EnableActiveModeSystemHighVoltageDetect	24	static
../drivers/fsl_spc.c:519:10:SPC_EnableActiveModeSystemLowVoltageDetect	24	static
../drivers/fsl_spc.c:549:10:SPC_EnableLowPowerModeSystemHighVoltageDetect	24	static
../drivers/fsl_spc.c:579:10:SPC_EnableLowPowerModeSystemLowVoltageDetect	24	static
../drivers/fsl_spc.c:604:6:SPC_SetIOVDDLowVoltageLevel	24	static
../drivers/fsl_spc.c:627:6:SPC_SetIOVoltageDetectConfig	24	static
../drivers/fsl_spc.c:661:10:SPC_EnableActiveModeIOHighVoltageDetect	24	static
../drivers/fsl_spc.c:691:10:SPC_EnableActiveModeIOLowVoltageDetect	24	static
../drivers/fsl_spc.c:720:10:SPC_EnableLowPowerModeIOHighVoltageDetect	24	static
../drivers/fsl_spc.c:749:10:SPC_EnableLowPowerModeIOLowVoltageDetect	24	static
../drivers/fsl_spc.c:774:6:SPC_SetExternalVoltageDomainsConfig	24	static
../drivers/fsl_spc.c:797:10:SPC_SetActiveModeCoreLDORegulatorConfig	24	static
../drivers/fsl_spc.c:866:10:SPC_SetLowPowerModeCoreLDORegulatorConfig	24	static
../drivers/fsl_spc.c:938:10:SPC_SetActiveModeSystemLDORegulatorConfig	24	static
../drivers/fsl_spc.c:1014:10:SPC_SetLowPowerModeSystemLDORegulatorConfig	24	static
../drivers/fsl_spc.c:1073:10:SPC_SetActiveModeDCDCRegulatorConfig	24	static
../drivers/fsl_spc.c:1134:10:SPC_SetLowPowerModeDCDCRegulatorConfig	24	static
../drivers/fsl_spc.c:1191:6:SPC_SetDCDCBurstConfig	24	static
../drivers/fsl_spc.c:1232:6:SPC_SetDCDCRefreshCount	24	static
../drivers/fsl_spc.c:1258:10:SPC_SetActiveModeRegulatorsConfig	24	static
../drivers/fsl_spc.c:1301:10:SPC_SetLowPowerModeRegulatorsConfig	24	static
../drivers/fsl_spc.c:1336:6:SPC_SetSRAMOperateVoltage	16	static
