Archive member included to satisfy reference by file (symbol)

C:/nxp/MCUXpressoIDE_11.10.0_3148/ide/plugins/com.nxp.mcuxpresso.tools.win32_11.10.0.202311280810/tools/bin/../lib/gcc/arm-none-eabi/13.2.1/../../../../arm-none-eabi/lib/thumb/v8-m.main+fp/hard\libcr_nohost_nf.a(_cr__main.o)
                              ./startup/startup_kw45b41z83.o (__main)
C:/nxp/MCUXpressoIDE_11.10.0_3148/ide/plugins/com.nxp.mcuxpresso.tools.win32_11.10.0.202311280810/tools/bin/../lib/gcc/arm-none-eabi/13.2.1/../../../../arm-none-eabi/lib/thumb/v8-m.main+fp/hard\libcr_c.a(memcpy.o)
                              ./utilities/fsl_str.o (memcpy)
C:/nxp/MCUXpressoIDE_11.10.0_3148/ide/plugins/com.nxp.mcuxpresso.tools.win32_11.10.0.202311280810/tools/bin/../lib/gcc/arm-none-eabi/13.2.1/../../../../arm-none-eabi/lib/thumb/v8-m.main+fp/hard\libcr_c.a(memset.o)
                              ./utilities/fsl_debug_console.o (memset)
C:/nxp/MCUXpressoIDE_11.10.0_3148/ide/plugins/com.nxp.mcuxpresso.tools.win32_11.10.0.202311280810/tools/bin/../lib/gcc/arm-none-eabi/13.2.1/../../../../arm-none-eabi/lib/thumb/v8-m.main+fp/hard\libcr_c.a(alloc.o)
                              ./drivers/fsl_common.o (malloc)
C:/nxp/MCUXpressoIDE_11.10.0_3148/ide/plugins/com.nxp.mcuxpresso.tools.win32_11.10.0.202311280810/tools/bin/../lib/gcc/arm-none-eabi/13.2.1/../../../../arm-none-eabi/lib/thumb/v8-m.main+fp/hard\libcr_c.a(ctype.o)
                              ./source/spirate.o (isdigit)
C:/nxp/MCUXpressoIDE_11.10.0_3148/ide/plugins/com.nxp.mcuxpresso.tools.win32_11.10.0.202311280810/tools/bin/../lib/gcc/arm-none-eabi/13.2.1/../../../../arm-none-eabi/lib/thumb/v8-m.main+fp/hard\libcr_c.a(errno.o)
                              ./utilities/fsl_str.o (errno)
C:/nxp/MCUXpressoIDE_11.10.0_3148/ide/plugins/com.nxp.mcuxpresso.tools.win32_11.10.0.202311280810/tools/bin/../lib/gcc/arm-none-eabi/13.2.1/../../../../arm-none-eabi/lib/thumb/v8-m.main+fp/hard\libcr_c.a(initio.o)
                              C:/nxp/MCUXpressoIDE_11.10.0_3148/ide/plugins/com.nxp.mcuxpresso.tools.win32_11.10.0.202311280810/tools/bin/../lib/gcc/arm-none-eabi/13.2.1/../../../../arm-none-eabi/lib/thumb/v8-m.main+fp/hard\libcr_nohost_nf.a(_cr__main.o) (_initio)
C:/nxp/MCUXpressoIDE_11.10.0_3148/ide/plugins/com.nxp.mcuxpresso.tools.win32_11.10.0.202311280810/tools/bin/../lib/gcc/arm-none-eabi/13.2.1/../../../../arm-none-eabi/lib/thumb/v8-m.main+fp/hard\libcr_c.a(scanf.o)
                              ./source/spirate.o (strtol)
C:/nxp/MCUXpressoIDE_11.10.0_3148/ide/plugins/com.nxp.mcuxpresso.tools.win32_11.10.0.202311280810/tools/bin/../lib/gcc/arm-none-eabi/13.2.1/../../../../arm-none-eabi/lib/thumb/v8-m.main+fp/hard\libcr_c.a(setvbuf.o)
                              C:/nxp/MCUXpressoIDE_11.10.0_3148/ide/plugins/com.nxp.mcuxpresso.tools.win32_11.10.0.202311280810/tools/bin/../lib/gcc/arm-none-eabi/13.2.1/../../../../arm-none-eabi/lib/thumb/v8-m.main+fp/hard\libcr_c.a(initio.o) (setvbuf)
C:/nxp/MCUXpressoIDE_11.10.0_3148/ide/plugins/com.nxp.mcuxpresso.tools.win32_11.10.0.202311280810/tools/bin/../lib/gcc/arm-none-eabi/13.2.1/../../../../arm-none-eabi/lib/thumb/v8-m.main+fp/hard\libcr_c.a(strcmp.o)
                              ./source/spirate.o (strcmp)
C:/nxp/MCUXpressoIDE_11.10.0_3148/ide/plugins/com.nxp.mcuxpresso.tools.win32_11.10.0.202311280810/tools/bin/../lib/gcc/arm-none-eabi/13.2.1/../../../../arm-none-eabi/lib/thumb/v8-m.main+fp/hard\libcr_c.a(strlen.o)
                              ./utilities/fsl_str.o (strlen)
C:/nxp/MCUXpressoIDE_11.10.0_3148/ide/plugins/com.nxp.mcuxpresso.tools.win32_11.10.0.202311280810/tools/bin/../lib/gcc/arm-none-eabi/13.2.1/../../../../arm-none-eabi/lib/thumb/v8-m.main+fp/hard\libcr_c.a(strtok.o)
                              ./source/spirate.o (strtok)
C:/nxp/MCUXpressoIDE_11.10.0_3148/ide/plugins/com.nxp.mcuxpresso.tools.win32_11.10.0.202311280810/tools/bin/../lib/gcc/arm-none-eabi/13.2.1/../../../../arm-none-eabi/lib/thumb/v8-m.main+fp/hard\libcr_c.a(ungetc.o)
                              C:/nxp/MCUXpressoIDE_11.10.0_3148/ide/plugins/com.nxp.mcuxpresso.tools.win32_11.10.0.202311280810/tools/bin/../lib/gcc/arm-none-eabi/13.2.1/../../../../arm-none-eabi/lib/thumb/v8-m.main+fp/hard\libcr_c.a(scanf.o) (ungetc)
C:/nxp/MCUXpressoIDE_11.10.0_3148/ide/plugins/com.nxp.mcuxpresso.tools.win32_11.10.0.202311280810/tools/bin/../lib/gcc/arm-none-eabi/13.2.1/../../../../arm-none-eabi/lib/thumb/v8-m.main+fp/hard\libcr_c.a(__fillbuf.o)
                              C:/nxp/MCUXpressoIDE_11.10.0_3148/ide/plugins/com.nxp.mcuxpresso.tools.win32_11.10.0.202311280810/tools/bin/../lib/gcc/arm-none-eabi/13.2.1/../../../../arm-none-eabi/lib/thumb/v8-m.main+fp/hard\libcr_c.a(scanf.o) (__filbuf)
C:/nxp/MCUXpressoIDE_11.10.0_3148/ide/plugins/com.nxp.mcuxpresso.tools.win32_11.10.0.202311280810/tools/bin/../lib/gcc/arm-none-eabi/13.2.1/../../../../arm-none-eabi/lib/thumb/v8-m.main+fp/hard\libcr_c.a(__init_alloc.o)
[...]
Memory Configuration

Name             Origin             Length             Attributes
PROGRAM_FLASH    0x00000000         0x00100000         xr
TCM_SYS          0x20000000         0x0001c000         xrw
TCM_CODE         0x04000000         0x00004000         xrw
*default*        0x00000000         0xffffffff

Linker script and memory map

LOAD ./utilities/fsl_assert.o
LOAD ./utilities/fsl_debug_console.o
LOAD ./utilities/fsl_str.o
LOAD ./startup/startup_kw45b41z83.o
LOAD ./source/semihost_hardfault.o
LOAD ./source/spirate.o
LOAD ./drivers/fsl_ccm32k.o
LOAD ./drivers/fsl_clock.o
LOAD ./drivers/fsl_common.o
LOAD ./drivers/fsl_common_arm.o
LOAD ./drivers/fsl_gpio.o
LOAD ./drivers/fsl_lpspi.o
LOAD ./drivers/fsl_lpuart.o
LOAD ./drivers/fsl_spc.o
LOAD ./device/system_KW45B41Z83.o
LOAD ./component/uart/fsl_adapter_lpuart.o
LOAD ./component/serial_manager/fsl_component_serial_manager.o
LOAD ./component/serial_manager/fsl_component_serial_port_uart.o
LOAD ./component/lists/fsl_component_generic_list.o
LOAD ./board/board.o
LOAD ./board/clock_config.o
LOAD ./board/peripherals.o
LOAD ./board/pin_mux.o
START GROUP
LOAD C:/nxp/MCUXpressoIDE_11.10.0_3148/ide/plugins/com.nxp.mcuxpresso.tools.win32_11.10.0.202311280810/tools/bin/../lib/gcc/arm-none-eabi/13.2.1/../../../../arm-none-eabi/lib/thumb/v8-m.main+fp/hard\libcr_nohost_nf.a
LOAD C:/nxp/MCUXpressoIDE_11.10.0_3148/ide/plugins/com.nxp.mcuxpresso.tools.win32_11.10.0.202311280810/tools/bin/../lib/gcc/arm-none-eabi/13.2.1/../../../../arm-none-eabi/lib/thumb/v8-m.main+fp/hard\libcr_c.a
LOAD C:/nxp/MCUXpressoIDE_11.10.0_3148/ide/plugins/com.nxp.mcuxpresso.tools.win32_11.10.0.202311280810/tools/bin/../lib/gcc/arm-none-eabi/13.2.1/thumb/v8-m.main+fp/hard\libcr_eabihelpers.a
LOAD C:/nxp/MCUXpressoIDE_11.10.0_3148/ide/plugins/com.nxp.mcuxpresso.tools.win32_11.10.0.202311280810/tools/bin/../lib/gcc/arm-none-eabi/13.2.1/thumb/v8-m.main+fp/hard\libgcc.a
END GROUP
                0x00000000                        __base_PROGRAM_FLASH = 0x0
                0x00000000                        __base_Flash = 0x0
                0x00100000                        __top_PROGRAM_FLASH = 0x100000
                0x00100000                        __top_Flash = 0x100000
                0x20000000                        __base_TCM_SYS = 0x20000000
                0x20000000                        __base_RAM = 0x20000000
                0x2001c000                        __top_TCM_SYS = 0x2001c000
                0x2001c000                        __top_RAM = 0x2001c000
                0x04000000                        __base_TCM_CODE = 0x4000000
                0x04000000                        __base_RAM2 = 0x4000000
                0x04004000                        __top_TCM_CODE = 0x4004000
                0x04004000                        __top_RAM2 = 0x4004000

.text           0x00000000     0x5a30
 FILL mask 0xff
                0x00000000                        __vectors_start__ = ABSOLUTE (.)
 *(SORT_BY_ALIGNMENT(.isr_vector))
 .isr_vector    0x00000000      0x16c ./startup/startup_kw45b41z83.o
                0x00000000                g_pfnVectors
                0x00000000                __Vectors
                0x0000016c                        . = ALIGN (0x4)
                0x0000016c                        __section_table_start = .
                0x0000016c                        __data_section_table = .
                0x0000016c        0x4 LONG 0x5a30 LOADADDR (.data)
                0x00000170        0x4 LONG 0x20000000 ADDR (.data)
                0x00000174        0x4 LONG 0x8 SIZEOF (.data)
                0x00000178        0x4 LONG 0x5a30 LOADADDR (.data_RAM2)
                0x0000017c        0x4 LONG 0x4000000 ADDR (.data_RAM2)
                0x00000180        0x4 LONG 0x0 SIZEOF (.data_RAM2)
                0x00000184                        __data_section_table_end = .
                0x00000184                        __bss_section_table = .
                0x00000184        0x4 LONG 0x20000008 ADDR (.bss)
                0x00000188        0x4 LONG 0x10c SIZEOF (.bss)
                0x0000018c        0x4 LONG 0x4000000 ADDR (.bss_RAM2)
                0x00000190        0x4 LONG 0x0 SIZEOF (.bss_RAM2)
                0x00000194                        __bss_section_table_end = .
                0x00000194                        __section_table_end = .
 *(SORT_BY_ALIGNMENT(.after_vectors*))
 .after_vectors.reset
                0x00000194       0xbc ./startup/startup_kw45b41z83.o
                0x00000194                ResetISR
 .after_vectors.init_data
                0x00000250       0x1e ./startup/startup_kw45b41z83.o
                0x00000250                data_init
 .after_vectors.init_bss
                0x0000026e       0x12 ./startup/startup_kw45b41z83.o
                0x0000026e                bss_init
 .after_vectors
                0x00000280       0x16 ./startup/startup_kw45b41z83.o
                0x00000280                NMI_Handler
                0x00000284                MemManage_Handler
                0x00000286                BusFault_Handler
                0x00000288                UsageFault_Handler
                0x0000028a                SecureFault_Handler
                0x0000028c                SVC_Handler
                0x0000028e                DebugMon_Handler
                0x00000290                PendSV_Handler
                0x00000292                SysTick_Handler
                0x00000294                LPI2C0_DriverIRQHandler
                0x00000294                EWM0_DriverIRQHandler
                0x00000294                RF_LANT_SW_DriverIRQHandler
                0x00000294                TRDC0_DriverIRQHandler
                0x00000294                RTC_Seconds_DriverIRQHandler
                0x00000294                ELE_NONSECURE_DriverIRQHandler
                0x00000294                GPIOB_INT1_DriverIRQHandler
                0x00000294                PORTB_EFT_DriverIRQHandler
                0x00000294                FLEXIO0_DriverIRQHandler
                0x00000294                GPIOA_INT0_DriverIRQHandler
                0x00000294                Reserved69_DriverIRQHandler
                0x00000294                CMC0_DriverIRQHandler
                0x00000294                RF_IMU1_DriverIRQHandler
                0x00000294                RF_BRIC_DriverIRQHandler
                0x00000294                LPCMP1_DriverIRQHandler
                0x00000294                IntDefaultHandler
                0x00000294                DMA0_DriverIRQHandler
                0x00000294                MSCM0_DriverIRQHandler
                0x00000294                LPTMR0_DriverIRQHandler
                0x00000294                PORTC_EFT_DriverIRQHandler
                0x00000294                ELE_SECURE_DriverIRQHandler
                0x00000294                GPIOA_INT1_DriverIRQHandler
                0x00000294                TPM0_DriverIRQHandler
                0x00000294                RTC_Alarm_DriverIRQHandler
                0x00000294                WDOG1_DriverIRQHandler
                0x00000294                RF_FMU_DriverIRQHandler
                0x00000294                MCM0_DriverIRQHandler
                0x00000294                SFA0_DriverIRQHandler
                0x00000294                RF_WOR_DriverIRQHandler
                0x00000294                I3C0_DriverIRQHandler
                0x00000294                GPIOD_INT0_DriverIRQHandler
                0x00000294                RF_IMU0_DriverIRQHandler
                0x00000294                TPM1_DriverIRQHandler
                0x00000294                ELE_CMD_DriverIRQHandler
                0x00000294                CTI_DriverIRQHandler
                0x00000294                VBAT_DriverIRQHandler
                0x00000294                RF_NBU_DriverIRQHandler
                0x00000294                GPIOC_INT1_DriverIRQHandler
                0x00000294                PORTA_EFT_DriverIRQHandler
                0x00000294                DSB_DriverIRQHandler
                0x00000294                GPIOC_INT0_DriverIRQHandler
                0x00000294                LPI2C1_DriverIRQHandler
                0x00000294                FMU0_DriverIRQHandler
                0x00000294                RFMC_DriverIRQHandler
                0x00000294                LPTMR1_DriverIRQHandler
                0x00000294                LPCMP0_DriverIRQHandler
                0x00000294                LPIT0_DriverIRQHandler
                0x00000294                GPIOD_INT1_DriverIRQHandler
                0x00000294                ADC0_DriverIRQHandler
                0x00000294                PORTD_EFT_DriverIRQHandler
                0x00000294                WDOG0_DriverIRQHandler
                0x00000294                GPIOB_INT0_DriverIRQHandler
                0x00000294                CAN0_DriverIRQHandler
                0x00000294                RF_Generic_DriverIRQHandler
                0x00000294                SPC0_DriverIRQHandler
                0x00000294                WUU0_DriverIRQHandler
                0x00000294                SCG0_DriverIRQHandler
 *(SORT_BY_ALIGNMENT(.text*))
 *fill*         0x00000296        0x2 ff
 .text.LPSPI_MasterSetDelayTimes
                0x00000298      0x284 ./drivers/fsl_lpspi.o
                0x00000298                LPSPI_MasterSetDelayTimes
 .text.__assertion_failed
                0x0000051c       0x2c ./utilities/fsl_assert.o
                0x0000051c                __assertion_failed
 .text.DbgConsole_ReadOneCharacter
                0x00000548       0x44 ./utilities/fsl_debug_console.o
                0x00000548                DbgConsole_ReadOneCharacter
 .text.DbgConsole_SendDataReliable
                0x0000058c       0x54 ./utilities/fsl_debug_console.o
                0x0000058c                DbgConsole_SendDataReliable
 .text.DbgConsole_ReadCharacter
                0x000005e0       0x44 ./utilities/fsl_debug_console.o
                0x000005e0                DbgConsole_ReadCharacter
 .text.DbgConsole_Init
                0x00000624      0x138 ./utilities/fsl_debug_console.o
                0x00000624                DbgConsole_Init
 .text.DbgConsole_Vprintf
                0x0000075c       0x6c ./utilities/fsl_debug_console.o
                0x0000075c                DbgConsole_Vprintf
 .text.spi_transfer
                0x000007c8      0x164 ./source/spirate.o
                0x000007c8                spi_transfer
 .text.spi_pause
                0x0000092c       0x28 ./source/spirate.o
                0x0000092c                spi_pause
 .text.paws     0x00000954      0x15c ./source/spirate.o
                0x00000954                paws
 .text.main     0x00000ab0       0x80 ./source/spirate.o
                0x00000ab0                main
 .text.CCM32K_Set32kOscConfig
                0x00000b30       0xd0 ./drivers/fsl_ccm32k.o
                0x00000b30                CCM32K_Set32kOscConfig
 .text.CLOCK_GetCurSysClkConfig
                0x00000c00       0x30 ./drivers/fsl_clock.o
 .text.CLOCK_SetSysOscMonitorMode
                0x00000c30       0x34 ./drivers/fsl_clock.o
 .text.CLOCK_GetFreq
                0x00000c64       0x8c ./drivers/fsl_clock.o
                0x00000c64                CLOCK_GetFreq
 .text.CLOCK_GetIpFreq
                0x00000cf0      0x270 ./drivers/fsl_clock.o
                0x00000cf0                CLOCK_GetIpFreq
 .text.CLOCK_GetSysClkFreq
                0x00000f60       0xc8 ./drivers/fsl_clock.o
                0x00000f60                CLOCK_GetSysClkFreq
 .text.CLOCK_InitSysOsc
                0x00001028       0x5c ./drivers/fsl_clock.o
                0x00001028                CLOCK_InitSysOsc
 .text.CLOCK_DeinitSysOsc
                0x00001084       0x44 ./drivers/fsl_clock.o
                0x00001084                CLOCK_DeinitSysOsc
 .text.CLOCK_GetSysOscFreq
                0x000010c8       0x38 ./drivers/fsl_clock.o
                0x000010c8                CLOCK_GetSysOscFreq
 .text.CLOCK_InitSirc
                0x00001100       0x50 ./drivers/fsl_clock.o
                0x00001100                CLOCK_InitSirc
 .text.CLOCK_DeinitSirc
                0x00001150       0x44 ./drivers/fsl_clock.o
                0x00001150                CLOCK_DeinitSirc
 .text.CLOCK_GetSircFreq
                0x00001194       0x2c ./drivers/fsl_clock.o
                0x00001194                CLOCK_GetSircFreq
 .text.CLOCK_InitFirc
                0x000011c0       0xcc ./drivers/fsl_clock.o
                0x000011c0                CLOCK_InitFirc
 .text.CLOCK_DeinitFirc
                0x0000128c       0x44 ./drivers/fsl_clock.o
                0x0000128c                CLOCK_DeinitFirc
 .text.CLOCK_GetFircFreq
                0x000012d0       0x3c ./drivers/fsl_clock.o
                0x000012d0                CLOCK_GetFircFreq
 .text.CLOCK_GetRtcOscFreq
                0x0000130c       0x38 ./drivers/fsl_clock.o
                0x0000130c                CLOCK_GetRtcOscFreq
 .text.GPIO_PinInit
                0x00001344       0x64 ./drivers/fsl_gpio.o
                0x00001344                GPIO_PinInit
 .text.LPSPI_GetInstance
                0x000013a8       0x50 ./drivers/fsl_lpspi.o
                0x000013a8                LPSPI_GetInstance
 .text.LPSPI_SetDummyData
                0x000013f8       0x2c ./drivers/fsl_lpspi.o
                0x000013f8                LPSPI_SetDummyData
 .text.LPSPI_MasterInit
                0x00001424      0x170 ./drivers/fsl_lpspi.o
                0x00001424                LPSPI_MasterInit
 .text.LPSPI_MasterSetBaudRate
                0x00001594      0x100 ./drivers/fsl_lpspi.o
                0x00001594                LPSPI_MasterSetBaudRate
 .text.LPSPI_MasterSetDelayScaler
                0x00001694       0xb4 ./drivers/fsl_lpspi.o
                0x00001694                LPSPI_MasterSetDelayScaler
 .text.LPSPI_CheckTransferArgument
                0x00001748       0xf0 ./drivers/fsl_lpspi.o
                0x00001748                LPSPI_CheckTransferArgument
 .text.LPSPI_MasterTransferWriteAllTxData
                0x00001838      0x1fc ./drivers/fsl_lpspi.o
 .text.LPSPI_MasterTransferBlocking
                0x00001a34      0x244 ./drivers/fsl_lpspi.o
                0x00001a34                LPSPI_MasterTransferBlocking
 .text.LPSPI_CombineWriteData
                0x00001c78      0x1bc ./drivers/fsl_lpspi.o
 .text.LPSPI_SeparateReadData
                0x00001e34      0x1b0 ./drivers/fsl_lpspi.o
 .text.LPSPI_CommonIRQHandler
                0x00001fe4       0x3c ./drivers/fsl_lpspi.o
 .text.LPSPI0_DriverIRQHandler
                0x00002020       0x30 ./drivers/fsl_lpspi.o
                0x00002020                LPSPI0_DriverIRQHandler
 .text.LPSPI1_DriverIRQHandler
                0x00002050       0x30 ./drivers/fsl_lpspi.o
                0x00002050                LPSPI1_DriverIRQHandler
 .text.LPUART_GetInstance
                0x00002080       0x4c ./drivers/fsl_lpuart.o
                0x00002080                LPUART_GetInstance
 .text.LPUART_Init
                0x000020cc      0x30c ./drivers/fsl_lpuart.o
                0x000020cc                LPUART_Init
 .text.LPUART_GetDefaultConfig
                0x000023d8       0x88 ./drivers/fsl_lpuart.o
                0x000023d8                LPUART_GetDefaultConfig
 .text.LPUART_GetStatusFlags
                0x00002460       0x38 ./drivers/fsl_lpuart.o
                0x00002460                LPUART_GetStatusFlags
 .text.LPUART_ClearStatusFlags
                0x00002498       0x7c ./drivers/fsl_lpuart.o
                0x00002498                LPUART_ClearStatusFlags
 .text.LPUART_WriteBlocking
                0x00002514       0x68 ./drivers/fsl_lpuart.o
                0x00002514                LPUART_WriteBlocking
 .text.LPUART_ReadBlocking
                0x0000257c      0x160 ./drivers/fsl_lpuart.o
                0x0000257c                LPUART_ReadBlocking
 .text.LPUART0_DriverIRQHandler
                0x000026dc       0x24 ./drivers/fsl_lpuart.o
                0x000026dc                LPUART0_DriverIRQHandler
 .text.LPUART1_DriverIRQHandler
                0x00002700       0x24 ./drivers/fsl_lpuart.o
                0x00002700                LPUART1_DriverIRQHandler
 .text.SPC_SetActiveModeCoreLDORegulatorConfig
                0x00002724       0xb0 ./drivers/fsl_spc.o
                0x00002724                SPC_SetActiveModeCoreLDORegulatorConfig
 .text.SystemInit
                0x000027d4       0xa0 ./device/system_KW45B41Z83.o
                0x000027d4                SystemInit
 .text.HAL_UartInitCommon
                0x00002874       0xe0 ./component/uart/fsl_adapter_lpuart.o
 .text.HAL_UartInit
                0x00002954       0x84 ./component/uart/fsl_adapter_lpuart.o
                0x00002954                HAL_UartInit
 .text.HAL_UartReceiveBlocking
                0x000029d8       0x6c ./component/uart/fsl_adapter_lpuart.o
                0x000029d8                HAL_UartReceiveBlocking
 .text.HAL_UartSendBlocking
                0x00002a44       0x64 ./component/uart/fsl_adapter_lpuart.o
                0x00002a44                HAL_UartSendBlocking
 .text.CLOCK_SetIpSrc
                0x00002aa8       0x54 ./board/board.o
 .text.BOARD_InitDebugConsole
                0x00002afc       0x30 ./board/board.o
                0x00002afc                BOARD_InitDebugConsole
 .text.CLOCK_SetIpSrc
                0x00002b2c       0x54 ./board/clock_config.o
 .text.CLOCK_SetIpSrcDiv
                0x00002b80       0x54 ./board/clock_config.o
 .text.CLOCK_SetRunModeSysClkConfig
                0x00002bd4       0x30 ./board/clock_config.o
 .text.CLOCK_GetCurSysClkConfig
                0x00002c04       0x30 ./board/clock_config.o
 .text.CLOCK_UnlockSysOscControlStatusReg
                0x00002c34       0x20 ./board/clock_config.o
 .text.CLOCK_UnlockSircControlStatusReg
                0x00002c54       0x20 ./board/clock_config.o
 .text.CLOCK_UnlockFircControlStatusReg
                0x00002c74       0x20 ./board/clock_config.o
 .text.CLOCK_SetRoscMonitorMode
                0x00002c94       0x34 ./board/clock_config.o
 .text.CLOCK_IsRoscValid
                0x00002cc8       0x24 ./board/clock_config.o
 .text.CLOCK_UnlockRoscControlStatusReg
                0x00002cec       0x20 ./board/clock_config.o
 .text.CLOCK_SetXtal0Freq
                0x00002d0c       0x20 ./board/clock_config.o
 .text.CLOCK_SetXtal32Freq
                0x00002d2c       0x20 ./board/clock_config.o
 .text.CCM32K_SelectClockSource
                0x00002d4c       0x58 ./board/clock_config.o
 .text.CLOCK_CONFIG_SetScgOutSel
                0x00002da4       0x28 ./board/clock_config.o
 .text.BOARD_BootClockRUN
                0x00002dcc      0x15c ./board/clock_config.o
                0x00002dcc                BOARD_BootClockRUN
 .text.LPSPI1_init
                0x00002f28       0x28 ./board/peripherals.o
 .text.PORT_SetPinConfig
                0x00002f50       0x38 ./board/pin_mux.o
 .text.BOARD_InitPins
                0x00002f88       0xa8 ./board/pin_mux.o
                0x00002f88                BOARD_InitPins
 .text.BOARD_InitDEBUG_UARTPins
                0x00003030       0x50 ./board/pin_mux.o
                0x00003030                BOARD_InitDEBUG_UARTPins
 .text.isdigit  0x00003080       0x14 C:/nxp/MCUXpressoIDE_11.10.0_3148/ide/plugins/com.nxp.mcuxpresso.tools.win32_11.10.0.202311280810/tools/bin/../lib/gcc/arm-none-eabi/13.2.1/../../../../arm-none-eabi/lib/thumb/v8-m.main+fp/hard\libcr_c.a(ctype.o)
                0x00003080                isdigit
 .text._initio  0x00003094       0x78 C:/nxp/MCUXpressoIDE_11.10.0_3148/ide/plugins/com.nxp.mcuxpresso.tools.win32_11.10.0.202311280810/tools/bin/../lib/gcc/arm-none-eabi/13.2.1/../../../../arm-none-eabi/lib/thumb/v8-m.main+fp/hard\libcr_c.a(initio.o)
                0x00003094                _initio
 .text.ch_val   0x0000310c       0x30 C:/nxp/MCUXpressoIDE_11.10.0_3148/ide/plugins/com.nxp.mcuxpresso.tools.win32_11.10.0.202311280810/tools/bin/../lib/gcc/arm-none-eabi/13.2.1/../../../../arm-none-eabi/lib/thumb/v8-m.main+fp/hard\libcr_c.a(scanf.o)
 .text._strtoul
                0x0000313c       0xb4 C:/nxp/MCUXpressoIDE_11.10.0_3148/ide/plugins/com.nxp.mcuxpresso.tools.win32_11.10.0.202311280810/tools/bin/../lib/gcc/arm-none-eabi/13.2.1/../../../../arm-none-eabi/lib/thumb/v8-m.main+fp/hard\libcr_c.a(scanf.o)
 .text.strtol   0x000031f0       0x80 C:/nxp/MCUXpressoIDE_11.10.0_3148/ide/plugins/com.nxp.mcuxpresso.tools.win32_11.10.0.202311280810/tools/bin/../lib/gcc/arm-none-eabi/13.2.1/../../../../arm-none-eabi/lib/thumb/v8-m.main+fp/hard\libcr_c.a(scanf.o)
                0x000031f0                strtol
 .text.strtok   0x00003270       0x40 C:/nxp/MCUXpressoIDE_11.10.0_3148/ide/plugins/com.nxp.mcuxpresso.tools.win32_11.10.0.202311280810/tools/bin/../lib/gcc/arm-none-eabi/13.2.1/../../../../arm-none-eabi/lib/thumb/v8-m.main+fp/hard\libcr_c.a(strtok.o)
                0x00003270                strtok
 .text._Cwritebuf
                0x000032b0       0x6c C:/nxp/MCUXpressoIDE_11.10.0_3148/ide/plugins/com.nxp.mcuxpresso.tools.win32_11.10.0.202311280810/tools/bin/../lib/gcc/arm-none-eabi/13.2.1/../../../../arm-none-eabi/lib/thumb/v8-m.main+fp/hard\libcr_c.a(_writebuf.o)
                0x000032b0                _Cwritebuf
 .text.fflush   0x0000331c       0x3c C:/nxp/MCUXpressoIDE_11.10.0_3148/ide/plugins/com.nxp.mcuxpresso.tools.win32_11.10.0.202311280810/tools/bin/../lib/gcc/arm-none-eabi/13.2.1/../../../../arm-none-eabi/lib/thumb/v8-m.main+fp/hard\libcr_c.a(fflush.o)
                0x0000331c                fflush
 .text.fseek    0x00003358       0xf8 C:/nxp/MCUXpressoIDE_11.10.0_3148/ide/plugins/com.nxp.mcuxpresso.tools.win32_11.10.0.202311280810/tools/bin/../lib/gcc/arm-none-eabi/13.2.1/../../../../arm-none-eabi/lib/thumb/v8-m.main+fp/hard\libcr_c.a(fseek.o)
                0x00003358                fseek
 .text.ftell    0x00003450       0x44 C:/nxp/MCUXpressoIDE_11.10.0_3148/ide/plugins/com.nxp.mcuxpresso.tools.win32_11.10.0.202311280810/tools/bin/../lib/gcc/arm-none-eabi/13.2.1/../../../../arm-none-eabi/lib/thumb/v8-m.main+fp/hard\libcr_c.a(ftell.o)
                0x00003450                ftell
 .text.fsl_assert_hook
                0x00003494       0x1a ./utilities/fsl_assert.o
                0x00003494                fsl_assert_hook
 .text.DbgConsole_PrintCallback
                0x000034ae       0x66 ./utilities/fsl_debug_console.o
 .text.DbgConsole_Printf
                0x00003514       0x2c ./utilities/fsl_debug_console.o
                0x00003514                DbgConsole_Printf
 .text.DbgConsole_Getchar
                0x00003540       0x2c ./utilities/fsl_debug_console.o
                0x00003540                DbgConsole_Getchar
 .text.PrintGetWidth
                0x0000356c       0x6a ./utilities/fsl_str.o
 .text.PrintGetPrecision
                0x000035d6       0x8c ./utilities/fsl_str.o
 .text.PrintIsobpu
                0x00003662       0x38 ./utilities/fsl_str.o
 .text.PrintIsdi
                0x0000369a       0x2c ./utilities/fsl_str.o
 .text.PrintOutputdifFobpu
                0x000036c6       0x44 ./utilities/fsl_str.o
 .text.PrintOutputxX
                0x0000370a       0x44 ./utilities/fsl_str.o
 .text.PrintIsfF
                0x0000374e       0x2c ./utilities/fsl_str.o
 .text.PrintIsxX
                0x0000377a       0x2c ./utilities/fsl_str.o
 .text.PrintFilterLengthFlag
                0x000037a6       0x3e ./utilities/fsl_str.o
 .text.PrintGetRadixFromobpu
                0x000037e4       0x40 ./utilities/fsl_str.o
 .text.ConvertRadixNumToString
                0x00003824       0xc2 ./utilities/fsl_str.o
 .text.StrFormatExaminedi
                0x000038e6       0x26 ./utilities/fsl_str.o
 .text.StrFormatExaminexX
                0x0000390c       0x26 ./utilities/fsl_str.o
 .text.StrFormatExamineobpu
                0x00003932       0x26 ./utilities/fsl_str.o
 .text.ConvertPrecisionWidthToLength
                0x00003958       0x20 ./utilities/fsl_str.o
 .text.StrFormatPrintf
                0x00003978      0x2bc ./utilities/fsl_str.o
                0x00003978                StrFormatPrintf
 .text.CTI_IRQHandler
                0x00003c34        0x8 ./startup/startup_kw45b41z83.o
                0x00003c34                CTI_IRQHandler
 .text.CMC0_IRQHandler
                0x00003c3c        0x8 ./startup/startup_kw45b41z83.o
                0x00003c3c                CMC0_IRQHandler
 .text.DMA0_CH0_IRQHandler
                0x00003c44        0x8 ./startup/startup_kw45b41z83.o
                0x00003c44                DMA0_CH0_IRQHandler
 .text.DMA0_CH1_IRQHandler
                0x00003c4c        0x8 ./startup/startup_kw45b41z83.o
                0x00003c4c                DMA0_CH1_IRQHandler
 .text.DMA0_CH2_IRQHandler
                0x00003c54        0x8 ./startup/startup_kw45b41z83.o
                0x00003c54                DMA0_CH2_IRQHandler
 .text.DMA0_CH3_IRQHandler
                0x00003c5c        0x8 ./startup/startup_kw45b41z83.o
                0x00003c5c                DMA0_CH3_IRQHandler
 .text.DMA0_CH4_IRQHandler
                0x00003c64        0x8 ./startup/startup_kw45b41z83.o
                0x00003c64                DMA0_CH4_IRQHandler
 .text.DMA0_CH5_IRQHandler
                0x00003c6c        0x8 ./startup/startup_kw45b41z83.o
                0x00003c6c                DMA0_CH5_IRQHandler
 .text.DMA0_CH6_IRQHandler
                0x00003c74        0x8 ./startup/startup_kw45b41z83.o
                0x00003c74                DMA0_CH6_IRQHandler
 .text.DMA0_CH7_IRQHandler
                0x00003c7c        0x8 ./startup/startup_kw45b41z83.o
                0x00003c7c                DMA0_CH7_IRQHandler
 .text.DMA0_CH8_IRQHandler
                0x00003c84        0x8 ./startup/startup_kw45b41z83.o
                0x00003c84                DMA0_CH8_IRQHandler
 .text.DMA0_CH9_IRQHandler
                0x00003c8c        0x8 ./startup/startup_kw45b41z83.o
                0x00003c8c                DMA0_CH9_IRQHandler
 .text.DMA0_CH10_IRQHandler
                0x00003c94        0x8 ./startup/startup_kw45b41z83.o
                0x00003c94                DMA0_CH10_IRQHandler
 .text.DMA0_CH11_IRQHandler
                0x00003c9c        0x8 ./startup/startup_kw45b41z83.o
                0x00003c9c                DMA0_CH11_IRQHandler
 .text.DMA0_CH12_IRQHandler
                0x00003ca4        0x8 ./startup/startup_kw45b41z83.o
                0x00003ca4                DMA0_CH12_IRQHandler
 .text.DMA0_CH13_IRQHandler
                0x00003cac        0x8 ./startup/startup_kw45b41z83.o
                0x00003cac                DMA0_CH13_IRQHandler
 .text.DMA0_CH14_IRQHandler
                0x00003cb4        0x8 ./startup/startup_kw45b41z83.o
                0x00003cb4                DMA0_CH14_IRQHandler
 .text.DMA0_CH15_IRQHandler
                0x00003cbc        0x8 ./startup/startup_kw45b41z83.o
                0x00003cbc                DMA0_CH15_IRQHandler
 .text.EWM0_IRQHandler
                0x00003cc4        0x8 ./startup/startup_kw45b41z83.o
                0x00003cc4                EWM0_IRQHandler
 .text.MCM0_IRQHandler
                0x00003ccc        0x8 ./startup/startup_kw45b41z83.o
                0x00003ccc                MCM0_IRQHandler
 .text.MSCM0_IRQHandler
                0x00003cd4        0x8 ./startup/startup_kw45b41z83.o
                0x00003cd4                MSCM0_IRQHandler
 .text.SPC0_IRQHandler
                0x00003cdc        0x8 ./startup/startup_kw45b41z83.o
                0x00003cdc                SPC0_IRQHandler
 .text.WUU0_IRQHandler
                0x00003ce4        0x8 ./startup/startup_kw45b41z83.o
                0x00003ce4                WUU0_IRQHandler
 .text.WDOG0_IRQHandler
                0x00003cec        0x8 ./startup/startup_kw45b41z83.o
                0x00003cec                WDOG0_IRQHandler
 .text.WDOG1_IRQHandler
                0x00003cf4        0x8 ./startup/startup_kw45b41z83.o
                0x00003cf4                WDOG1_IRQHandler
 .text.SCG0_IRQHandler
                0x00003cfc        0x8 ./startup/startup_kw45b41z83.o
                0x00003cfc                SCG0_IRQHandler
 .text.SFA0_IRQHandler
                0x00003d04        0x8 ./startup/startup_kw45b41z83.o
                0x00003d04                SFA0_IRQHandler
 .text.FMU0_IRQHandler
                0x00003d0c        0x8 ./startup/startup_kw45b41z83.o
                0x00003d0c                FMU0_IRQHandler
 .text.ELE_CMD_IRQHandler
                0x00003d14        0x8 ./startup/startup_kw45b41z83.o
                0x00003d14                ELE_CMD_IRQHandler
 .text.ELE_SECURE_IRQHandler
                0x00003d1c        0x8 ./startup/startup_kw45b41z83.o
                0x00003d1c                ELE_SECURE_IRQHandler
 .text.ELE_NONSECURE_IRQHandler
                0x00003d24        0x8 ./startup/startup_kw45b41z83.o
                0x00003d24                ELE_NONSECURE_IRQHandler
 .text.TRDC0_IRQHandler
                0x00003d2c        0x8 ./startup/startup_kw45b41z83.o
                0x00003d2c                TRDC0_IRQHandler
 .text.RTC_Alarm_IRQHandler
                0x00003d34        0x8 ./startup/startup_kw45b41z83.o
                0x00003d34                RTC_Alarm_IRQHandler
 .text.RTC_Seconds_IRQHandler
                0x00003d3c        0x8 ./startup/startup_kw45b41z83.o
                0x00003d3c                RTC_Seconds_IRQHandler
 .text.LPTMR0_IRQHandler
                0x00003d44        0x8 ./startup/startup_kw45b41z83.o
                0x00003d44                LPTMR0_IRQHandler
 .text.LPTMR1_IRQHandler
                0x00003d4c        0x8 ./startup/startup_kw45b41z83.o
                0x00003d4c                LPTMR1_IRQHandler
 .text.LPIT0_IRQHandler
                0x00003d54        0x8 ./startup/startup_kw45b41z83.o
                0x00003d54                LPIT0_IRQHandler
 .text.TPM0_IRQHandler
                0x00003d5c        0x8 ./startup/startup_kw45b41z83.o
                0x00003d5c                TPM0_IRQHandler
 .text.TPM1_IRQHandler
                0x00003d64        0x8 ./startup/startup_kw45b41z83.o
                0x00003d64                TPM1_IRQHandler
 .text.LPI2C0_IRQHandler
                0x00003d6c        0x8 ./startup/startup_kw45b41z83.o
                0x00003d6c                LPI2C0_IRQHandler
 .text.LPI2C1_IRQHandler
                0x00003d74        0x8 ./startup/startup_kw45b41z83.o
                0x00003d74                LPI2C1_IRQHandler
 .text.I3C0_IRQHandler
                0x00003d7c        0x8 ./startup/startup_kw45b41z83.o
                0x00003d7c                I3C0_IRQHandler
 .text.LPSPI0_IRQHandler
                0x00003d84        0x8 ./startup/startup_kw45b41z83.o
                0x00003d84                LPSPI0_IRQHandler
 .text.LPSPI1_IRQHandler
                0x00003d8c        0x8 ./startup/startup_kw45b41z83.o
                0x00003d8c                LPSPI1_IRQHandler
 .text.LPUART0_IRQHandler
                0x00003d94        0x8 ./startup/startup_kw45b41z83.o
                0x00003d94                LPUART0_IRQHandler
 .text.LPUART1_IRQHandler
                0x00003d9c        0x8 ./startup/startup_kw45b41z83.o
                0x00003d9c                LPUART1_IRQHandler
 .text.FLEXIO0_IRQHandler
                0x00003da4        0x8 ./startup/startup_kw45b41z83.o
                0x00003da4                FLEXIO0_IRQHandler
 .text.CAN0_IRQHandler
                0x00003dac        0x8 ./startup/startup_kw45b41z83.o
                0x00003dac                CAN0_IRQHandler
 .text.RF_IMU0_IRQHandler
                0x00003db4        0x8 ./startup/startup_kw45b41z83.o
                0x00003db4                RF_IMU0_IRQHandler
 .text.RF_IMU1_IRQHandler
                0x00003dbc        0x8 ./startup/startup_kw45b41z83.o
                0x00003dbc                RF_IMU1_IRQHandler
 .text.RF_NBU_IRQHandler
                0x00003dc4        0x8 ./startup/startup_kw45b41z83.o
                0x00003dc4                RF_NBU_IRQHandler
 .text.RF_FMU_IRQHandler
                0x00003dcc        0x8 ./startup/startup_kw45b41z83.o
                0x00003dcc                RF_FMU_IRQHandler
 .text.RF_WOR_IRQHandler
                0x00003dd4        0x8 ./startup/startup_kw45b41z83.o
                0x00003dd4                RF_WOR_IRQHandler
 .text.Reserved69_IRQHandler
                0x00003ddc        0x8 ./startup/startup_kw45b41z83.o
                0x00003ddc                Reserved69_IRQHandler
 .text.RF_Generic_IRQHandler
                0x00003de4        0x8 ./startup/startup_kw45b41z83.o
                0x00003de4                RF_Generic_IRQHandler
 .text.RF_BRIC_IRQHandler
                0x00003dec        0x8 ./startup/startup_kw45b41z83.o
                0x00003dec                RF_BRIC_IRQHandler
 .text.RF_LANT_SW_IRQHandler
                0x00003df4        0x8 ./startup/startup_kw45b41z83.o
                0x00003df4                RF_LANT_SW_IRQHandler
 .text.RFMC_IRQHandler
                0x00003dfc        0x8 ./startup/startup_kw45b41z83.o
                0x00003dfc                RFMC_IRQHandler
 .text.DSB_IRQHandler
                0x00003e04        0x8 ./startup/startup_kw45b41z83.o
                0x00003e04                DSB_IRQHandler
 .text.GPIOA_INT0_IRQHandler
                0x00003e0c        0x8 ./startup/startup_kw45b41z83.o
                0x00003e0c                GPIOA_INT0_IRQHandler
 .text.GPIOA_INT1_IRQHandler
                0x00003e14        0x8 ./startup/startup_kw45b41z83.o
                0x00003e14                GPIOA_INT1_IRQHandler
 .text.GPIOB_INT0_IRQHandler
                0x00003e1c        0x8 ./startup/startup_kw45b41z83.o
                0x00003e1c                GPIOB_INT0_IRQHandler
 .text.GPIOB_INT1_IRQHandler
                0x00003e24        0x8 ./startup/startup_kw45b41z83.o
                0x00003e24                GPIOB_INT1_IRQHandler
 .text.GPIOC_INT0_IRQHandler
                0x00003e2c        0x8 ./startup/startup_kw45b41z83.o
                0x00003e2c                GPIOC_INT0_IRQHandler
 .text.GPIOC_INT1_IRQHandler
                0x00003e34        0x8 ./startup/startup_kw45b41z83.o
                0x00003e34                GPIOC_INT1_IRQHandler
 .text.GPIOD_INT0_IRQHandler
                0x00003e3c        0x8 ./startup/startup_kw45b41z83.o
                0x00003e3c                GPIOD_INT0_IRQHandler
 .text.GPIOD_INT1_IRQHandler
                0x00003e44        0x8 ./startup/startup_kw45b41z83.o
                0x00003e44                GPIOD_INT1_IRQHandler
 .text.PORTA_EFT_IRQHandler
                0x00003e4c        0x8 ./startup/startup_kw45b41z83.o
                0x00003e4c                PORTA_EFT_IRQHandler
 .text.PORTB_EFT_IRQHandler
                0x00003e54        0x8 ./startup/startup_kw45b41z83.o
                0x00003e54                PORTB_EFT_IRQHandler
 .text.PORTC_EFT_IRQHandler
                0x00003e5c        0x8 ./startup/startup_kw45b41z83.o
                0x00003e5c                PORTC_EFT_IRQHandler
 .text.PORTD_EFT_IRQHandler
                0x00003e64        0x8 ./startup/startup_kw45b41z83.o
                0x00003e64                PORTD_EFT_IRQHandler
 .text.ADC0_IRQHandler
                0x00003e6c        0x8 ./startup/startup_kw45b41z83.o
                0x00003e6c                ADC0_IRQHandler
 .text.LPCMP0_IRQHandler
                0x00003e74        0x8 ./startup/startup_kw45b41z83.o
                0x00003e74                LPCMP0_IRQHandler
 .text.LPCMP1_IRQHandler
                0x00003e7c        0x8 ./startup/startup_kw45b41z83.o
                0x00003e7c                LPCMP1_IRQHandler
 .text.VBAT_IRQHandler
                0x00003e84        0x8 ./startup/startup_kw45b41z83.o
                0x00003e84                VBAT_IRQHandler
 .text.HardFault_Handler
                0x00003e8c       0x36 ./source/semihost_hardfault.o
                0x00003e8c                HardFault_Handler
 .text.CCM32K_GetStatusFlag
                0x00003ec2       0x18 ./drivers/fsl_ccm32k.o
 .text.CCM32K_Enable32kFro
                0x00003eda       0x46 ./drivers/fsl_ccm32k.o
                0x00003eda                CCM32K_Enable32kFro
 .text.CCM32K_GetClockSource
                0x00003f20       0x3e ./drivers/fsl_ccm32k.o
                0x00003f20                CCM32K_GetClockSource
 .text.GPIO_PinWrite
                0x00003f5e       0x36 ./drivers/fsl_gpio.o
 .text.CLOCK_EnableClock
                0x00003f94       0x6c ./drivers/fsl_lpspi.o
 .text.LPSPI_Enable
                0x00004000       0x38 ./drivers/fsl_lpspi.o
 .text.LPSPI_GetStatusFlags
                0x00004038       0x18 ./drivers/fsl_lpspi.o
 .text.LPSPI_GetRxFifoSize
                0x00004050       0x24 ./drivers/fsl_lpspi.o
 .text.LPSPI_GetTxFifoCount
                0x00004074       0x1c ./drivers/fsl_lpspi.o
 .text.LPSPI_GetRxFifoCount
                0x00004090       0x1e ./drivers/fsl_lpspi.o
 .text.LPSPI_ClearStatusFlags
                0x000040ae       0x1c ./drivers/fsl_lpspi.o
 .text.LPSPI_SetMasterSlaveMode
                0x000040ca       0x2c ./drivers/fsl_lpspi.o
 .text.LPSPI_IsMaster
                0x000040f6       0x26 ./drivers/fsl_lpspi.o
 .text.LPSPI_FlushFifo
                0x0000411c       0x30 ./drivers/fsl_lpspi.o
 .text.LPSPI_SetFifoWatermarks
                0x0000414c       0x2c ./drivers/fsl_lpspi.o
 .text.LPSPI_WriteData
                0x00004178       0x1c ./drivers/fsl_lpspi.o
 .text.LPSPI_ReadData
                0x00004194       0x18 ./drivers/fsl_lpspi.o
 .text.LPSPI_SetOnePcsPolarity
                0x000041ac       0x44 ./drivers/fsl_lpspi.o
 .text.LPSPI_MasterTransferClearTCR
                0x000041f0       0x36 ./drivers/fsl_lpspi.o
 .text.LPSPI_MasterTransferReadDataInFifo
                0x00004226       0x88 ./drivers/fsl_lpspi.o
 .text.LPSPI_MasterTransferReadDataInFifoNoBuf
                0x000042ae       0x26 ./drivers/fsl_lpspi.o
 .text.LPSPI_WaitTxFifoEmpty
                0x000042d4       0x22 ./drivers/fsl_lpspi.o
                0x000042d4                LPSPI_WaitTxFifoEmpty
 .text.CLOCK_EnableClock
                0x000042f6       0x6c ./drivers/fsl_lpuart.o
 .text.LPUART_SoftwareReset
                0x00004362       0x2c ./drivers/fsl_lpuart.o
 .text.SPC_GetActiveModeCoreLDOVDDVoltageLevel
                0x0000438e       0x22 ./drivers/fsl_spc.o
 .text.SPC_GetActiveModeVoltageDetectStatus
                0x000043b0       0x22 ./drivers/fsl_spc.o
 .text.SPC_SetSRAMOperateVoltage
                0x000043d2       0x4e ./drivers/fsl_spc.o
                0x000043d2                SPC_SetSRAMOperateVoltage
 .text.SystemInitHook
                0x00004420        0xe ./device/system_KW45B41Z83.o
                0x00004420                SystemInitHook
 .text.HAL_UartGetStatus
                0x0000442e       0x28 ./component/uart/fsl_adapter_lpuart.o
 .text.DisableGlobalIRQ
                0x00004456       0x22 ./component/serial_manager/fsl_component_serial_manager.o
 .text.EnableGlobalIRQ
                0x00004478       0x20 ./component/serial_manager/fsl_component_serial_manager.o
 .text.SerialManager_StartWriting
                0x00004498       0x38 ./component/serial_manager/fsl_component_serial_manager.o
 .text.SerialManager_StartReading
                0x000044d0       0x38 ./component/serial_manager/fsl_component_serial_manager.o
 .text.SerialManager_Write
                0x00004508       0x44 ./component/serial_manager/fsl_component_serial_manager.o
 .text.SerialManager_Read
                0x0000454c       0x44 ./component/serial_manager/fsl_component_serial_manager.o
 .text.SerialManager_Init
                0x00004590       0x60 ./component/serial_manager/fsl_component_serial_manager.o
                0x00004590                SerialManager_Init
 .text.SerialManager_OpenWriteHandle
                0x000045f0       0x50 ./component/serial_manager/fsl_component_serial_manager.o
                0x000045f0                SerialManager_OpenWriteHandle
 .text.SerialManager_OpenReadHandle
                0x00004640       0x60 ./component/serial_manager/fsl_component_serial_manager.o
                0x00004640                SerialManager_OpenReadHandle
 .text.SerialManager_WriteBlocking
                0x000046a0       0x20 ./component/serial_manager/fsl_component_serial_manager.o
                0x000046a0                SerialManager_WriteBlocking
 .text.SerialManager_ReadBlocking
                0x000046c0       0x20 ./component/serial_manager/fsl_component_serial_manager.o
                0x000046c0                SerialManager_ReadBlocking
 .text.Serial_UartInit
                0x000046e0       0x3e ./component/serial_manager/fsl_component_serial_port_uart.o
                0x000046e0                Serial_UartInit
 .text.Serial_UartWrite
                0x0000471e       0x38 ./component/serial_manager/fsl_component_serial_port_uart.o
                0x0000471e                Serial_UartWrite
 .text.Serial_UartRead
                0x00004756       0x38 ./component/serial_manager/fsl_component_serial_port_uart.o
                0x00004756                Serial_UartRead
 .text.CCM32K_GetStatusFlag
                0x0000478e       0x18 ./board/clock_config.o
 .text.CLOCK_CONFIG_FircSafeConfig
                0x000047a6       0x56 ./board/clock_config.o
 .text.BOARD_InitBootClocks
                0x000047fc        0xc ./board/clock_config.o
                0x000047fc                BOARD_InitBootClocks
 .text.BOARD_InitPeripherals
                0x00004808        0xc ./board/peripherals.o
                0x00004808                BOARD_InitPeripherals
 .text.BOARD_InitBootPeripherals
                0x00004814        0xc ./board/peripherals.o
                0x00004814                BOARD_InitBootPeripherals
 .text.CLOCK_EnableClock
                0x00004820       0x6c ./board/pin_mux.o
 .text.PORT_SetPinMux
                0x0000488c       0x3e ./board/pin_mux.o
 .text.PORT_DisableEFTDetectInterrupts
                0x000048ca       0x24 ./board/pin_mux.o
 .text.BOARD_InitBootPins
                0x000048ee       0x10 ./board/pin_mux.o
                0x000048ee                BOARD_InitBootPins
 .text.__main   0x000048fe        0xe C:/nxp/MCUXpressoIDE_11.10.0_3148/ide/plugins/com.nxp.mcuxpresso.tools.win32_11.10.0.202311280810/tools/bin/../lib/gcc/arm-none-eabi/13.2.1/../../../../arm-none-eabi/lib/thumb/v8-m.main+fp/hard\libcr_nohost_nf.a(_cr__main.o)
                0x000048fe                __main
 .text.memcpy   0x0000490c        0x4 C:/nxp/MCUXpressoIDE_11.10.0_3148/ide/plugins/com.nxp.mcuxpresso.tools.win32_11.10.0.202311280810/tools/bin/../lib/gcc/arm-none-eabi/13.2.1/../../../../arm-none-eabi/lib/thumb/v8-m.main+fp/hard\libcr_c.a(memcpy.o)
                0x0000490c                memcpy
 .text.memset   0x00004910        0x4 C:/nxp/MCUXpressoIDE_11.10.0_3148/ide/plugins/com.nxp.mcuxpresso.tools.win32_11.10.0.202311280810/tools/bin/../lib/gcc/arm-none-eabi/13.2.1/../../../../arm-none-eabi/lib/thumb/v8-m.main+fp/hard\libcr_c.a(memset.o)
                0x00004910                memset
 .text.free     0x00004914       0x30 C:/nxp/MCUXpressoIDE_11.10.0_3148/ide/plugins/com.nxp.mcuxpresso.tools.win32_11.10.0.202311280810/tools/bin/../lib/gcc/arm-none-eabi/13.2.1/../../../../arm-none-eabi/lib/thumb/v8-m.main+fp/hard\libcr_c.a(alloc.o)
                0x00004914                free
 .text.setvbuf  0x00004944       0x3e C:/nxp/MCUXpressoIDE_11.10.0_3148/ide/plugins/com.nxp.mcuxpresso.tools.win32_11.10.0.202311280810/tools/bin/../lib/gcc/arm-none-eabi/13.2.1/../../../../arm-none-eabi/lib/thumb/v8-m.main+fp/hard\libcr_c.a(setvbuf.o)
                0x00004944                setvbuf
 .text.strcmp   0x00004982       0x44 C:/nxp/MCUXpressoIDE_11.10.0_3148/ide/plugins/com.nxp.mcuxpresso.tools.win32_11.10.0.202311280810/tools/bin/../lib/gcc/arm-none-eabi/13.2.1/../../../../arm-none-eabi/lib/thumb/v8-m.main+fp/hard\libcr_c.a(strcmp.o)
                0x00004982                strcmp
 .text.strlen   0x000049c6       0x4e C:/nxp/MCUXpressoIDE_11.10.0_3148/ide/plugins/com.nxp.mcuxpresso.tools.win32_11.10.0.202311280810/tools/bin/../lib/gcc/arm-none-eabi/13.2.1/../../../../arm-none-eabi/lib/thumb/v8-m.main+fp/hard\libcr_c.a(strlen.o)
                0x000049c6                strlen
 .text._deferredlazyseek
                0x00004a14       0x40 C:/nxp/MCUXpressoIDE_11.10.0_3148/ide/plugins/com.nxp.mcuxpresso.tools.win32_11.10.0.202311280810/tools/bin/../lib/gcc/arm-none-eabi/13.2.1/../../../../arm-none-eabi/lib/thumb/v8-m.main+fp/hard\libcr_c.a(_deferredlazyseek.o)
                0x00004a14                _deferredlazyseek
 .text._fdopen  0x00004a54       0x68 C:/nxp/MCUXpressoIDE_11.10.0_3148/ide/plugins/com.nxp.mcuxpresso.tools.win32_11.10.0.202311280810/tools/bin/../lib/gcc/arm-none-eabi/13.2.1/../../../../arm-none-eabi/lib/thumb/v8-m.main+fp/hard\libcr_c.a(_fdopen.o)
                0x00004a54                _fdopen
 .text._fflush  0x00004abc       0x52 C:/nxp/MCUXpressoIDE_11.10.0_3148/ide/plugins/com.nxp.mcuxpresso.tools.win32_11.10.0.202311280810/tools/bin/../lib/gcc/arm-none-eabi/13.2.1/../../../../arm-none-eabi/lib/thumb/v8-m.main+fp/hard\libcr_c.a(_fflush.o)
                0x00004abc                _fflush
 .text.fclose   0x00004b0e       0x58 C:/nxp/MCUXpressoIDE_11.10.0_3148/ide/plugins/com.nxp.mcuxpresso.tools.win32_11.10.0.202311280810/tools/bin/../lib/gcc/arm-none-eabi/13.2.1/../../../../arm-none-eabi/lib/thumb/v8-m.main+fp/hard\libcr_c.a(fclose.o)
                0x00004b0e                fclose
 .text.remove   0x00004b66       0x14 C:/nxp/MCUXpressoIDE_11.10.0_3148/ide/plugins/com.nxp.mcuxpresso.tools.win32_11.10.0.202311280810/tools/bin/../lib/gcc/arm-none-eabi/13.2.1/../../../../arm-none-eabi/lib/thumb/v8-m.main+fp/hard\libcr_c.a(remove.o)
                0x00004b66                remove
 .text.strcspn  0x00004b7a       0x1e C:/nxp/MCUXpressoIDE_11.10.0_3148/ide/plugins/com.nxp.mcuxpresso.tools.win32_11.10.0.202311280810/tools/bin/../lib/gcc/arm-none-eabi/13.2.1/../../../../arm-none-eabi/lib/thumb/v8-m.main+fp/hard\libcr_c.a(strcspn.o)
                0x00004b7a                strcspn
 .text.strspn   0x00004b98       0x1e C:/nxp/MCUXpressoIDE_11.10.0_3148/ide/plugins/com.nxp.mcuxpresso.tools.win32_11.10.0.202311280810/tools/bin/../lib/gcc/arm-none-eabi/13.2.1/../../../../arm-none-eabi/lib/thumb/v8-m.main+fp/hard\libcr_c.a(strspn.o)
                0x00004b98                strspn
 .text._do_fflush
                0x00004bb6       0x40 C:/nxp/MCUXpressoIDE_11.10.0_3148/ide/plugins/com.nxp.mcuxpresso.tools.win32_11.10.0.202311280810/tools/bin/../lib/gcc/arm-none-eabi/13.2.1/../../../../arm-none-eabi/lib/thumb/v8-m.main+fp/hard\libcr_c.a(_do_fflush.o)
                0x00004bb6                _do_fflush
 .text.__aeabi_division_uldivmod
                0x00004bf6      0x174 C:/nxp/MCUXpressoIDE_11.10.0_3148/ide/plugins/com.nxp.mcuxpresso.tools.win32_11.10.0.202311280810/tools/bin/../lib/gcc/arm-none-eabi/13.2.1/thumb/v8-m.main+fp/hard\libcr_eabihelpers.a(division_64.o)
                0x00004bf6                __aeabi_uldivmod
                0x00004bfa                __bhs_ldivmod1
 .text.__aeabi_division_idiv0
                0x00004d6a        0x2 C:/nxp/MCUXpressoIDE_11.10.0_3148/ide/plugins/com.nxp.mcuxpresso.tools.win32_11.10.0.202311280810/tools/bin/../lib/gcc/arm-none-eabi/13.2.1/thumb/v8-m.main+fp/hard\libcr_eabihelpers.a(division_idiv0.o)
                0x00004d6a                __aeabi_idiv0
 .text.__aeabi_memcpy
                0x00004d6c       0x34 C:/nxp/MCUXpressoIDE_11.10.0_3148/ide/plugins/com.nxp.mcuxpresso.tools.win32_11.10.0.202311280810/tools/bin/../lib/gcc/arm-none-eabi/13.2.1/thumb/v8-m.main+fp/hard\libcr_eabihelpers.a(memcpy.o)
                0x00004d6c                __aeabi_memcpy
                0x00004d76                __aeabi_memcpy8
                0x00004d76                __aeabi_memcpy4
 .text.__aeabi_memset_lowlevel
                0x00004da0       0x32 C:/nxp/MCUXpressoIDE_11.10.0_3148/ide/plugins/com.nxp.mcuxpresso.tools.win32_11.10.0.202311280810/tools/bin/../lib/gcc/arm-none-eabi/13.2.1/thumb/v8-m.main+fp/hard\libcr_eabihelpers.a(memcpy.o)
                0x00004da0                __aeabi_lowlevel_memset
 .text.__sys_close
                0x00004dd2        0x6 C:/nxp/MCUXpressoIDE_11.10.0_3148/ide/plugins/com.nxp.mcuxpresso.tools.win32_11.10.0.202311280810/tools/bin/../lib/gcc/arm-none-eabi/13.2.1/../../../../arm-none-eabi/lib/thumb/v8-m.main+fp/hard\libcr_nohost_nf.a(__sys_close.o)
                0x00004dd2                __sys_close
 .text.__sys_flen
                0x00004dd8        0x6 C:/nxp/MCUXpressoIDE_11.10.0_3148/ide/plugins/com.nxp.mcuxpresso.tools.win32_11.10.0.202311280810/tools/bin/../lib/gcc/arm-none-eabi/13.2.1/../../../../arm-none-eabi/lib/thumb/v8-m.main+fp/hard\libcr_nohost_nf.a(__sys_flen.o)
                0x00004dd8                __sys_flen
 .text.__sys_istty
                0x00004dde        0x6 C:/nxp/MCUXpressoIDE_11.10.0_3148/ide/plugins/com.nxp.mcuxpresso.tools.win32_11.10.0.202311280810/tools/bin/../lib/gcc/arm-none-eabi/13.2.1/../../../../arm-none-eabi/lib/thumb/v8-m.main+fp/hard\libcr_nohost_nf.a(__sys_istty.o)
                0x00004dde                __sys_istty
 .text.__sys_remove
                0x00004de4        0x6 C:/nxp/MCUXpressoIDE_11.10.0_3148/ide/plugins/com.nxp.mcuxpresso.tools.win32_11.10.0.202311280810/tools/bin/../lib/gcc/arm-none-eabi/13.2.1/../../../../arm-none-eabi/lib/thumb/v8-m.main+fp/hard\libcr_nohost_nf.a(__sys_remove.o)
                0x00004de4                __sys_remove
 .text.__sys_seek
                0x00004dea        0x6 C:/nxp/MCUXpressoIDE_11.10.0_3148/ide/plugins/com.nxp.mcuxpresso.tools.win32_11.10.0.202311280810/tools/bin/../lib/gcc/arm-none-eabi/13.2.1/../../../../arm-none-eabi/lib/thumb/v8-m.main+fp/hard\libcr_nohost_nf.a(__sys_seek.o)
                0x00004dea                __sys_seek
 .text.__sys_tmpnam
                0x00004df0        0x6 C:/nxp/MCUXpressoIDE_11.10.0_3148/ide/plugins/com.nxp.mcuxpresso.tools.win32_11.10.0.202311280810/tools/bin/../lib/gcc/arm-none-eabi/13.2.1/../../../../arm-none-eabi/lib/thumb/v8-m.main+fp/hard\libcr_nohost_nf.a(__sys_tmpnam.o)
                0x00004df0                __sys_tmpnam
 .text.__sys_write
                0x00004df6        0x4 C:/nxp/MCUXpressoIDE_11.10.0_3148/ide/plugins/com.nxp.mcuxpresso.tools.win32_11.10.0.202311280810/tools/bin/../lib/gcc/arm-none-eabi/13.2.1/../../../../arm-none-eabi/lib/thumb/v8-m.main+fp/hard\libcr_nohost_nf.a(__sys_write.o)
                0x00004df6                __sys_write
 *(SORT_BY_ALIGNMENT(.rodata) SORT_BY_ALIGNMENT(.rodata.*) SORT_BY_ALIGNMENT(.constdata) SORT_BY_ALIGNMENT(.constdata.*))
 *fill*         0x00004dfa        0x2 ff
 .rodata.__assertion_failed.str1.4
                0x00004dfc      0xa20 ./utilities/fsl_assert.o
                                 0x14 (size before relaxing)
 .rodata.spi_transfer.str1.4
                0x0000581c       0x3d ./source/spirate.o
 .rodata.spi_pause.str1.4
                0x0000581c        0xf ./source/spirate.o
 .rodata.paws.str1.4
                0x0000581c       0x16 ./source/spirate.o
 .rodata.main.str1.4
                0x0000581c        0x8 ./source/spirate.o
 .rodata.CCM32K_Set32kOscConfig.str1.4
                0x0000581c       0x4c ./drivers/fsl_ccm32k.o
 .rodata.CLOCK_GetCurSysClkConfig.str1.4
                0x0000581c       0x19 ./drivers/fsl_clock.o
 .rodata.CLOCK_GetIpFreq.str1.4
                0x0000581c       0x25 ./drivers/fsl_clock.o
 .rodata.CLOCK_GetSysClkFreq.str1.4
                0x0000581c       0x18 ./drivers/fsl_clock.o
 .rodata.CLOCK_InitSysOsc.str1.4
                0x0000581c       0x19 ./drivers/fsl_clock.o
 .rodata.CLOCK_GetSysOscFreq.str1.4
                0x0000581c       0x1e ./drivers/fsl_clock.o
 .rodata.CLOCK_InitSirc.str1.4
                0x0000581c       0x19 ./drivers/fsl_clock.o
 .rodata.CLOCK_InitFirc.str1.4
                0x0000581c       0x19 ./drivers/fsl_clock.o
 .rodata.CLOCK_GetRtcOscFreq.str1.4
                0x0000581c       0x1f ./drivers/fsl_clock.o
 .rodata.fircFreq.1
                0x0000581c       0x10 ./drivers/fsl_clock.o
 .rodata.GPIO_PinInit.str1.4
                0x0000582c       0x20 ./drivers/fsl_gpio.o
 .rodata.s_baudratePrescaler
                0x0000582c        0x8 ./drivers/fsl_lpspi.o
 .rodata.s_lpspiBases
                0x00005834        0x8 ./drivers/fsl_lpspi.o
 .rodata.s_lpspiClocks
                0x0000583c        0x8 ./drivers/fsl_lpspi.o
 .rodata.LPSPI_GetInstance.str1.4
                0x00005844       0x36 ./drivers/fsl_lpspi.o
 .rodata.LPSPI_MasterInit.str1.4
                0x00005844       0x27 ./drivers/fsl_lpspi.o
 .rodata.LPSPI_MasterSetBaudRate.str1.4
                0x00005844       0x2b ./drivers/fsl_lpspi.o
 .rodata.LPSPI_MasterSetDelayScaler.str1.4
                0x00005844       0x18 ./drivers/fsl_lpspi.o
 .rodata.LPSPI_CheckTransferArgument.str1.4
                0x00005844       0x23 ./drivers/fsl_lpspi.o
 .rodata.LPSPI_MasterTransferBlocking.str1.4
                0x00005844       0x24 ./drivers/fsl_lpspi.o
 .rodata.LPSPI_CombineWriteData.str1.4
                0x00005844       0x3d ./drivers/fsl_lpspi.o
 .rodata.LPSPI_SeparateReadData.str1.4
                0x00005844       0x3d ./drivers/fsl_lpspi.o
 .rodata.LPSPI0_DriverIRQHandler.str1.4
                0x00005844       0x2c ./drivers/fsl_lpspi.o
 .rodata.LPSPI1_DriverIRQHandler.str1.4
                0x00005844       0x2c ./drivers/fsl_lpspi.o
 .rodata.s_lpuartBases
                0x00005844        0x8 ./drivers/fsl_lpuart.o
 .rodata.s_lpuartClock
                0x0000584c        0x8 ./drivers/fsl_lpuart.o
 .rodata.LPUART_GetInstance.str1.4
                0x00005854       0x38 ./drivers/fsl_lpuart.o
 .rodata.LPUART_Init.str1.4
                0x00005854      0x10a ./drivers/fsl_lpuart.o
 .rodata.LPUART_GetDefaultConfig.str1.4
                0x00005854       0x22 ./drivers/fsl_lpuart.o
 .rodata.LPUART_WriteBlocking.str1.4
                0x00005854       0x21 ./drivers/fsl_lpuart.o
 .rodata.LPUART_ReadBlocking.str1.4
                0x00005854       0x21 ./drivers/fsl_lpuart.o
 .rodata.SPC_SetActiveModeCoreLDORegulatorConfig.str1.4
                0x00005854       0x1f ./drivers/fsl_spc.o
 .rodata.s_LpuartAdapterBase
                0x00005854        0x8 ./component/uart/fsl_adapter_lpuart.o
 .rodata.HAL_UartInit.str1.4
                0x0000585c      0x116 ./component/uart/fsl_adapter_lpuart.o
 .rodata.HAL_UartReceiveBlocking.str1.4
                0x0000585c       0x7b ./component/uart/fsl_adapter_lpuart.o
 .rodata.HAL_UartSendBlocking.str1.4
                0x0000585c       0x7b ./component/uart/fsl_adapter_lpuart.o
 .rodata.CLOCK_SetIpSrc.str1.4
                0x0000585c       0x55 ./board/board.o
 .rodata.CLOCK_SetIpSrc.str1.4
                0x0000585c       0x55 ./board/clock_config.o
 .rodata.CLOCK_SetIpSrcDiv.str1.4
                0x0000585c       0x55 ./board/clock_config.o
 .rodata.CLOCK_SetRunModeSysClkConfig.str1.4
                0x0000585c       0x49 ./board/clock_config.o
 .rodata.CLOCK_GetCurSysClkConfig.str1.4
                0x0000585c       0x49 ./board/clock_config.o
 .rodata.CCM32K_SelectClockSource.str1.4
                0x0000585c      0x128 ./board/clock_config.o
 .rodata.FircTrimConfig_BOARD_BootClockRUN
                0x0000585c        0x8 ./board/clock_config.o
 .rodata.g_sysClkConfig_BOARD_BootClockRUN
                0x00005864        0x4 ./board/clock_config.o
                0x00005864                g_sysClkConfig_BOARD_BootClockRUN
 .rodata.g_scgSysOscConfig_BOARD_BootClockRUN
                0x00005868        0xc ./board/clock_config.o
                0x00005868                g_scgSysOscConfig_BOARD_BootClockRUN
 .rodata.g_scgSircConfig_BOARD_BootClockRUN
                0x00005874        0x1 ./board/clock_config.o
                0x00005874                g_scgSircConfig_BOARD_BootClockRUN
 *fill*         0x00005875        0x3 ff
 .rodata.g_scgFircConfig_BOARD_BootClockRUN
                0x00005878        0xc ./board/clock_config.o
                0x00005878                g_scgFircConfig_BOARD_BootClockRUN
 .rodata.g_ccm32kOscConfig_BOARD_BootClockRUN
                0x00005884        0x4 ./board/clock_config.o
 .rodata.LPSPI1_config
                0x00005888       0x20 ./board/peripherals.o
                0x00005888                LPSPI1_config
 .rodata.PORT_SetPinConfig.str1.4
                0x000058a8       0x48 ./board/pin_mux.o
 .rodata.__num_Ciob_streams
                0x000058a8        0x4 C:/nxp/MCUXpressoIDE_11.10.0_3148/ide/plugins/com.nxp.mcuxpresso.tools.win32_11.10.0.202311280810/tools/bin/../lib/gcc/arm-none-eabi/13.2.1/../../../../arm-none-eabi/lib/thumb/v8-m.main+fp/hard\libcr_nohost_nf.a(__ciob.o)
                0x000058a8                __num_Ciob_streams
 .rodata.__ctype
                0x000058ac      0x180 C:/nxp/MCUXpressoIDE_11.10.0_3148/ide/plugins/com.nxp.mcuxpresso.tools.win32_11.10.0.202311280810/tools/bin/../lib/gcc/arm-none-eabi/13.2.1/../../../../arm-none-eabi/lib/thumb/v8-m.main+fp/hard\libcr_c.a(ctype.o)
                0x000058ac                __ctype
 .rodata._initio.str1.1
                0x00005a2c        0x4 C:/nxp/MCUXpressoIDE_11.10.0_3148/ide/plugins/com.nxp.mcuxpresso.tools.win32_11.10.0.202311280810/tools/bin/../lib/gcc/arm-none-eabi/13.2.1/../../../../arm-none-eabi/lib/thumb/v8-m.main+fp/hard\libcr_c.a(initio.o)
 .rodata.str1.1
                0x00005a30        0x1 C:/nxp/MCUXpressoIDE_11.10.0_3148/ide/plugins/com.nxp.mcuxpresso.tools.win32_11.10.0.202311280810/tools/bin/../lib/gcc/arm-none-eabi/13.2.1/../../../../arm-none-eabi/lib/thumb/v8-m.main+fp/hard\libcr_c.a(strtok.o)
                0x00005a34                        . = ALIGN (0x4)

.glue_7         0x00005a30        0x0
 .glue_7        0x00005a30        0x0 linker stubs

.glue_7t        0x00005a30        0x0
 .glue_7t       0x00005a30        0x0 linker stubs

.vfp11_veneer   0x00005a30        0x0
 .vfp11_veneer  0x00005a30        0x0 linker stubs

.v4_bx          0x00005a30        0x0
 .v4_bx         0x00005a30        0x0 linker stubs

.iplt           0x00005a30        0x0
 .iplt          0x00005a30        0x0 ./utilities/fsl_assert.o

.rel.dyn        0x00005a30        0x0
 .rel.iplt      0x00005a30        0x0 ./utilities/fsl_assert.o

.ARM.extab
 *(SORT_BY_ALIGNMENT(.ARM.extab*) SORT_BY_ALIGNMENT(.gnu.linkonce.armextab.*))

.ARM.exidx      0x00005a30        0x0
                0x00005a30                        __exidx_start = .
 *(SORT_BY_ALIGNMENT(.ARM.exidx*) SORT_BY_ALIGNMENT(.gnu.linkonce.armexidx.*))
                0x00005a30                        __exidx_end = .
                0x00005a30                        _etext = .

.data_RAM2      0x04000000        0x0 load address 0x00005a30
 FILL mask 0xff
                [!provide]                        PROVIDE (__start_data_RAM2 = .)
                [!provide]                        PROVIDE (__start_data_TCM_CODE = .)
 *(SORT_BY_ALIGNMENT(.ramfunc.$RAM2))
 *(SORT_BY_ALIGNMENT(.ramfunc.$TCM_CODE))
 *(SORT_BY_ALIGNMENT(.data.$RAM2))
 *(SORT_BY_ALIGNMENT(.data.$TCM_CODE))
 *(SORT_BY_ALIGNMENT(.data.$RAM2.*))
 *(SORT_BY_ALIGNMENT(.data.$TCM_CODE.*))
                0x04000000                        . = ALIGN (0x4)
                [!provide]                        PROVIDE (__end_data_RAM2 = .)
                [!provide]                        PROVIDE (__end_data_TCM_CODE = .)

.uninit_RESERVED
                0x20000000        0x0
                0x20000000                        _start_uninit_RESERVED = .
 *(SORT_BY_ALIGNMENT(.bss.$RESERVED*))
                0x20000000                        . = ALIGN (0x4)
                0x20000000                        _end_uninit_RESERVED = .

.data           0x20000000        0x8 load address 0x00005a30
 FILL mask 0xff
                0x20000000                        _data = .
                [!provide]                        PROVIDE (__start_data_RAM = .)
                [!provide]                        PROVIDE (__start_data_TCM_SYS = .)
 *(SORT_BY_ALIGNMENT(vtable))
 *(SORT_BY_ALIGNMENT(.ramfunc*))
 *(SORT_BY_ALIGNMENT(CodeQuickAccess))
 *(SORT_BY_ALIGNMENT(DataQuickAccess))
 *(SORT_BY_ALIGNMENT(RamFunction))
 *(SORT_BY_ALIGNMENT(.data*))
 .data.SystemCoreClock
                0x20000000        0x4 ./device/system_KW45B41Z83.o
                0x20000000                SystemCoreClock
 .data.saves1.0
                0x20000004        0x4 C:/nxp/MCUXpressoIDE_11.10.0_3148/ide/plugins/com.nxp.mcuxpresso.tools.win32_11.10.0.202311280810/tools/bin/../lib/gcc/arm-none-eabi/13.2.1/../../../../arm-none-eabi/lib/thumb/v8-m.main+fp/hard\libcr_c.a(strtok.o)
                0x20000008                        . = ALIGN (0x4)
                0x20000008                        _edata = .
                [!provide]                        PROVIDE (__end_data_RAM = .)
                [!provide]                        PROVIDE (__end_data_TCM_SYS = .)

.igot.plt       0x20000008        0x0 load address 0x00005a38
 .igot.plt      0x20000008        0x0 ./utilities/fsl_assert.o

.bss_RAM2       0x04000000        0x0
                [!provide]                        PROVIDE (__start_bss_RAM2 = .)
                [!provide]                        PROVIDE (__start_bss_TCM_CODE = .)
 *(SORT_BY_ALIGNMENT(.bss.$RAM2))
 *(SORT_BY_ALIGNMENT(.bss.$TCM_CODE))
 *(SORT_BY_ALIGNMENT(.bss.$RAM2.*))
 *(SORT_BY_ALIGNMENT(.bss.$TCM_CODE.*))
                0x04000000                        . = ALIGN ((. != 0x0)?0x4:0x1)
                [!provide]                        PROVIDE (__end_bss_RAM2 = .)
                [!provide]                        PROVIDE (__end_bss_TCM_CODE = .)

.bss            0x20000008      0x10c
                0x20000008                        _bss = .
                [!provide]                        PROVIDE (__start_bss_RAM = .)
                [!provide]                        PROVIDE (__start_bss_TCM_SYS = .)
 *(SORT_BY_ALIGNMENT(.bss*))
 .bss.s_debugConsoleState
                0x20000008       0x20 ./utilities/fsl_debug_console.o
 .bss.g_serialHandle
                0x20000028        0x4 ./utilities/fsl_debug_console.o
                0x20000028                g_serialHandle
 .bss.g_xtal0Freq
                0x2000002c        0x4 ./drivers/fsl_clock.o
                0x2000002c                g_xtal0Freq
 .bss.g_xtal32Freq
                0x20000030        0x4 ./drivers/fsl_clock.o
                0x20000030                g_xtal32Freq
 .bss.s_lpspiHandle
                0x20000034        0x8 ./drivers/fsl_lpspi.o
 .bss.s_lpspiMasterIsr
                0x2000003c        0x4 ./drivers/fsl_lpspi.o
 .bss.s_lpspiSlaveIsr
                0x20000040        0x4 ./drivers/fsl_lpspi.o
 .bss.g_lpspiDummyData
                0x20000044        0x2 ./drivers/fsl_lpspi.o
                0x20000044                g_lpspiDummyData
 *fill*         0x20000046        0x2 
 .bss.s_lpuartHandle
                0x20000048        0x8 ./drivers/fsl_lpuart.o
                0x20000048                s_lpuartHandle
 .bss.s_lpuartIsr
                0x20000050        0x8 ./drivers/fsl_lpuart.o
                0x20000050                s_lpuartIsr
 .bss.errno     0x20000058        0x4 C:/nxp/MCUXpressoIDE_11.10.0_3148/ide/plugins/com.nxp.mcuxpresso.tools.win32_11.10.0.202311280810/tools/bin/../lib/gcc/arm-none-eabi/13.2.1/../../../../arm-none-eabi/lib/thumb/v8-m.main+fp/hard\libcr_c.a(errno.o)
                0x20000058                errno
 .bss.__Ciob    0x2000005c       0xb4 C:/nxp/MCUXpressoIDE_11.10.0_3148/ide/plugins/com.nxp.mcuxpresso.tools.win32_11.10.0.202311280810/tools/bin/../lib/gcc/arm-none-eabi/13.2.1/../../../../arm-none-eabi/lib/thumb/v8-m.main+fp/hard\libcr_nohost_nf.a(__ciob.o)
                0x2000005c                __Ciob
 .bss.s_debugConsoleReadWaitSemaphore
                0x20000110        0x1 ./utilities/fsl_debug_console.o
 *(SORT_BY_ALIGNMENT(COMMON))
                0x20000114                        . = ALIGN (0x4)
 *fill*         0x20000111        0x3 
                0x20000114                        _ebss = .
                [!provide]                        PROVIDE (__end_bss_RAM = .)
                [!provide]                        PROVIDE (__end_bss_TCM_SYS = .)
                [!provide]                        PROVIDE (end = .)

.noinit_RAM2    0x04000000        0x0
                [!provide]                        PROVIDE (__start_noinit_RAM2 = .)
                [!provide]                        PROVIDE (__start_noinit_TCM_CODE = .)
 *(SORT_BY_ALIGNMENT(.noinit.$RAM2))
 *(SORT_BY_ALIGNMENT(.noinit.$TCM_CODE))
 *(SORT_BY_ALIGNMENT(.noinit.$RAM2.*))
 *(SORT_BY_ALIGNMENT(.noinit.$TCM_CODE.*))
                0x04000000                        . = ALIGN (0x4)
                [!provide]                        PROVIDE (__end_noinit_RAM2 = .)
                [!provide]                        PROVIDE (__end_noinit_TCM_CODE = .)

.noinit         0x20000114        0x0
                0x20000114                        _noinit = .
                [!provide]                        PROVIDE (__start_noinit_RAM = .)
                [!provide]                        PROVIDE (__start_noinit_TCM_SYS = .)
 *(SORT_BY_ALIGNMENT(.noinit*))
                0x20000114                        . = ALIGN (0x4)
                0x20000114                        _end_noinit = .
                [!provide]                        PROVIDE (__end_noinit_RAM = .)
                [!provide]                        PROVIDE (__end_noinit_TCM_SYS = .)
                0x00001000                        _HeapSize = 0x1000

.heap           0x20000114     0x1000
                0x20000114                        _pvHeapStart = .
                0x20001114                        . = (. + _HeapSize)
 *fill*         0x20000114     0x1000 
                0x20001114                        . = ALIGN (0x4)
                0x20001114                        _pvHeapLimit = .
                0x00001000                        _StackSize = 0x1000

.heap2stackfill
                0x20001114     0x1000
                0x20002114                        . = (. + _StackSize)
 *fill*         0x20001114     0x1000 

.stack          0x2001b000        0x0
                0x2001b000                        _vStackBase = .
                0x2001b000                        . = ALIGN (0x4)
                0x2001c000                        _vStackTop = (. + _StackSize)
                0x00000000                        _image_start = LOADADDR (.text)
                0x00005a38                        _image_end = (LOADADDR (.data) + SIZEOF (.data))
                0x00005a38                        _image_size = (_image_end - _image_start)
OUTPUT(spirate.axf elf32-littlearm)
LOAD linker stubs

.debug_info     0x00000000    0x14e32
 .debug_info    0x00000000      0x127 ./utilities/fsl_assert.o
 .debug_info    0x00000127      0xe21 ./utilities/fsl_debug_console.o
 .debug_info    0x00000f48      0xd5d ./utilities/fsl_str.o
 .debug_info    0x00001ca5      0xb7c ./startup/startup_kw45b41z83.o
 .debug_info    0x00002821       0x3c ./source/semihost_hardfault.o
 .debug_info    0x0000285d      0x744 ./source/spirate.o
 .debug_info    0x00002fa1      0x6c8 ./drivers/fsl_ccm32k.o
 .debug_info    0x00003669     0x110f ./drivers/fsl_clock.o
 .debug_info    0x00004778      0x551 ./drivers/fsl_gpio.o
 .debug_info    0x00004cc9     0x27c6 ./drivers/fsl_lpspi.o
 .debug_info    0x0000748f     0x231a ./drivers/fsl_lpuart.o
 .debug_info    0x000097a9     0x1745 ./drivers/fsl_spc.o
 .debug_info    0x0000aeee      0x4b4 ./device/system_KW45B41Z83.o
 .debug_info    0x0000b3a2      0xc05 ./component/uart/fsl_adapter_lpuart.o
 .debug_info    0x0000bfa7      0xd8e ./component/serial_manager/fsl_component_serial_manager.o
 .debug_info    0x0000cd35      0x54a ./component/serial_manager/fsl_component_serial_port_uart.o
 .debug_info    0x0000d27f      0x3de ./board/board.o
 .debug_info    0x0000d65d     0x165f ./board/clock_config.o
 .debug_info    0x0000ecbc      0xa10 ./board/peripherals.o
 .debug_info    0x0000f6cc      0xc11 ./board/pin_mux.o
 .debug_info    0x000102dd       0x85 C:/nxp/MCUXpressoIDE_11.10.0_3148/ide/plugins/com.nxp.mcuxpresso.tools.win32_11.10.0.202311280810/tools/bin/../lib/gcc/arm-none-eabi/13.2.1/../../../../arm-none-eabi/lib/thumb/v8-m.main+fp/hard\libcr_nohost_nf.a(_cr__main.o)
 .debug_info    0x00010362      0x12b C:/nxp/MCUXpressoIDE_11.10.0_3148/ide/plugins/com.nxp.mcuxpresso.tools.win32_11.10.0.202311280810/tools/bin/../lib/gcc/arm-none-eabi/13.2.1/../../../../arm-none-eabi/lib/thumb/v8-m.main+fp/hard\libcr_c.a(memcpy.o)
 .debug_info    0x0001048d       0xfc C:/nxp/MCUXpressoIDE_11.10.0_3148/ide/plugins/com.nxp.mcuxpresso.tools.win32_11.10.0.202311280810/tools/bin/../lib/gcc/arm-none-eabi/13.2.1/../../../../arm-none-eabi/lib/thumb/v8-m.main+fp/hard\libcr_c.a(memset.o)
 .debug_info    0x00010589      0x520 C:/nxp/MCUXpressoIDE_11.10.0_3148/ide/plugins/com.nxp.mcuxpresso.tools.win32_11.10.0.202311280810/tools/bin/../lib/gcc/arm-none-eabi/13.2.1/../../../../arm-none-eabi/lib/thumb/v8-m.main+fp/hard\libcr_c.a(alloc.o)
 .debug_info    0x00010aa9      0x2f8 C:/nxp/MCUXpressoIDE_11.10.0_3148/ide/plugins/com.nxp.mcuxpresso.tools.win32_11.10.0.202311280810/tools/bin/../lib/gcc/arm-none-eabi/13.2.1/../../../../arm-none-eabi/lib/thumb/v8-m.main+fp/hard\libcr_c.a(ctype.o)
 .debug_info    0x00010da1       0x44 C:/nxp/MCUXpressoIDE_11.10.0_3148/ide/plugins/com.nxp.mcuxpresso.tools.win32_11.10.0.202311280810/tools/bin/../lib/gcc/arm-none-eabi/13.2.1/../../../../arm-none-eabi/lib/thumb/v8-m.main+fp/hard\libcr_c.a(errno.o)
 .debug_info    0x00010de5      0x339 C:/nxp/MCUXpressoIDE_11.10.0_3148/ide/plugins/com.nxp.mcuxpresso.tools.win32_11.10.0.202311280810/tools/bin/../lib/gcc/arm-none-eabi/13.2.1/../../../../arm-none-eabi/lib/thumb/v8-m.main+fp/hard\libcr_c.a(initio.o)
 .debug_info    0x0001111e     0x19ef C:/nxp/MCUXpressoIDE_11.10.0_3148/ide/plugins/com.nxp.mcuxpresso.tools.win32_11.10.0.202311280810/tools/bin/../lib/gcc/arm-none-eabi/13.2.1/../../../../arm-none-eabi/lib/thumb/v8-m.main+fp/hard\libcr_c.a(scanf.o)
 .debug_info    0x00012b0d      0x1fd C:/nxp/MCUXpressoIDE_11.10.0_3148/ide/plugins/com.nxp.mcuxpresso.tools.win32_11.10.0.202311280810/tools/bin/../lib/gcc/arm-none-eabi/13.2.1/../../../../arm-none-eabi/lib/thumb/v8-m.main+fp/hard\libcr_c.a(setvbuf.o)
 .debug_info    0x00012d0a       0xfe C:/nxp/MCUXpressoIDE_11.10.0_3148/ide/plugins/com.nxp.mcuxpresso.tools.win32_11.10.0.202311280810/tools/bin/../lib/gcc/arm-none-eabi/13.2.1/../../../../arm-none-eabi/lib/thumb/v8-m.main+fp/hard\libcr_c.a(strcmp.o)
 .debug_info    0x00012e08       0xe1 C:/nxp/MCUXpressoIDE_11.10.0_3148/ide/plugins/com.nxp.mcuxpresso.tools.win32_11.10.0.202311280810/tools/bin/../lib/gcc/arm-none-eabi/13.2.1/../../../../arm-none-eabi/lib/thumb/v8-m.main+fp/hard\libcr_c.a(strlen.o)
 .debug_info    0x00012ee9      0x139 C:/nxp/MCUXpressoIDE_11.10.0_3148/ide/plugins/com.nxp.mcuxpresso.tools.win32_11.10.0.202311280810/tools/bin/../lib/gcc/arm-none-eabi/13.2.1/../../../../arm-none-eabi/lib/thumb/v8-m.main+fp/hard\libcr_c.a(strtok.o)
 .debug_info    0x00013022      0x369 C:/nxp/MCUXpressoIDE_11.10.0_3148/ide/plugins/com.nxp.mcuxpresso.tools.win32_11.10.0.202311280810/tools/bin/../lib/gcc/arm-none-eabi/13.2.1/../../../../arm-none-eabi/lib/thumb/v8-m.main+fp/hard\libcr_c.a(_deferredlazyseek.o)
 .debug_info    0x0001338b      0x24b C:/nxp/MCUXpressoIDE_11.10.0_3148/ide/plugins/com.nxp.mcuxpresso.tools.win32_11.10.0.202311280810/tools/bin/../lib/gcc/arm-none-eabi/13.2.1/../../../../arm-none-eabi/lib/thumb/v8-m.main+fp/hard\libcr_c.a(_fdopen.o)
 .debug_info    0x000135d6      0x1e3 C:/nxp/MCUXpressoIDE_11.10.0_3148/ide/plugins/com.nxp.mcuxpresso.tools.win32_11.10.0.202311280810/tools/bin/../lib/gcc/arm-none-eabi/13.2.1/../../../../arm-none-eabi/lib/thumb/v8-m.main+fp/hard\libcr_c.a(_fflush.o)
 .debug_info    0x000137b9      0x289 C:/nxp/MCUXpressoIDE_11.10.0_3148/ide/plugins/com.nxp.mcuxpresso.tools.win32_11.10.0.202311280810/tools/bin/../lib/gcc/arm-none-eabi/13.2.1/../../../../arm-none-eabi/lib/thumb/v8-m.main+fp/hard\libcr_c.a(_writebuf.o)
 .debug_info    0x00013a42      0x318 C:/nxp/MCUXpressoIDE_11.10.0_3148/ide/plugins/com.nxp.mcuxpresso.tools.win32_11.10.0.202311280810/tools/bin/../lib/gcc/arm-none-eabi/13.2.1/../../../../arm-none-eabi/lib/thumb/v8-m.main+fp/hard\libcr_c.a(fclose.o)
 .debug_info    0x00013d5a      0x209 C:/nxp/MCUXpressoIDE_11.10.0_3148/ide/plugins/com.nxp.mcuxpresso.tools.win32_11.10.0.202311280810/tools/bin/../lib/gcc/arm-none-eabi/13.2.1/../../../../arm-none-eabi/lib/thumb/v8-m.main+fp/hard\libcr_c.a(fflush.o)
 .debug_info    0x00013f63      0x276 C:/nxp/MCUXpressoIDE_11.10.0_3148/ide/plugins/com.nxp.mcuxpresso.tools.win32_11.10.0.202311280810/tools/bin/../lib/gcc/arm-none-eabi/13.2.1/../../../../arm-none-eabi/lib/thumb/v8-m.main+fp/hard\libcr_c.a(fseek.o)
 .debug_info    0x000141d9      0x197 C:/nxp/MCUXpressoIDE_11.10.0_3148/ide/plugins/com.nxp.mcuxpresso.tools.win32_11.10.0.202311280810/tools/bin/../lib/gcc/arm-none-eabi/13.2.1/../../../../arm-none-eabi/lib/thumb/v8-m.main+fp/hard\libcr_c.a(ftell.o)
 .debug_info    0x00014370      0x1d7 C:/nxp/MCUXpressoIDE_11.10.0_3148/ide/plugins/com.nxp.mcuxpresso.tools.win32_11.10.0.202311280810/tools/bin/../lib/gcc/arm-none-eabi/13.2.1/../../../../arm-none-eabi/lib/thumb/v8-m.main+fp/hard\libcr_c.a(remove.o)
 .debug_info    0x00014547       0xe0 C:/nxp/MCUXpressoIDE_11.10.0_3148/ide/plugins/com.nxp.mcuxpresso.tools.win32_11.10.0.202311280810/tools/bin/../lib/gcc/arm-none-eabi/13.2.1/../../../../arm-none-eabi/lib/thumb/v8-m.main+fp/hard\libcr_c.a(strcspn.o)
 .debug_info    0x00014627       0xe0 C:/nxp/MCUXpressoIDE_11.10.0_3148/ide/plugins/com.nxp.mcuxpresso.tools.win32_11.10.0.202311280810/tools/bin/../lib/gcc/arm-none-eabi/13.2.1/../../../../arm-none-eabi/lib/thumb/v8-m.main+fp/hard\libcr_c.a(strspn.o)
 .debug_info    0x00014707      0x23a C:/nxp/MCUXpressoIDE_11.10.0_3148/ide/plugins/com.nxp.mcuxpresso.tools.win32_11.10.0.202311280810/tools/bin/../lib/gcc/arm-none-eabi/13.2.1/../../../../arm-none-eabi/lib/thumb/v8-m.main+fp/hard\libcr_c.a(_do_fflush.o)
 .debug_info    0x00014941      0x18b C:/nxp/MCUXpressoIDE_11.10.0_3148/ide/plugins/com.nxp.mcuxpresso.tools.win32_11.10.0.202311280810/tools/bin/../lib/gcc/arm-none-eabi/13.2.1/../../../../arm-none-eabi/lib/thumb/v8-m.main+fp/hard\libcr_nohost_nf.a(__ciob.o)
 .debug_info    0x00014acc       0x6a C:/nxp/MCUXpressoIDE_11.10.0_3148/ide/plugins/com.nxp.mcuxpresso.tools.win32_11.10.0.202311280810/tools/bin/../lib/gcc/arm-none-eabi/13.2.1/../../../../arm-none-eabi/lib/thumb/v8-m.main+fp/hard\libcr_nohost_nf.a(__sys_close.o)
 .debug_info    0x00014b36       0x6a C:/nxp/MCUXpressoIDE_11.10.0_3148/ide/plugins/com.nxp.mcuxpresso.tools.win32_11.10.0.202311280810/tools/bin/../lib/gcc/arm-none-eabi/13.2.1/../../../../arm-none-eabi/lib/thumb/v8-m.main+fp/hard\libcr_nohost_nf.a(__sys_flen.o)
 .debug_info    0x00014ba0       0x6a C:/nxp/MCUXpressoIDE_11.10.0_3148/ide/plugins/com.nxp.mcuxpresso.tools.win32_11.10.0.202311280810/tools/bin/../lib/gcc/arm-none-eabi/13.2.1/../../../../arm-none-eabi/lib/thumb/v8-m.main+fp/hard\libcr_nohost_nf.a(__sys_istty.o)
 .debug_info    0x00014c0a       0x8a C:/nxp/MCUXpressoIDE_11.10.0_3148/ide/plugins/com.nxp.mcuxpresso.tools.win32_11.10.0.202311280810/tools/bin/../lib/gcc/arm-none-eabi/13.2.1/../../../../arm-none-eabi/lib/thumb/v8-m.main+fp/hard\libcr_nohost_nf.a(__sys_remove.o)
 .debug_info    0x00014c94       0x78 C:/nxp/MCUXpressoIDE_11.10.0_3148/ide/plugins/com.nxp.mcuxpresso.tools.win32_11.10.0.202311280810/tools/bin/../lib/gcc/arm-none-eabi/13.2.1/../../../../arm-none-eabi/lib/thumb/v8-m.main+fp/hard\libcr_nohost_nf.a(__sys_seek.o)
 .debug_info    0x00014d0c       0x93 C:/nxp/MCUXpressoIDE_11.10.0_3148/ide/plugins/com.nxp.mcuxpresso.tools.win32_11.10.0.202311280810/tools/bin/../lib/gcc/arm-none-eabi/13.2.1/../../../../arm-none-eabi/lib/thumb/v8-m.main+fp/hard\libcr_nohost_nf.a(__sys_tmpnam.o)
 .debug_info    0x00014d9f       0x93 C:/nxp/MCUXpressoIDE_11.10.0_3148/ide/plugins/com.nxp.mcuxpresso.tools.win32_11.10.0.202311280810/tools/bin/../lib/gcc/arm-none-eabi/13.2.1/../../../../arm-none-eabi/lib/thumb/v8-m.main+fp/hard\libcr_nohost_nf.a(__sys_write.o)

.debug_abbrev   0x00000000     0x4925
 .debug_abbrev  0x00000000       0xbd ./utilities/fsl_assert.o
 .debug_abbrev  0x000000bd      0x270 ./utilities/fsl_debug_console.o
 .debug_abbrev  0x0000032d      0x270 ./utilities/fsl_str.o
 .debug_abbrev  0x0000059d      0x147 ./startup/startup_kw45b41z83.o
 .debug_abbrev  0x000006e4       0x31 ./source/semihost_hardfault.o
 .debug_abbrev  0x00000715      0x25f ./source/spirate.o
 .debug_abbrev  0x00000974      0x1fb ./drivers/fsl_ccm32k.o
 .debug_abbrev  0x00000b6f      0x312 ./drivers/fsl_clock.o
 .debug_abbrev  0x00000e81      0x201 ./drivers/fsl_gpio.o
 .debug_abbrev  0x00001082      0x355 ./drivers/fsl_lpspi.o
 .debug_abbrev  0x000013d7      0x428 ./drivers/fsl_lpuart.o
 .debug_abbrev  0x000017ff      0x2cd ./drivers/fsl_spc.o
 .debug_abbrev  0x00001acc      0x129 ./device/system_KW45B41Z83.o
 .debug_abbrev  0x00001bf5      0x1e7 ./component/uart/fsl_adapter_lpuart.o
 .debug_abbrev  0x00001ddc      0x2bb ./component/serial_manager/fsl_component_serial_manager.o
 .debug_abbrev  0x00002097      0x18c ./component/serial_manager/fsl_component_serial_port_uart.o
 .debug_abbrev  0x00002223      0x155 ./board/board.o
 .debug_abbrev  0x00002378      0x38b ./board/clock_config.o
 .debug_abbrev  0x00002703      0x193 ./board/peripherals.o
 .debug_abbrev  0x00002896      0x299 ./board/pin_mux.o
 .debug_abbrev  0x00002b2f       0x70 C:/nxp/MCUXpressoIDE_11.10.0_3148/ide/plugins/com.nxp.mcuxpresso.tools.win32_11.10.0.202311280810/tools/bin/../lib/gcc/arm-none-eabi/13.2.1/../../../../arm-none-eabi/lib/thumb/v8-m.main+fp/hard\libcr_nohost_nf.a(_cr__main.o)
 .debug_abbrev  0x00002b9f       0xb6 C:/nxp/MCUXpressoIDE_11.10.0_3148/ide/plugins/com.nxp.mcuxpresso.tools.win32_11.10.0.202311280810/tools/bin/../lib/gcc/arm-none-eabi/13.2.1/../../../../arm-none-eabi/lib/thumb/v8-m.main+fp/hard\libcr_c.a(memcpy.o)
 .debug_abbrev  0x00002c55       0xa8 C:/nxp/MCUXpressoIDE_11.10.0_3148/ide/plugins/com.nxp.mcuxpresso.tools.win32_11.10.0.202311280810/tools/bin/../lib/gcc/arm-none-eabi/13.2.1/../../../../arm-none-eabi/lib/thumb/v8-m.main+fp/hard\libcr_c.a(memset.o)
 .debug_abbrev  0x00002cfd      0x284 C:/nxp/MCUXpressoIDE_11.10.0_3148/ide/plugins/com.nxp.mcuxpresso.tools.win32_11.10.0.202311280810/tools/bin/../lib/gcc/arm-none-eabi/13.2.1/../../../../arm-none-eabi/lib/thumb/v8-m.main+fp/hard\libcr_c.a(alloc.o)
 .debug_abbrev  0x00002f81       0xba C:/nxp/MCUXpressoIDE_11.10.0_3148/ide/plugins/com.nxp.mcuxpresso.tools.win32_11.10.0.202311280810/tools/bin/../lib/gcc/arm-none-eabi/13.2.1/../../../../arm-none-eabi/lib/thumb/v8-m.main+fp/hard\libcr_c.a(ctype.o)
 .debug_abbrev  0x0000303b       0x44 C:/nxp/MCUXpressoIDE_11.10.0_3148/ide/plugins/com.nxp.mcuxpresso.tools.win32_11.10.0.202311280810/tools/bin/../lib/gcc/arm-none-eabi/13.2.1/../../../../arm-none-eabi/lib/thumb/v8-m.main+fp/hard\libcr_c.a(errno.o)
 .debug_abbrev  0x0000307f      0x169 C:/nxp/MCUXpressoIDE_11.10.0_3148/ide/plugins/com.nxp.mcuxpresso.tools.win32_11.10.0.202311280810/tools/bin/../lib/gcc/arm-none-eabi/13.2.1/../../../../arm-none-eabi/lib/thumb/v8-m.main+fp/hard\libcr_c.a(initio.o)
 .debug_abbrev  0x000031e8      0x453 C:/nxp/MCUXpressoIDE_11.10.0_3148/ide/plugins/com.nxp.mcuxpresso.tools.win32_11.10.0.202311280810/tools/bin/../lib/gcc/arm-none-eabi/13.2.1/../../../../arm-none-eabi/lib/thumb/v8-m.main+fp/hard\libcr_c.a(scanf.o)
 .debug_abbrev  0x0000363b       0xe1 C:/nxp/MCUXpressoIDE_11.10.0_3148/ide/plugins/com.nxp.mcuxpresso.tools.win32_11.10.0.202311280810/tools/bin/../lib/gcc/arm-none-eabi/13.2.1/../../../../arm-none-eabi/lib/thumb/v8-m.main+fp/hard\libcr_c.a(setvbuf.o)
 .debug_abbrev  0x0000371c       0xa1 C:/nxp/MCUXpressoIDE_11.10.0_3148/ide/plugins/com.nxp.mcuxpresso.tools.win32_11.10.0.202311280810/tools/bin/../lib/gcc/arm-none-eabi/13.2.1/../../../../arm-none-eabi/lib/thumb/v8-m.main+fp/hard\libcr_c.a(strcmp.o)
 .debug_abbrev  0x000037bd       0xa7 C:/nxp/MCUXpressoIDE_11.10.0_3148/ide/plugins/com.nxp.mcuxpresso.tools.win32_11.10.0.202311280810/tools/bin/../lib/gcc/arm-none-eabi/13.2.1/../../../../arm-none-eabi/lib/thumb/v8-m.main+fp/hard\libcr_c.a(strlen.o)
 .debug_abbrev  0x00003864       0xe2 C:/nxp/MCUXpressoIDE_11.10.0_3148/ide/plugins/com.nxp.mcuxpresso.tools.win32_11.10.0.202311280810/tools/bin/../lib/gcc/arm-none-eabi/13.2.1/../../../../arm-none-eabi/lib/thumb/v8-m.main+fp/hard\libcr_c.a(strtok.o)
 .debug_abbrev  0x00003946      0x152 C:/nxp/MCUXpressoIDE_11.10.0_3148/ide/plugins/com.nxp.mcuxpresso.tools.win32_11.10.0.202311280810/tools/bin/../lib/gcc/arm-none-eabi/13.2.1/../../../../arm-none-eabi/lib/thumb/v8-m.main+fp/hard\libcr_c.a(_deferredlazyseek.o)
 .debug_abbrev  0x00003a98      0x119 C:/nxp/MCUXpressoIDE_11.10.0_3148/ide/plugins/com.nxp.mcuxpresso.tools.win32_11.10.0.202311280810/tools/bin/../lib/gcc/arm-none-eabi/13.2.1/../../../../arm-none-eabi/lib/thumb/v8-m.main+fp/hard\libcr_c.a(_fdopen.o)
 .debug_abbrev  0x00003bb1       0xf1 C:/nxp/MCUXpressoIDE_11.10.0_3148/ide/plugins/com.nxp.mcuxpresso.tools.win32_11.10.0.202311280810/tools/bin/../lib/gcc/arm-none-eabi/13.2.1/../../../../arm-none-eabi/lib/thumb/v8-m.main+fp/hard\libcr_c.a(_fflush.o)
 .debug_abbrev  0x00003ca2      0x126 C:/nxp/MCUXpressoIDE_11.10.0_3148/ide/plugins/com.nxp.mcuxpresso.tools.win32_11.10.0.202311280810/tools/bin/../lib/gcc/arm-none-eabi/13.2.1/../../../../arm-none-eabi/lib/thumb/v8-m.main+fp/hard\libcr_c.a(_writebuf.o)
 .debug_abbrev  0x00003dc8      0x155 C:/nxp/MCUXpressoIDE_11.10.0_3148/ide/plugins/com.nxp.mcuxpresso.tools.win32_11.10.0.202311280810/tools/bin/../lib/gcc/arm-none-eabi/13.2.1/../../../../arm-none-eabi/lib/thumb/v8-m.main+fp/hard\libcr_c.a(fclose.o)
 .debug_abbrev  0x00003f1d      0x125 C:/nxp/MCUXpressoIDE_11.10.0_3148/ide/plugins/com.nxp.mcuxpresso.tools.win32_11.10.0.202311280810/tools/bin/../lib/gcc/arm-none-eabi/13.2.1/../../../../arm-none-eabi/lib/thumb/v8-m.main+fp/hard\libcr_c.a(fflush.o)
 .debug_abbrev  0x00004042      0x11b C:/nxp/MCUXpressoIDE_11.10.0_3148/ide/plugins/com.nxp.mcuxpresso.tools.win32_11.10.0.202311280810/tools/bin/../lib/gcc/arm-none-eabi/13.2.1/../../../../arm-none-eabi/lib/thumb/v8-m.main+fp/hard\libcr_c.a(fseek.o)
 .debug_abbrev  0x0000415d       0xc2 C:/nxp/MCUXpressoIDE_11.10.0_3148/ide/plugins/com.nxp.mcuxpresso.tools.win32_11.10.0.202311280810/tools/bin/../lib/gcc/arm-none-eabi/13.2.1/../../../../arm-none-eabi/lib/thumb/v8-m.main+fp/hard\libcr_c.a(ftell.o)
 .debug_abbrev  0x0000421f       0xfb C:/nxp/MCUXpressoIDE_11.10.0_3148/ide/plugins/com.nxp.mcuxpresso.tools.win32_11.10.0.202311280810/tools/bin/../lib/gcc/arm-none-eabi/13.2.1/../../../../arm-none-eabi/lib/thumb/v8-m.main+fp/hard\libcr_c.a(remove.o)
 .debug_abbrev  0x0000431a       0xa0 C:/nxp/MCUXpressoIDE_11.10.0_3148/ide/plugins/com.nxp.mcuxpresso.tools.win32_11.10.0.202311280810/tools/bin/../lib/gcc/arm-none-eabi/13.2.1/../../../../arm-none-eabi/lib/thumb/v8-m.main+fp/hard\libcr_c.a(strcspn.o)
 .debug_abbrev  0x000043ba       0xa0 C:/nxp/MCUXpressoIDE_11.10.0_3148/ide/plugins/com.nxp.mcuxpresso.tools.win32_11.10.0.202311280810/tools/bin/../lib/gcc/arm-none-eabi/13.2.1/../../../../arm-none-eabi/lib/thumb/v8-m.main+fp/hard\libcr_c.a(strspn.o)
 .debug_abbrev  0x0000445a      0x12c C:/nxp/MCUXpressoIDE_11.10.0_3148/ide/plugins/com.nxp.mcuxpresso.tools.win32_11.10.0.202311280810/tools/bin/../lib/gcc/arm-none-eabi/13.2.1/../../../../arm-none-eabi/lib/thumb/v8-m.main+fp/hard\libcr_c.a(_do_fflush.o)
 .debug_abbrev  0x00004586       0xb5 C:/nxp/MCUXpressoIDE_11.10.0_3148/ide/plugins/com.nxp.mcuxpresso.tools.win32_11.10.0.202311280810/tools/bin/../lib/gcc/arm-none-eabi/13.2.1/../../../../arm-none-eabi/lib/thumb/v8-m.main+fp/hard\libcr_nohost_nf.a(__ciob.o)
 .debug_abbrev  0x0000463b       0x5c C:/nxp/MCUXpressoIDE_11.10.0_3148/ide/plugins/com.nxp.mcuxpresso.tools.win32_11.10.0.202311280810/tools/bin/../lib/gcc/arm-none-eabi/13.2.1/../../../../arm-none-eabi/lib/thumb/v8-m.main+fp/hard\libcr_nohost_nf.a(__sys_close.o)
 .debug_abbrev  0x00004697       0x5c C:/nxp/MCUXpressoIDE_11.10.0_3148/ide/plugins/com.nxp.mcuxpresso.tools.win32_11.10.0.202311280810/tools/bin/../lib/gcc/arm-none-eabi/13.2.1/../../../../arm-none-eabi/lib/thumb/v8-m.main+fp/hard\libcr_nohost_nf.a(__sys_flen.o)
 .debug_abbrev  0x000046f3       0x5c C:/nxp/MCUXpressoIDE_11.10.0_3148/ide/plugins/com.nxp.mcuxpresso.tools.win32_11.10.0.202311280810/tools/bin/../lib/gcc/arm-none-eabi/13.2.1/../../../../arm-none-eabi/lib/thumb/v8-m.main+fp/hard\libcr_nohost_nf.a(__sys_istty.o)
 .debug_abbrev  0x0000474f       0x7d C:/nxp/MCUXpressoIDE_11.10.0_3148/ide/plugins/com.nxp.mcuxpresso.tools.win32_11.10.0.202311280810/tools/bin/../lib/gcc/arm-none-eabi/13.2.1/../../../../arm-none-eabi/lib/thumb/v8-m.main+fp/hard\libcr_nohost_nf.a(__sys_remove.o)
 .debug_abbrev  0x000047cc       0x6d C:/nxp/MCUXpressoIDE_11.10.0_3148/ide/plugins/com.nxp.mcuxpresso.tools.win32_11.10.0.202311280810/tools/bin/../lib/gcc/arm-none-eabi/13.2.1/../../../../arm-none-eabi/lib/thumb/v8-m.main+fp/hard\libcr_nohost_nf.a(__sys_seek.o)
 .debug_abbrev  0x00004839       0x76 C:/nxp/MCUXpressoIDE_11.10.0_3148/ide/plugins/com.nxp.mcuxpresso.tools.win32_11.10.0.202311280810/tools/bin/../lib/gcc/arm-none-eabi/13.2.1/../../../../arm-none-eabi/lib/thumb/v8-m.main+fp/hard\libcr_nohost_nf.a(__sys_tmpnam.o)
 .debug_abbrev  0x000048af       0x76 C:/nxp/MCUXpressoIDE_11.10.0_3148/ide/plugins/com.nxp.mcuxpresso.tools.win32_11.10.0.202311280810/tools/bin/../lib/gcc/arm-none-eabi/13.2.1/../../../../arm-none-eabi/lib/thumb/v8-m.main+fp/hard\libcr_nohost_nf.a(__sys_write.o)

.debug_aranges  0x00000000     0x1380
 .debug_aranges
                0x00000000       0x28 ./utilities/fsl_assert.o
 .debug_aranges
                0x00000028       0xa8 ./utilities/fsl_debug_console.o
 .debug_aranges
                0x000000d0       0xe8 ./utilities/fsl_str.o
 .debug_aranges
                0x000001b8      0x2e0 ./startup/startup_kw45b41z83.o
 .debug_aranges
                0x00000498       0x20 ./source/semihost_hardfault.o
 .debug_aranges
                0x000004b8       0x48 ./source/spirate.o
 .debug_aranges
                0x00000500       0x68 ./drivers/fsl_ccm32k.o
 .debug_aranges
                0x00000568       0xd8 ./drivers/fsl_clock.o
 .debug_aranges
                0x00000640       0x60 ./drivers/fsl_gpio.o
 .debug_aranges
                0x000006a0      0x1d8 ./drivers/fsl_lpspi.o
 .debug_aranges
                0x00000878      0x188 ./drivers/fsl_lpuart.o
 .debug_aranges
                0x00000a00      0x178 ./drivers/fsl_spc.o
 .debug_aranges
                0x00000b78       0x30 ./device/system_KW45B41Z83.o
 .debug_aranges
                0x00000ba8       0x58 ./component/uart/fsl_adapter_lpuart.o
 .debug_aranges
                0x00000c00       0xa0 ./component/serial_manager/fsl_component_serial_manager.o
 .debug_aranges
                0x00000ca0       0x48 ./component/serial_manager/fsl_component_serial_port_uart.o
 .debug_aranges
                0x00000ce8       0x28 ./board/board.o
 .debug_aranges
                0x00000d10       0xa8 ./board/clock_config.o
 .debug_aranges
                0x00000db8       0x30 ./board/peripherals.o
 .debug_aranges
                0x00000de8       0x80 ./board/pin_mux.o
 .debug_aranges
                0x00000e68       0x20 C:/nxp/MCUXpressoIDE_11.10.0_3148/ide/plugins/com.nxp.mcuxpresso.tools.win32_11.10.0.202311280810/tools/bin/../lib/gcc/arm-none-eabi/13.2.1/../../../../arm-none-eabi/lib/thumb/v8-m.main+fp/hard\libcr_nohost_nf.a(_cr__main.o)
 .debug_aranges
                0x00000e88       0x20 C:/nxp/MCUXpressoIDE_11.10.0_3148/ide/plugins/com.nxp.mcuxpresso.tools.win32_11.10.0.202311280810/tools/bin/../lib/gcc/arm-none-eabi/13.2.1/../../../../arm-none-eabi/lib/thumb/v8-m.main+fp/hard\libcr_c.a(memcpy.o)
 .debug_aranges
                0x00000ea8       0x20 C:/nxp/MCUXpressoIDE_11.10.0_3148/ide/plugins/com.nxp.mcuxpresso.tools.win32_11.10.0.202311280810/tools/bin/../lib/gcc/arm-none-eabi/13.2.1/../../../../arm-none-eabi/lib/thumb/v8-m.main+fp/hard\libcr_c.a(memset.o)
 .debug_aranges
                0x00000ec8       0x40 C:/nxp/MCUXpressoIDE_11.10.0_3148/ide/plugins/com.nxp.mcuxpresso.tools.win32_11.10.0.202311280810/tools/bin/../lib/gcc/arm-none-eabi/13.2.1/../../../../arm-none-eabi/lib/thumb/v8-m.main+fp/hard\libcr_c.a(alloc.o)
 .debug_aranges
                0x00000f08       0x80 C:/nxp/MCUXpressoIDE_11.10.0_3148/ide/plugins/com.nxp.mcuxpresso.tools.win32_11.10.0.202311280810/tools/bin/../lib/gcc/arm-none-eabi/13.2.1/../../../../arm-none-eabi/lib/thumb/v8-m.main+fp/hard\libcr_c.a(ctype.o)
 .debug_aranges
                0x00000f88       0x18 C:/nxp/MCUXpressoIDE_11.10.0_3148/ide/plugins/com.nxp.mcuxpresso.tools.win32_11.10.0.202311280810/tools/bin/../lib/gcc/arm-none-eabi/13.2.1/../../../../arm-none-eabi/lib/thumb/v8-m.main+fp/hard\libcr_c.a(errno.o)
 .debug_aranges
                0x00000fa0       0x28 C:/nxp/MCUXpressoIDE_11.10.0_3148/ide/plugins/com.nxp.mcuxpresso.tools.win32_11.10.0.202311280810/tools/bin/../lib/gcc/arm-none-eabi/13.2.1/../../../../arm-none-eabi/lib/thumb/v8-m.main+fp/hard\libcr_c.a(initio.o)
 .debug_aranges
                0x00000fc8       0xb0 C:/nxp/MCUXpressoIDE_11.10.0_3148/ide/plugins/com.nxp.mcuxpresso.tools.win32_11.10.0.202311280810/tools/bin/../lib/gcc/arm-none-eabi/13.2.1/../../../../arm-none-eabi/lib/thumb/v8-m.main+fp/hard\libcr_c.a(scanf.o)
 .debug_aranges
                0x00001078       0x20 C:/nxp/MCUXpressoIDE_11.10.0_3148/ide/plugins/com.nxp.mcuxpresso.tools.win32_11.10.0.202311280810/tools/bin/../lib/gcc/arm-none-eabi/13.2.1/../../../../arm-none-eabi/lib/thumb/v8-m.main+fp/hard\libcr_c.a(setvbuf.o)
 .debug_aranges
                0x00001098       0x20 C:/nxp/MCUXpressoIDE_11.10.0_3148/ide/plugins/com.nxp.mcuxpresso.tools.win32_11.10.0.202311280810/tools/bin/../lib/gcc/arm-none-eabi/13.2.1/../../../../arm-none-eabi/lib/thumb/v8-m.main+fp/hard\libcr_c.a(strcmp.o)
 .debug_aranges
                0x000010b8       0x20 C:/nxp/MCUXpressoIDE_11.10.0_3148/ide/plugins/com.nxp.mcuxpresso.tools.win32_11.10.0.202311280810/tools/bin/../lib/gcc/arm-none-eabi/13.2.1/../../../../arm-none-eabi/lib/thumb/v8-m.main+fp/hard\libcr_c.a(strlen.o)
 .debug_aranges
                0x000010d8       0x20 C:/nxp/MCUXpressoIDE_11.10.0_3148/ide/plugins/com.nxp.mcuxpresso.tools.win32_11.10.0.202311280810/tools/bin/../lib/gcc/arm-none-eabi/13.2.1/../../../../arm-none-eabi/lib/thumb/v8-m.main+fp/hard\libcr_c.a(strtok.o)
 .debug_aranges
                0x000010f8       0x28 C:/nxp/MCUXpressoIDE_11.10.0_3148/ide/plugins/com.nxp.mcuxpresso.tools.win32_11.10.0.202311280810/tools/bin/../lib/gcc/arm-none-eabi/13.2.1/../../../../arm-none-eabi/lib/thumb/v8-m.main+fp/hard\libcr_c.a(_deferredlazyseek.o)
 .debug_aranges
                0x00001120       0x20 C:/nxp/MCUXpressoIDE_11.10.0_3148/ide/plugins/com.nxp.mcuxpresso.tools.win32_11.10.0.202311280810/tools/bin/../lib/gcc/arm-none-eabi/13.2.1/../../../../arm-none-eabi/lib/thumb/v8-m.main+fp/hard\libcr_c.a(_fdopen.o)
 .debug_aranges
                0x00001140       0x20 C:/nxp/MCUXpressoIDE_11.10.0_3148/ide/plugins/com.nxp.mcuxpresso.tools.win32_11.10.0.202311280810/tools/bin/../lib/gcc/arm-none-eabi/13.2.1/../../../../arm-none-eabi/lib/thumb/v8-m.main+fp/hard\libcr_c.a(_fflush.o)
 .debug_aranges
                0x00001160       0x20 C:/nxp/MCUXpressoIDE_11.10.0_3148/ide/plugins/com.nxp.mcuxpresso.tools.win32_11.10.0.202311280810/tools/bin/../lib/gcc/arm-none-eabi/13.2.1/../../../../arm-none-eabi/lib/thumb/v8-m.main+fp/hard\libcr_c.a(_writebuf.o)
 .debug_aranges
                0x00001180       0x20 C:/nxp/MCUXpressoIDE_11.10.0_3148/ide/plugins/com.nxp.mcuxpresso.tools.win32_11.10.0.202311280810/tools/bin/../lib/gcc/arm-none-eabi/13.2.1/../../../../arm-none-eabi/lib/thumb/v8-m.main+fp/hard\libcr_c.a(fclose.o)
 .debug_aranges
                0x000011a0       0x20 C:/nxp/MCUXpressoIDE_11.10.0_3148/ide/plugins/com.nxp.mcuxpresso.tools.win32_11.10.0.202311280810/tools/bin/../lib/gcc/arm-none-eabi/13.2.1/../../../../arm-none-eabi/lib/thumb/v8-m.main+fp/hard\libcr_c.a(fflush.o)
 .debug_aranges
                0x000011c0       0x20 C:/nxp/MCUXpressoIDE_11.10.0_3148/ide/plugins/com.nxp.mcuxpresso.tools.win32_11.10.0.202311280810/tools/bin/../lib/gcc/arm-none-eabi/13.2.1/../../../../arm-none-eabi/lib/thumb/v8-m.main+fp/hard\libcr_c.a(fseek.o)
 .debug_aranges
                0x000011e0       0x20 C:/nxp/MCUXpressoIDE_11.10.0_3148/ide/plugins/com.nxp.mcuxpresso.tools.win32_11.10.0.202311280810/tools/bin/../lib/gcc/arm-none-eabi/13.2.1/../../../../arm-none-eabi/lib/thumb/v8-m.main+fp/hard\libcr_c.a(ftell.o)
 .debug_aranges
                0x00001200       0x28 C:/nxp/MCUXpressoIDE_11.10.0_3148/ide/plugins/com.nxp.mcuxpresso.tools.win32_11.10.0.202311280810/tools/bin/../lib/gcc/arm-none-eabi/13.2.1/../../../../arm-none-eabi/lib/thumb/v8-m.main+fp/hard\libcr_c.a(remove.o)
 .debug_aranges
                0x00001228       0x20 C:/nxp/MCUXpressoIDE_11.10.0_3148/ide/plugins/com.nxp.mcuxpresso.tools.win32_11.10.0.202311280810/tools/bin/../lib/gcc/arm-none-eabi/13.2.1/../../../../arm-none-eabi/lib/thumb/v8-m.main+fp/hard\libcr_c.a(strcspn.o)
 .debug_aranges
                0x00001248       0x20 C:/nxp/MCUXpressoIDE_11.10.0_3148/ide/plugins/com.nxp.mcuxpresso.tools.win32_11.10.0.202311280810/tools/bin/../lib/gcc/arm-none-eabi/13.2.1/../../../../arm-none-eabi/lib/thumb/v8-m.main+fp/hard\libcr_c.a(strspn.o)
 .debug_aranges
                0x00001268       0x20 C:/nxp/MCUXpressoIDE_11.10.0_3148/ide/plugins/com.nxp.mcuxpresso.tools.win32_11.10.0.202311280810/tools/bin/../lib/gcc/arm-none-eabi/13.2.1/../../../../arm-none-eabi/lib/thumb/v8-m.main+fp/hard\libcr_c.a(_do_fflush.o)
 .debug_aranges
                0x00001288       0x18 C:/nxp/MCUXpressoIDE_11.10.0_3148/ide/plugins/com.nxp.mcuxpresso.tools.win32_11.10.0.202311280810/tools/bin/../lib/gcc/arm-none-eabi/13.2.1/../../../../arm-none-eabi/lib/thumb/v8-m.main+fp/hard\libcr_nohost_nf.a(__ciob.o)
 .debug_aranges
                0x000012a0       0x20 C:/nxp/MCUXpressoIDE_11.10.0_3148/ide/plugins/com.nxp.mcuxpresso.tools.win32_11.10.0.202311280810/tools/bin/../lib/gcc/arm-none-eabi/13.2.1/../../../../arm-none-eabi/lib/thumb/v8-m.main+fp/hard\libcr_nohost_nf.a(__sys_close.o)
 .debug_aranges