Archive member included to satisfy reference by file (symbol)

C:/nxp/MCUXpressoIDE_11.10.0_3148/ide/plugins/com.nxp.mcuxpresso.tools.win32_11.10.0.202311280810/tools/bin/../lib/gcc/arm-none-eabi/13.2.1/../../../../arm-none-eabi/lib/thumb/v8-m.main+fp/hard\libcr_nohost_nf.a(_cr__main.o)
                              ./startup/startup_kw45b41z83.o (__main)
C:/nxp/MCUXpressoIDE_11.10.0_3148/ide/plugins/com.nxp.mcuxpresso.tools.win32_11.10.0.202311280810/tools/bin/../lib/gcc/arm-none-eabi/13.2.1/../../../../arm-none-eabi/lib/thumb/v8-m.main+fp/hard\libcr_c.a(memcpy.o)
                              ./utilities/fsl_str.o (memcpy)
C:/nxp/MCUXpressoIDE_11.10.0_3148/ide/plugins/com.nxp.mcuxpresso.tools.win32_11.10.0.202311280810/tools/bin/../lib/gcc/arm-none-eabi/13.2.1/../../../../arm-none-eabi/lib/thumb/v8-m.main+fp/hard\libcr_c.a(memset.o)
                              ./utilities/fsl_debug_console.o (memset)
C:/nxp/MCUXpressoIDE_11.10.0_3148/ide/plugins/com.nxp.mcuxpresso.tools.win32_11.10.0.202311280810/tools/bin/../lib/gcc/arm-none-eabi/13.2.1/../../../../arm-none-eabi/lib/thumb/v8-m.main+fp/hard\libcr_c.a(alloc.o)
                              ./drivers/fsl_common.o (malloc)
C:/nxp/MCUXpressoIDE_11.10.0_3148/ide/plugins/com.nxp.mcuxpresso.tools.win32_11.10.0.202311280810/tools/bin/../lib/gcc/arm-none-eabi/13.2.1/../../../../arm-none-eabi/lib/thumb/v8-m.main+fp/hard\libcr_c.a(ctype.o)
                              ./source/spirate.o (isdigit)
C:/nxp/MCUXpressoIDE_11.10.0_3148/ide/plugins/com.nxp.mcuxpresso.tools.win32_11.10.0.202311280810/tools/bin/../lib/gcc/arm-none-eabi/13.2.1/../../../../arm-none-eabi/lib/thumb/v8-m.main+fp/hard\libcr_c.a(errno.o)
                              ./utilities/fsl_str.o (errno)
C:/nxp/MCUXpressoIDE_11.10.0_3148/ide/plugins/com.nxp.mcuxpresso.tools.win32_11.10.0.202311280810/tools/bin/../lib/gcc/arm-none-eabi/13.2.1/../../../../arm-none-eabi/lib/thumb/v8-m.main+fp/hard\libcr_c.a(initio.o)
                              C:/nxp/MCUXpressoIDE_11.10.0_3148/ide/plugins/com.nxp.mcuxpresso.tools.win32_11.10.0.202311280810/tools/bin/../lib/gcc/arm-none-eabi/13.2.1/../../../../arm-none-eabi/lib/thumb/v8-m.main+fp/hard\libcr_nohost_nf.a(_cr__main.o) (_initio)
C:/nxp/MCUXpressoIDE_11.10.0_3148/ide/plugins/com.nxp.mcuxpresso.tools.win32_11.10.0.202311280810/tools/bin/../lib/gcc/arm-none-eabi/13.2.1/../../../../arm-none-eabi/lib/thumb/v8-m.main+fp/hard\libcr_c.a(scanf.o)
                              ./source/spirate.o (strtol)
C:/nxp/MCUXpressoIDE_11.10.0_3148/ide/plugins/com.nxp.mcuxpresso.tools.win32_11.10.0.202311280810/tools/bin/../lib/gcc/arm-none-eabi/13.2.1/../../../../arm-none-eabi/lib/thumb/v8-m.main+fp/hard\libcr_c.a(setvbuf.o)
                              C:/nxp/MCUXpressoIDE_11.10.0_3148/ide/plugins/com.nxp.mcuxpresso.tools.win32_11.10.0.202311280810/tools/bin/../lib/gcc/arm-none-eabi/13.2.1/../../../../arm-none-eabi/lib/thumb/v8-m.main+fp/hard\libcr_c.a(initio.o) (setvbuf)
C:/nxp/MCUXpressoIDE_11.10.0_3148/ide/plugins/com.nxp.mcuxpresso.tools.win32_11.10.0.202311280810/tools/bin/../lib/gcc/arm-none-eabi/13.2.1/../../../../arm-none-eabi/lib/thumb/v8-m.main+fp/hard\libcr_c.a(strcmp.o)
                              ./source/spirate.o (strcmp)
C:/nxp/MCUXpressoIDE_11.10.0_3148/ide/plugins/com.nxp.mcuxpresso.tools.win32_11.10.0.202311280810/tools/bin/../lib/gcc/arm-none-eabi/13.2.1/../../../../arm-none-eabi/lib/thumb/v8-m.main+fp/hard\libcr_c.a(strlen.o)
                              ./utilities/fsl_str.o (strlen)
C:/nxp/MCUXpressoIDE_11.10.0_3148/ide/plugins/com.nxp.mcuxpresso.tools.win32_11.10.0.202311280810/tools/bin/../lib/gcc/arm-none-eabi/13.2.1/../../../../arm-none-eabi/lib/thumb/v8-m.main+fp/hard\libcr_c.a(strtok.o)
                              ./source/spirate.o (strtok)
C:/nxp/MCUXpressoIDE_11.10.0_3148/ide/plugins/com.nxp.mcuxpresso.tools.win32_11.10.0.202311280810/tools/bin/../lib/gcc/arm-none-eabi/13.2.1/../../../../arm-none-eabi/lib/thumb/v8-m.main+fp/hard\libcr_c.a(ungetc.o)
                              C:/nxp/MCUXpressoIDE_11.10.0_3148/ide/plugins/com.nxp.mcuxpresso.tools.win32_11.10.0.202311280810/tools/bin/../lib/gcc/arm-none-eabi/13.2.1/../../../../arm-none-eabi/lib/thumb/v8-m.main+fp/hard\libcr_c.a(scanf.o) (ungetc)
C:/nxp/MCUXpressoIDE_11.10.0_3148/ide/plugins/com.nxp.mcuxpresso.tools.win32_11.10.0.202311280810/tools/bin/../lib/gcc/arm-none-eabi/13.2.1/../../../../arm-none-eabi/lib/thumb/v8-m.main+fp/hard\libcr_c.a(__fillbuf.o)
                              C:/nxp/MCUXpressoIDE_11.10.0_3148/ide/plugins/com.nxp.mcuxpresso.tools.win32_11.10.0.202311280810/tools/bin/../lib/gcc/arm-none-eabi/13.2.1/../../../../arm-none-eabi/lib/thumb/v8-m.main+fp/hard\libcr_c.a(scanf.o) (__filbuf)
C:/nxp/MCUXpressoIDE_11.10.0_3148/ide/plugins/com.nxp.mcuxpresso.tools.win32_11.10.0.202311280810/tools/bin/../lib/gcc/arm-none-eabi/13.2.1/../../../../arm-none-eabi/lib/thumb/v8-m.main+fp/hard\libcr_c.a(__init_alloc.o)
[...]
Memory Configuration

Name             Origin             Length             Attributes
PROGRAM_FLASH    0x00000000         0x00100000         xr
TCM_SYS          0x20000000         0x0001c000         xrw
TCM_CODE         0x04000000         0x00004000         xrw
*default*        0x00000000         0xffffffff

Linker script and memory map

LOAD ./utilities/fsl_assert.o
LOAD ./utilities/fsl_debug_console.o
LOAD ./utilities/fsl_str.o
LOAD ./startup/startup_kw45b41z83.o
LOAD ./source/semihost_hardfault.o
LOAD ./source/spirate.o
LOAD ./drivers/fsl_ccm32k.o
LOAD ./drivers/fsl_clock.o
LOAD ./drivers/fsl_common.o
LOAD ./drivers/fsl_common_arm.o
LOAD ./drivers/fsl_gpio.o
LOAD ./drivers/fsl_lpspi.o
LOAD ./drivers/fsl_lpuart.o
LOAD ./drivers/fsl_spc.o
LOAD ./device/system_KW45B41Z83.o
LOAD ./component/uart/fsl_adapter_lpuart.o
LOAD ./component/serial_manager/fsl_component_serial_manager.o
LOAD ./component/serial_manager/fsl_component_serial_port_uart.o
LOAD ./component/lists/fsl_component_generic_list.o
LOAD ./board/board.o
LOAD ./board/clock_config.o
LOAD ./board/peripherals.o
LOAD ./board/pin_mux.o
START GROUP
LOAD C:/nxp/MCUXpressoIDE_11.10.0_3148/ide/plugins/com.nxp.mcuxpresso.tools.win32_11.10.0.202311280810/tools/bin/../lib/gcc/arm-none-eabi/13.2.1/../../../../arm-none-eabi/lib/thumb/v8-m.main+fp/hard\libcr_nohost_nf.a
LOAD C:/nxp/MCUXpressoIDE_11.10.0_3148/ide/plugins/com.nxp.mcuxpresso.tools.win32_11.10.0.202311280810/tools/bin/../lib/gcc/arm-none-eabi/13.2.1/../../../../arm-none-eabi/lib/thumb/v8-m.main+fp/hard\libcr_c.a
LOAD C:/nxp/MCUXpressoIDE_11.10.0_3148/ide/plugins/com.nxp.mcuxpresso.tools.win32_11.10.0.202311280810/tools/bin/../lib/gcc/arm-none-eabi/13.2.1/thumb/v8-m.main+fp/hard\libcr_eabihelpers.a
LOAD C:/nxp/MCUXpressoIDE_11.10.0_3148/ide/plugins/com.nxp.mcuxpresso.tools.win32_11.10.0.202311280810/tools/bin/../lib/gcc/arm-none-eabi/13.2.1/thumb/v8-m.main+fp/hard\libgcc.a
END GROUP
                0x00000000                        __base_PROGRAM_FLASH = 0x0
                0x00000000                        __base_Flash = 0x0
                0x00100000                        __top_PROGRAM_FLASH = 0x100000
                0x00100000                        __top_Flash = 0x100000
                0x20000000                        __base_TCM_SYS = 0x20000000
                0x20000000                        __base_RAM = 0x20000000
                0x2001c000                        __top_TCM_SYS = 0x2001c000
                0x2001c000                        __top_RAM = 0x2001c000
                0x04000000                        __base_TCM_CODE = 0x4000000
                0x04000000                        __base_RAM2 = 0x4000000
                0x04004000                        __top_TCM_CODE = 0x4004000
                0x04004000                        __top_RAM2 = 0x4004000

.text           0x00000000     0x5a68
 FILL mask 0xff
                0x00000000                        __vectors_start__ = ABSOLUTE (.)
 *(SORT_BY_ALIGNMENT(.isr_vector))
 .isr_vector    0x00000000      0x16c ./startup/startup_kw45b41z83.o
                0x00000000                g_pfnVectors
                0x00000000                __Vectors
                0x0000016c                        . = ALIGN (0x4)
                0x0000016c                        __section_table_start = .
                0x0000016c                        __data_section_table = .
                0x0000016c        0x4 LONG 0x5a68 LOADADDR (.data)
                0x00000170        0x4 LONG 0x20000000 ADDR (.data)
                0x00000174        0x4 LONG 0x8 SIZEOF (.data)
                0x00000178        0x4 LONG 0x5a68 LOADADDR (.data_RAM2)
                0x0000017c        0x4 LONG 0x4000000 ADDR (.data_RAM2)
                0x00000180        0x4 LONG 0x0 SIZEOF (.data_RAM2)
                0x00000184                        __data_section_table_end = .
                0x00000184                        __bss_section_table = .
                0x00000184        0x4 LONG 0x20000008 ADDR (.bss)
                0x00000188        0x4 LONG 0x10c SIZEOF (.bss)
                0x0000018c        0x4 LONG 0x4000000 ADDR (.bss_RAM2)
                0x00000190        0x4 LONG 0x0 SIZEOF (.bss_RAM2)
                0x00000194                        __bss_section_table_end = .
                0x00000194                        __section_table_end = .
 *(SORT_BY_ALIGNMENT(.after_vectors*))
 .after_vectors.reset
                0x00000194       0xbc ./startup/startup_kw45b41z83.o
                0x00000194                ResetISR
 .after_vectors.init_data
                0x00000250       0x1e ./startup/startup_kw45b41z83.o
                0x00000250                data_init
 .after_vectors.init_bss
                0x0000026e       0x12 ./startup/startup_kw45b41z83.o
                0x0000026e                bss_init
 .after_vectors
                0x00000280       0x16 ./startup/startup_kw45b41z83.o
                0x00000280                NMI_Handler
                0x00000284                MemManage_Handler
                0x00000286                BusFault_Handler
                0x00000288                UsageFault_Handler
                0x0000028a                SecureFault_Handler
                0x0000028c                SVC_Handler
                0x0000028e                DebugMon_Handler
                0x00000290                PendSV_Handler
                0x00000292                SysTick_Handler
                0x00000294                LPI2C0_DriverIRQHandler
                0x00000294                EWM0_DriverIRQHandler
                0x00000294                RF_LANT_SW_DriverIRQHandler
                0x00000294                TRDC0_DriverIRQHandler
                0x00000294                RTC_Seconds_DriverIRQHandler
                0x00000294                ELE_NONSECURE_DriverIRQHandler
                0x00000294                GPIOB_INT1_DriverIRQHandler
                0x00000294                PORTB_EFT_DriverIRQHandler
                0x00000294                FLEXIO0_DriverIRQHandler
                0x00000294                GPIOA_INT0_DriverIRQHandler
                0x00000294                Reserved69_DriverIRQHandler
                0x00000294                CMC0_DriverIRQHandler
                0x00000294                RF_IMU1_DriverIRQHandler
                0x00000294                RF_BRIC_DriverIRQHandler
                0x00000294                LPCMP1_DriverIRQHandler
                0x00000294                IntDefaultHandler
                0x00000294                DMA0_DriverIRQHandler
                0x00000294                MSCM0_DriverIRQHandler
                0x00000294                LPTMR0_DriverIRQHandler
                0x00000294                PORTC_EFT_DriverIRQHandler
                0x00000294                ELE_SECURE_DriverIRQHandler
                0x00000294                GPIOA_INT1_DriverIRQHandler
                0x00000294                TPM0_DriverIRQHandler
                0x00000294                RTC_Alarm_DriverIRQHandler
                0x00000294                WDOG1_DriverIRQHandler
                0x00000294                RF_FMU_DriverIRQHandler
                0x00000294                MCM0_DriverIRQHandler
                0x00000294                SFA0_DriverIRQHandler
                0x00000294                RF_WOR_DriverIRQHandler
                0x00000294                I3C0_DriverIRQHandler
                0x00000294                GPIOD_INT0_DriverIRQHandler
                0x00000294                RF_IMU0_DriverIRQHandler
                0x00000294                TPM1_DriverIRQHandler
                0x00000294                ELE_CMD_DriverIRQHandler
                0x00000294                CTI_DriverIRQHandler
                0x00000294                VBAT_DriverIRQHandler
                0x00000294                RF_NBU_DriverIRQHandler
                0x00000294                GPIOC_INT1_DriverIRQHandler
                0x00000294                PORTA_EFT_DriverIRQHandler
                0x00000294                DSB_DriverIRQHandler
                0x00000294                GPIOC_INT0_DriverIRQHandler
                0x00000294                LPI2C1_DriverIRQHandler
                0x00000294                FMU0_DriverIRQHandler
                0x00000294                RFMC_DriverIRQHandler
                0x00000294                LPTMR1_DriverIRQHandler
                0x00000294                LPCMP0_DriverIRQHandler
                0x00000294                LPIT0_DriverIRQHandler
                0x00000294                GPIOD_INT1_DriverIRQHandler
                0x00000294                ADC0_DriverIRQHandler
                0x00000294                PORTD_EFT_DriverIRQHandler
                0x00000294                WDOG0_DriverIRQHandler
                0x00000294                GPIOB_INT0_DriverIRQHandler
                0x00000294                CAN0_DriverIRQHandler
                0x00000294                RF_Generic_DriverIRQHandler
                0x00000294                SPC0_DriverIRQHandler
                0x00000294                WUU0_DriverIRQHandler
                0x00000294                SCG0_DriverIRQHandler
 *(SORT_BY_ALIGNMENT(.text*))
 *fill*         0x00000296        0x2 ff
 .text.LPSPI_MasterSetDelayTimes
                0x00000298      0x284 ./drivers/fsl_lpspi.o
                0x00000298                LPSPI_MasterSetDelayTimes
 .text.__assertion_failed
                0x0000051c       0x2c ./utilities/fsl_assert.o
                0x0000051c                __assertion_failed
 .text.DbgConsole_ReadOneCharacter
                0x00000548       0x44 ./utilities/fsl_debug_console.o
                0x00000548                DbgConsole_ReadOneCharacter
 .text.DbgConsole_SendDataReliable
                0x0000058c       0x54 ./utilities/fsl_debug_console.o
                0x0000058c                DbgConsole_SendDataReliable
 .text.DbgConsole_ReadCharacter
                0x000005e0       0x44 ./utilities/fsl_debug_console.o
                0x000005e0                DbgConsole_ReadCharacter
 .text.DbgConsole_Init
                0x00000624      0x138 ./utilities/fsl_debug_console.o
                0x00000624                DbgConsole_Init
 .text.DbgConsole_Vprintf
                0x0000075c       0x68 ./utilities/fsl_debug_console.o
                0x0000075c                DbgConsole_Vprintf
 .text.spi_transfer
                0x000007c4      0x15c ./source/spirate.o
                0x000007c4                spi_transfer
 .text.spi_pause
                0x00000920       0x28 ./source/spirate.o
                0x00000920                spi_pause
 .text.paws     0x00000948      0x15c ./source/spirate.o
                0x00000948                paws
 .text.main     0x00000aa4       0xc4 ./source/spirate.o
                0x00000aa4                main
 .text.CCM32K_Set32kOscConfig
                0x00000b68       0xd0 ./drivers/fsl_ccm32k.o
                0x00000b68                CCM32K_Set32kOscConfig
 .text.CLOCK_GetCurSysClkConfig
                0x00000c38       0x30 ./drivers/fsl_clock.o
 .text.CLOCK_SetSysOscMonitorMode
                0x00000c68       0x34 ./drivers/fsl_clock.o
 .text.CLOCK_GetFreq
                0x00000c9c       0x8c ./drivers/fsl_clock.o
                0x00000c9c                CLOCK_GetFreq
 .text.CLOCK_GetIpFreq
                0x00000d28      0x270 ./drivers/fsl_clock.o
                0x00000d28                CLOCK_GetIpFreq
 .text.CLOCK_GetSysClkFreq
                0x00000f98       0xc8 ./drivers/fsl_clock.o
                0x00000f98                CLOCK_GetSysClkFreq
 .text.CLOCK_InitSysOsc
                0x00001060       0x5c ./drivers/fsl_clock.o
                0x00001060                CLOCK_InitSysOsc
 .text.CLOCK_DeinitSysOsc
                0x000010bc       0x44 ./drivers/fsl_clock.o
                0x000010bc                CLOCK_DeinitSysOsc
 .text.CLOCK_GetSysOscFreq
                0x00001100       0x38 ./drivers/fsl_clock.o
                0x00001100                CLOCK_GetSysOscFreq
 .text.CLOCK_InitSirc
                0x00001138       0x50 ./drivers/fsl_clock.o
                0x00001138                CLOCK_InitSirc
 .text.CLOCK_DeinitSirc
                0x00001188       0x44 ./drivers/fsl_clock.o
                0x00001188                CLOCK_DeinitSirc
 .text.CLOCK_GetSircFreq
                0x000011cc       0x2c ./drivers/fsl_clock.o
                0x000011cc                CLOCK_GetSircFreq
 .text.CLOCK_InitFirc
                0x000011f8       0xcc ./drivers/fsl_clock.o
                0x000011f8                CLOCK_InitFirc
 .text.CLOCK_DeinitFirc
                0x000012c4       0x44 ./drivers/fsl_clock.o
                0x000012c4                CLOCK_DeinitFirc
 .text.CLOCK_GetFircFreq
                0x00001308       0x3c ./drivers/fsl_clock.o
                0x00001308                CLOCK_GetFircFreq
 .text.CLOCK_GetRtcOscFreq
                0x00001344       0x38 ./drivers/fsl_clock.o
                0x00001344                CLOCK_GetRtcOscFreq
 .text.GPIO_PinInit
                0x0000137c       0x64 ./drivers/fsl_gpio.o
                0x0000137c                GPIO_PinInit
 .text.LPSPI_GetInstance
                0x000013e0       0x50 ./drivers/fsl_lpspi.o
                0x000013e0                LPSPI_GetInstance
 .text.LPSPI_SetDummyData
                0x00001430       0x2c ./drivers/fsl_lpspi.o
                0x00001430                LPSPI_SetDummyData
 .text.LPSPI_MasterInit
                0x0000145c      0x170 ./drivers/fsl_lpspi.o
                0x0000145c                LPSPI_MasterInit
 .text.LPSPI_MasterSetBaudRate
                0x000015cc      0x100 ./drivers/fsl_lpspi.o
                0x000015cc                LPSPI_MasterSetBaudRate
 .text.LPSPI_MasterSetDelayScaler
                0x000016cc       0xb4 ./drivers/fsl_lpspi.o
                0x000016cc                LPSPI_MasterSetDelayScaler
 .text.LPSPI_CheckTransferArgument
                0x00001780       0xf0 ./drivers/fsl_lpspi.o
                0x00001780                LPSPI_CheckTransferArgument
 .text.LPSPI_MasterTransferWriteAllTxData
                0x00001870      0x1fc ./drivers/fsl_lpspi.o
 .text.LPSPI_MasterTransferBlocking
                0x00001a6c      0x244 ./drivers/fsl_lpspi.o
                0x00001a6c                LPSPI_MasterTransferBlocking
 .text.LPSPI_CombineWriteData
                0x00001cb0      0x1bc ./drivers/fsl_lpspi.o
 .text.LPSPI_SeparateReadData
                0x00001e6c      0x1b0 ./drivers/fsl_lpspi.o
 .text.LPSPI_CommonIRQHandler
                0x0000201c       0x3c ./drivers/fsl_lpspi.o
 .text.LPSPI0_DriverIRQHandler
                0x00002058       0x30 ./drivers/fsl_lpspi.o
                0x00002058                LPSPI0_DriverIRQHandler
 .text.LPSPI1_DriverIRQHandler
                0x00002088       0x30 ./drivers/fsl_lpspi.o
                0x00002088                LPSPI1_DriverIRQHandler
 .text.LPUART_GetInstance
                0x000020b8       0x4c ./drivers/fsl_lpuart.o
                0x000020b8                LPUART_GetInstance
 .text.LPUART_Init
                0x00002104      0x30c ./drivers/fsl_lpuart.o
                0x00002104                LPUART_Init
 .text.LPUART_GetDefaultConfig
                0x00002410       0x88 ./drivers/fsl_lpuart.o
                0x00002410                LPUART_GetDefaultConfig
 .text.LPUART_GetStatusFlags
                0x00002498       0x38 ./drivers/fsl_lpuart.o
                0x00002498                LPUART_GetStatusFlags
 .text.LPUART_ClearStatusFlags
                0x000024d0       0x7c ./drivers/fsl_lpuart.o
                0x000024d0                LPUART_ClearStatusFlags
 .text.LPUART_WriteBlocking
                0x0000254c       0x68 ./drivers/fsl_lpuart.o
                0x0000254c                LPUART_WriteBlocking
 .text.LPUART_ReadBlocking
                0x000025b4      0x160 ./drivers/fsl_lpuart.o
                0x000025b4                LPUART_ReadBlocking
 .text.LPUART0_DriverIRQHandler
                0x00002714       0x24 ./drivers/fsl_lpuart.o
                0x00002714                LPUART0_DriverIRQHandler
 .text.LPUART1_DriverIRQHandler
                0x00002738       0x24 ./drivers/fsl_lpuart.o
                0x00002738                LPUART1_DriverIRQHandler
 .text.SPC_SetActiveModeCoreLDORegulatorConfig
                0x0000275c       0xb0 ./drivers/fsl_spc.o
                0x0000275c                SPC_SetActiveModeCoreLDORegulatorConfig
 .text.SystemInit
                0x0000280c       0xa0 ./device/system_KW45B41Z83.o
                0x0000280c                SystemInit
 .text.HAL_UartInitCommon
                0x000028ac       0xe0 ./component/uart/fsl_adapter_lpuart.o
 .text.HAL_UartInit
                0x0000298c       0x84 ./component/uart/fsl_adapter_lpuart.o
                0x0000298c                HAL_UartInit
 .text.HAL_UartReceiveBlocking
                0x00002a10       0x6c ./component/uart/fsl_adapter_lpuart.o
                0x00002a10                HAL_UartReceiveBlocking
 .text.HAL_UartSendBlocking
                0x00002a7c       0x64 ./component/uart/fsl_adapter_lpuart.o
                0x00002a7c                HAL_UartSendBlocking
 .text.CLOCK_SetIpSrc
                0x00002ae0       0x54 ./board/board.o
 .text.BOARD_InitDebugConsole
                0x00002b34       0x30 ./board/board.o
                0x00002b34                BOARD_InitDebugConsole
 .text.CLOCK_SetIpSrc
                0x00002b64       0x54 ./board/clock_config.o
 .text.CLOCK_SetIpSrcDiv
                0x00002bb8       0x54 ./board/clock_config.o
 .text.CLOCK_SetRunModeSysClkConfig
                0x00002c0c       0x30 ./board/clock_config.o
 .text.CLOCK_GetCurSysClkConfig
                0x00002c3c       0x30 ./board/clock_config.o
 .text.CLOCK_UnlockSysOscControlStatusReg
                0x00002c6c       0x20 ./board/clock_config.o
 .text.CLOCK_UnlockSircControlStatusReg
                0x00002c8c       0x20 ./board/clock_config.o
 .text.CLOCK_UnlockFircControlStatusReg
                0x00002cac       0x20 ./board/clock_config.o
 .text.CLOCK_SetRoscMonitorMode
                0x00002ccc       0x34 ./board/clock_config.o
 .text.CLOCK_IsRoscValid
                0x00002d00       0x24 ./board/clock_config.o
 .text.CLOCK_UnlockRoscControlStatusReg
                0x00002d24       0x20 ./board/clock_config.o
 .text.CLOCK_SetXtal0Freq
                0x00002d44       0x20 ./board/clock_config.o
 .text.CLOCK_SetXtal32Freq
                0x00002d64       0x20 ./board/clock_config.o
 .text.CCM32K_SelectClockSource
                0x00002d84       0x58 ./board/clock_config.o
 .text.CLOCK_CONFIG_SetScgOutSel
                0x00002ddc       0x28 ./board/clock_config.o
 .text.BOARD_BootClockRUN
                0x00002e04      0x15c ./board/clock_config.o
                0x00002e04                BOARD_BootClockRUN
 .text.LPSPI1_init
                0x00002f60       0x28 ./board/peripherals.o
 .text.PORT_SetPinConfig
                0x00002f88       0x38 ./board/pin_mux.o
 .text.BOARD_InitPins
                0x00002fc0       0xa8 ./board/pin_mux.o
                0x00002fc0                BOARD_InitPins
 .text.BOARD_InitDEBUG_UARTPins
                0x00003068       0x50 ./board/pin_mux.o
                0x00003068                BOARD_InitDEBUG_UARTPins
 .text.isdigit  0x000030b8       0x14 C:/nxp/MCUXpressoIDE_11.10.0_3148/ide/plugins/com.nxp.mcuxpresso.tools.win32_11.10.0.202311280810/tools/bin/../lib/gcc/arm-none-eabi/13.2.1/../../../../arm-none-eabi/lib/thumb/v8-m.main+fp/hard\libcr_c.a(ctype.o)
                0x000030b8                isdigit
 .text._initio  0x000030cc       0x78 C:/nxp/MCUXpressoIDE_11.10.0_3148/ide/plugins/com.nxp.mcuxpresso.tools.win32_11.10.0.202311280810/tools/bin/../lib/gcc/arm-none-eabi/13.2.1/../../../../arm-none-eabi/lib/thumb/v8-m.main+fp/hard\libcr_c.a(initio.o)
                0x000030cc                _initio
 .text.ch_val   0x00003144       0x30 C:/nxp/MCUXpressoIDE_11.10.0_3148/ide/plugins/com.nxp.mcuxpresso.tools.win32_11.10.0.202311280810/tools/bin/../lib/gcc/arm-none-eabi/13.2.1/../../../../arm-none-eabi/lib/thumb/v8-m.main+fp/hard\libcr_c.a(scanf.o)
 .text._strtoul
                0x00003174       0xb4 C:/nxp/MCUXpressoIDE_11.10.0_3148/ide/plugins/com.nxp.mcuxpresso.tools.win32_11.10.0.202311280810/tools/bin/../lib/gcc/arm-none-eabi/13.2.1/../../../../arm-none-eabi/lib/thumb/v8-m.main+fp/hard\libcr_c.a(scanf.o)
 .text.strtol   0x00003228       0x80 C:/nxp/MCUXpressoIDE_11.10.0_3148/ide/plugins/com.nxp.mcuxpresso.tools.win32_11.10.0.202311280810/tools/bin/../lib/gcc/arm-none-eabi/13.2.1/../../../../arm-none-eabi/lib/thumb/v8-m.main+fp/hard\libcr_c.a(scanf.o)
                0x00003228                strtol
 .text.strtok   0x000032a8       0x40 C:/nxp/MCUXpressoIDE_11.10.0_3148/ide/plugins/com.nxp.mcuxpresso.tools.win32_11.10.0.202311280810/tools/bin/../lib/gcc/arm-none-eabi/13.2.1/../../../../arm-none-eabi/lib/thumb/v8-m.main+fp/hard\libcr_c.a(strtok.o)
                0x000032a8                strtok
 .text._Cwritebuf
                0x000032e8       0x6c C:/nxp/MCUXpressoIDE_11.10.0_3148/ide/plugins/com.nxp.mcuxpresso.tools.win32_11.10.0.202311280810/tools/bin/../lib/gcc/arm-none-eabi/13.2.1/../../../../arm-none-eabi/lib/thumb/v8-m.main+fp/hard\libcr_c.a(_writebuf.o)
                0x000032e8                _Cwritebuf
 .text.fflush   0x00003354       0x3c C:/nxp/MCUXpressoIDE_11.10.0_3148/ide/plugins/com.nxp.mcuxpresso.tools.win32_11.10.0.202311280810/tools/bin/../lib/gcc/arm-none-eabi/13.2.1/../../../../arm-none-eabi/lib/thumb/v8-m.main+fp/hard\libcr_c.a(fflush.o)
                0x00003354                fflush
 .text.fseek    0x00003390       0xf8 C:/nxp/MCUXpressoIDE_11.10.0_3148/ide/plugins/com.nxp.mcuxpresso.tools.win32_11.10.0.202311280810/tools/bin/../lib/gcc/arm-none-eabi/13.2.1/../../../../arm-none-eabi/lib/thumb/v8-m.main+fp/hard\libcr_c.a(fseek.o)
                0x00003390                fseek
 .text.ftell    0x00003488       0x44 C:/nxp/MCUXpressoIDE_11.10.0_3148/ide/plugins/com.nxp.mcuxpresso.tools.win32_11.10.0.202311280810/tools/bin/../lib/gcc/arm-none-eabi/13.2.1/../../../../arm-none-eabi/lib/thumb/v8-m.main+fp/hard\libcr_c.a(ftell.o)
                0x00003488                ftell
 .text.fsl_assert_hook
                0x000034cc       0x1a ./utilities/fsl_assert.o
                0x000034cc                fsl_assert_hook
 .text.DbgConsole_PrintCallback
                0x000034e6       0x66 ./utilities/fsl_debug_console.o
 .text.DbgConsole_Printf
                0x0000354c       0x2c ./utilities/fsl_debug_console.o
                0x0000354c                DbgConsole_Printf
 .text.DbgConsole_Getchar
                0x00003578       0x2c ./utilities/fsl_debug_console.o
                0x00003578                DbgConsole_Getchar
 .text.PrintGetWidth
                0x000035a4       0x6a ./utilities/fsl_str.o
 .text.PrintGetPrecision
                0x0000360e       0x8c ./utilities/fsl_str.o
 .text.PrintIsobpu
                0x0000369a       0x38 ./utilities/fsl_str.o
 .text.PrintIsdi
                0x000036d2       0x2c ./utilities/fsl_str.o
 .text.PrintOutputdifFobpu
                0x000036fe       0x44 ./utilities/fsl_str.o
 .text.PrintOutputxX
                0x00003742       0x44 ./utilities/fsl_str.o
 .text.PrintIsfF
                0x00003786       0x2c ./utilities/fsl_str.o
 .text.PrintIsxX
                0x000037b2       0x2c ./utilities/fsl_str.o
 .text.PrintFilterLengthFlag
                0x000037de       0x3e ./utilities/fsl_str.o
 .text.PrintGetRadixFromobpu
                0x0000381c       0x40 ./utilities/fsl_str.o
 .text.ConvertRadixNumToString
                0x0000385c       0xc2 ./utilities/fsl_str.o
 .text.StrFormatExaminedi
                0x0000391e       0x26 ./utilities/fsl_str.o
 .text.StrFormatExaminexX
                0x00003944       0x26 ./utilities/fsl_str.o
 .text.StrFormatExamineobpu
                0x0000396a       0x26 ./utilities/fsl_str.o
 .text.ConvertPrecisionWidthToLength
                0x00003990       0x20 ./utilities/fsl_str.o
 .text.StrFormatPrintf
                0x000039b0      0x2bc ./utilities/fsl_str.o
                0x000039b0                StrFormatPrintf
 .text.CTI_IRQHandler
                0x00003c6c        0x8 ./startup/startup_kw45b41z83.o
                0x00003c6c                CTI_IRQHandler
 .text.CMC0_IRQHandler
                0x00003c74        0x8 ./startup/startup_kw45b41z83.o
                0x00003c74                CMC0_IRQHandler
 .text.DMA0_CH0_IRQHandler
                0x00003c7c        0x8 ./startup/startup_kw45b41z83.o
                0x00003c7c                DMA0_CH0_IRQHandler
 .text.DMA0_CH1_IRQHandler
                0x00003c84        0x8 ./startup/startup_kw45b41z83.o
                0x00003c84                DMA0_CH1_IRQHandler
 .text.DMA0_CH2_IRQHandler
                0x00003c8c        0x8 ./startup/startup_kw45b41z83.o
                0x00003c8c                DMA0_CH2_IRQHandler
 .text.DMA0_CH3_IRQHandler
                0x00003c94        0x8 ./startup/startup_kw45b41z83.o
                0x00003c94                DMA0_CH3_IRQHandler
 .text.DMA0_CH4_IRQHandler
                0x00003c9c        0x8 ./startup/startup_kw45b41z83.o
                0x00003c9c                DMA0_CH4_IRQHandler
 .text.DMA0_CH5_IRQHandler
                0x00003ca4        0x8 ./startup/startup_kw45b41z83.o
                0x00003ca4                DMA0_CH5_IRQHandler
 .text.DMA0_CH6_IRQHandler
                0x00003cac        0x8 ./startup/startup_kw45b41z83.o
                0x00003cac                DMA0_CH6_IRQHandler
 .text.DMA0_CH7_IRQHandler
                0x00003cb4        0x8 ./startup/startup_kw45b41z83.o
                0x00003cb4                DMA0_CH7_IRQHandler
 .text.DMA0_CH8_IRQHandler
                0x00003cbc        0x8 ./startup/startup_kw45b41z83.o
                0x00003cbc                DMA0_CH8_IRQHandler
 .text.DMA0_CH9_IRQHandler
                0x00003cc4        0x8 ./startup/startup_kw45b41z83.o
                0x00003cc4                DMA0_CH9_IRQHandler
 .text.DMA0_CH10_IRQHandler
                0x00003ccc        0x8 ./startup/startup_kw45b41z83.o
                0x00003ccc                DMA0_CH10_IRQHandler
 .text.DMA0_CH11_IRQHandler
                0x00003cd4        0x8 ./startup/startup_kw45b41z83.o
                0x00003cd4                DMA0_CH11_IRQHandler
 .text.DMA0_CH12_IRQHandler
                0x00003cdc        0x8 ./startup/startup_kw45b41z83.o
                0x00003cdc                DMA0_CH12_IRQHandler
 .text.DMA0_CH13_IRQHandler
                0x00003ce4        0x8 ./startup/startup_kw45b41z83.o
                0x00003ce4                DMA0_CH13_IRQHandler
 .text.DMA0_CH14_IRQHandler
                0x00003cec        0x8 ./startup/startup_kw45b41z83.o
                0x00003cec                DMA0_CH14_IRQHandler
 .text.DMA0_CH15_IRQHandler
                0x00003cf4        0x8 ./startup/startup_kw45b41z83.o
                0x00003cf4                DMA0_CH15_IRQHandler
 .text.EWM0_IRQHandler
                0x00003cfc        0x8 ./startup/startup_kw45b41z83.o
                0x00003cfc                EWM0_IRQHandler
 .text.MCM0_IRQHandler
                0x00003d04        0x8 ./startup/startup_kw45b41z83.o
                0x00003d04                MCM0_IRQHandler
 .text.MSCM0_IRQHandler
                0x00003d0c        0x8 ./startup/startup_kw45b41z83.o
                0x00003d0c                MSCM0_IRQHandler
 .text.SPC0_IRQHandler
                0x00003d14        0x8 ./startup/startup_kw45b41z83.o
                0x00003d14                SPC0_IRQHandler
 .text.WUU0_IRQHandler
                0x00003d1c        0x8 ./startup/startup_kw45b41z83.o
                0x00003d1c                WUU0_IRQHandler
 .text.WDOG0_IRQHandler
                0x00003d24        0x8 ./startup/startup_kw45b41z83.o
                0x00003d24                WDOG0_IRQHandler
 .text.WDOG1_IRQHandler
                0x00003d2c        0x8 ./startup/startup_kw45b41z83.o
                0x00003d2c                WDOG1_IRQHandler
 .text.SCG0_IRQHandler
                0x00003d34        0x8 ./startup/startup_kw45b41z83.o
                0x00003d34                SCG0_IRQHandler
 .text.SFA0_IRQHandler
                0x00003d3c        0x8 ./startup/startup_kw45b41z83.o
                0x00003d3c                SFA0_IRQHandler
 .text.FMU0_IRQHandler
                0x00003d44        0x8 ./startup/startup_kw45b41z83.o
                0x00003d44                FMU0_IRQHandler
 .text.ELE_CMD_IRQHandler
                0x00003d4c        0x8 ./startup/startup_kw45b41z83.o
                0x00003d4c                ELE_CMD_IRQHandler
 .text.ELE_SECURE_IRQHandler
                0x00003d54        0x8 ./startup/startup_kw45b41z83.o
                0x00003d54                ELE_SECURE_IRQHandler
 .text.ELE_NONSECURE_IRQHandler
                0x00003d5c        0x8 ./startup/startup_kw45b41z83.o
                0x00003d5c                ELE_NONSECURE_IRQHandler
 .text.TRDC0_IRQHandler
                0x00003d64        0x8 ./startup/startup_kw45b41z83.o
                0x00003d64                TRDC0_IRQHandler
 .text.RTC_Alarm_IRQHandler
                0x00003d6c        0x8 ./startup/startup_kw45b41z83.o
                0x00003d6c                RTC_Alarm_IRQHandler
 .text.RTC_Seconds_IRQHandler
                0x00003d74        0x8 ./startup/startup_kw45b41z83.o
                0x00003d74                RTC_Seconds_IRQHandler
 .text.LPTMR0_IRQHandler
                0x00003d7c        0x8 ./startup/startup_kw45b41z83.o
                0x00003d7c                LPTMR0_IRQHandler
 .text.LPTMR1_IRQHandler
                0x00003d84        0x8 ./startup/startup_kw45b41z83.o
                0x00003d84                LPTMR1_IRQHandler
 .text.LPIT0_IRQHandler
                0x00003d8c        0x8 ./startup/startup_kw45b41z83.o
                0x00003d8c                LPIT0_IRQHandler
 .text.TPM0_IRQHandler
                0x00003d94        0x8 ./startup/startup_kw45b41z83.o
                0x00003d94                TPM0_IRQHandler
 .text.TPM1_IRQHandler
                0x00003d9c        0x8 ./startup/startup_kw45b41z83.o
                0x00003d9c                TPM1_IRQHandler
 .text.LPI2C0_IRQHandler
                0x00003da4        0x8 ./startup/startup_kw45b41z83.o
                0x00003da4                LPI2C0_IRQHandler
 .text.LPI2C1_IRQHandler
                0x00003dac        0x8 ./startup/startup_kw45b41z83.o
                0x00003dac                LPI2C1_IRQHandler
 .text.I3C0_IRQHandler
                0x00003db4        0x8 ./startup/startup_kw45b41z83.o
                0x00003db4                I3C0_IRQHandler
 .text.LPSPI0_IRQHandler
                0x00003dbc        0x8 ./startup/startup_kw45b41z83.o
                0x00003dbc                LPSPI0_IRQHandler
 .text.LPSPI1_IRQHandler
                0x00003dc4        0x8 ./startup/startup_kw45b41z83.o
                0x00003dc4                LPSPI1_IRQHandler
 .text.LPUART0_IRQHandler
                0x00003dcc        0x8 ./startup/startup_kw45b41z83.o
                0x00003dcc                LPUART0_IRQHandler
 .text.LPUART1_IRQHandler
                0x00003dd4        0x8 ./startup/startup_kw45b41z83.o
                0x00003dd4                LPUART1_IRQHandler
 .text.FLEXIO0_IRQHandler
                0x00003ddc        0x8 ./startup/startup_kw45b41z83.o
                0x00003ddc                FLEXIO0_IRQHandler
 .text.CAN0_IRQHandler
                0x00003de4        0x8 ./startup/startup_kw45b41z83.o
                0x00003de4                CAN0_IRQHandler
 .text.RF_IMU0_IRQHandler
                0x00003dec        0x8 ./startup/startup_kw45b41z83.o
                0x00003dec                RF_IMU0_IRQHandler
 .text.RF_IMU1_IRQHandler
                0x00003df4        0x8 ./startup/startup_kw45b41z83.o
                0x00003df4                RF_IMU1_IRQHandler
 .text.RF_NBU_IRQHandler
                0x00003dfc        0x8 ./startup/startup_kw45b41z83.o
                0x00003dfc                RF_NBU_IRQHandler
 .text.RF_FMU_IRQHandler
                0x00003e04        0x8 ./startup/startup_kw45b41z83.o
                0x00003e04                RF_FMU_IRQHandler
 .text.RF_WOR_IRQHandler
                0x00003e0c        0x8 ./startup/startup_kw45b41z83.o
                0x00003e0c                RF_WOR_IRQHandler
 .text.Reserved69_IRQHandler
                0x00003e14        0x8 ./startup/startup_kw45b41z83.o
                0x00003e14                Reserved69_IRQHandler
 .text.RF_Generic_IRQHandler
                0x00003e1c        0x8 ./startup/startup_kw45b41z83.o
                0x00003e1c                RF_Generic_IRQHandler
 .text.RF_BRIC_IRQHandler
                0x00003e24        0x8 ./startup/startup_kw45b41z83.o
                0x00003e24                RF_BRIC_IRQHandler
 .text.RF_LANT_SW_IRQHandler
                0x00003e2c        0x8 ./startup/startup_kw45b41z83.o
                0x00003e2c                RF_LANT_SW_IRQHandler
 .text.RFMC_IRQHandler
                0x00003e34        0x8 ./startup/startup_kw45b41z83.o
                0x00003e34                RFMC_IRQHandler
 .text.DSB_IRQHandler
                0x00003e3c        0x8 ./startup/startup_kw45b41z83.o
                0x00003e3c                DSB_IRQHandler
 .text.GPIOA_INT0_IRQHandler
                0x00003e44        0x8 ./startup/startup_kw45b41z83.o
                0x00003e44                GPIOA_INT0_IRQHandler
 .text.GPIOA_INT1_IRQHandler
                0x00003e4c        0x8 ./startup/startup_kw45b41z83.o
                0x00003e4c                GPIOA_INT1_IRQHandler
 .text.GPIOB_INT0_IRQHandler
                0x00003e54        0x8 ./startup/startup_kw45b41z83.o
                0x00003e54                GPIOB_INT0_IRQHandler
 .text.GPIOB_INT1_IRQHandler
                0x00003e5c        0x8 ./startup/startup_kw45b41z83.o
                0x00003e5c                GPIOB_INT1_IRQHandler
 .text.GPIOC_INT0_IRQHandler
                0x00003e64        0x8 ./startup/startup_kw45b41z83.o
                0x00003e64                GPIOC_INT0_IRQHandler
 .text.GPIOC_INT1_IRQHandler
                0x00003e6c        0x8 ./startup/startup_kw45b41z83.o
                0x00003e6c                GPIOC_INT1_IRQHandler
 .text.GPIOD_INT0_IRQHandler
                0x00003e74        0x8 ./startup/startup_kw45b41z83.o
                0x00003e74                GPIOD_INT0_IRQHandler
 .text.GPIOD_INT1_IRQHandler
                0x00003e7c        0x8 ./startup/startup_kw45b41z83.o
                0x00003e7c                GPIOD_INT1_IRQHandler
 .text.PORTA_EFT_IRQHandler
                0x00003e84        0x8 ./startup/startup_kw45b41z83.o
                0x00003e84                PORTA_EFT_IRQHandler
 .text.PORTB_EFT_IRQHandler
                0x00003e8c        0x8 ./startup/startup_kw45b41z83.o
                0x00003e8c                PORTB_EFT_IRQHandler
 .text.PORTC_EFT_IRQHandler
                0x00003e94        0x8 ./startup/startup_kw45b41z83.o
                0x00003e94                PORTC_EFT_IRQHandler
 .text.PORTD_EFT_IRQHandler
                0x00003e9c        0x8 ./startup/startup_kw45b41z83.o
                0x00003e9c                PORTD_EFT_IRQHandler
 .text.ADC0_IRQHandler
                0x00003ea4        0x8 ./startup/startup_kw45b41z83.o
                0x00003ea4                ADC0_IRQHandler
 .text.LPCMP0_IRQHandler
                0x00003eac        0x8 ./startup/startup_kw45b41z83.o
                0x00003eac                LPCMP0_IRQHandler
 .text.LPCMP1_IRQHandler
                0x00003eb4        0x8 ./startup/startup_kw45b41z83.o
                0x00003eb4                LPCMP1_IRQHandler
 .text.VBAT_IRQHandler
                0x00003ebc        0x8 ./startup/startup_kw45b41z83.o
                0x00003ebc                VBAT_IRQHandler
 .text.HardFault_Handler
                0x00003ec4       0x36 ./source/semihost_hardfault.o
                0x00003ec4                HardFault_Handler
 .text.CCM32K_GetStatusFlag
                0x00003efa       0x18 ./drivers/fsl_ccm32k.o
 .text.CCM32K_Enable32kFro
                0x00003f12       0x46 ./drivers/fsl_ccm32k.o
                0x00003f12                CCM32K_Enable32kFro
 .text.CCM32K_GetClockSource
                0x00003f58       0x3e ./drivers/fsl_ccm32k.o
                0x00003f58                CCM32K_GetClockSource
 .text.GPIO_PinWrite
                0x00003f96       0x36 ./drivers/fsl_gpio.o
 .text.CLOCK_EnableClock
                0x00003fcc       0x6c ./drivers/fsl_lpspi.o
 .text.LPSPI_Enable
                0x00004038       0x38 ./drivers/fsl_lpspi.o
 .text.LPSPI_GetStatusFlags
                0x00004070       0x18 ./drivers/fsl_lpspi.o
 .text.LPSPI_GetRxFifoSize
                0x00004088       0x24 ./drivers/fsl_lpspi.o
 .text.LPSPI_GetTxFifoCount
                0x000040ac       0x1c ./drivers/fsl_lpspi.o
 .text.LPSPI_GetRxFifoCount
                0x000040c8       0x1e ./drivers/fsl_lpspi.o
 .text.LPSPI_ClearStatusFlags
                0x000040e6       0x1c ./drivers/fsl_lpspi.o
 .text.LPSPI_SetMasterSlaveMode
                0x00004102       0x2c ./drivers/fsl_lpspi.o
 .text.LPSPI_IsMaster
                0x0000412e       0x26 ./drivers/fsl_lpspi.o
 .text.LPSPI_FlushFifo
                0x00004154       0x30 ./drivers/fsl_lpspi.o
 .text.LPSPI_SetFifoWatermarks
                0x00004184       0x2c ./drivers/fsl_lpspi.o
 .text.LPSPI_WriteData
                0x000041b0       0x1c ./drivers/fsl_lpspi.o
 .text.LPSPI_ReadData
                0x000041cc       0x18 ./drivers/fsl_lpspi.o
 .text.LPSPI_SetOnePcsPolarity
                0x000041e4       0x44 ./drivers/fsl_lpspi.o
 .text.LPSPI_MasterTransferClearTCR
                0x00004228       0x36 ./drivers/fsl_lpspi.o
 .text.LPSPI_MasterTransferReadDataInFifo
                0x0000425e       0x88 ./drivers/fsl_lpspi.o
 .text.LPSPI_MasterTransferReadDataInFifoNoBuf
                0x000042e6       0x26 ./drivers/fsl_lpspi.o
 .text.LPSPI_WaitTxFifoEmpty
                0x0000430c       0x22 ./drivers/fsl_lpspi.o
                0x0000430c                LPSPI_WaitTxFifoEmpty
 .text.CLOCK_EnableClock
                0x0000432e       0x6c ./drivers/fsl_lpuart.o
 .text.LPUART_SoftwareReset
                0x0000439a       0x2c ./drivers/fsl_lpuart.o
 .text.SPC_GetActiveModeCoreLDOVDDVoltageLevel
                0x000043c6       0x22 ./drivers/fsl_spc.o
 .text.SPC_GetActiveModeVoltageDetectStatus
                0x000043e8       0x22 ./drivers/fsl_spc.o
 .text.SPC_SetSRAMOperateVoltage
                0x0000440a       0x4e ./drivers/fsl_spc.o
                0x0000440a                SPC_SetSRAMOperateVoltage
 .text.SystemInitHook
                0x00004458        0xe ./device/system_KW45B41Z83.o
                0x00004458                SystemInitHook
 .text.HAL_UartGetStatus
                0x00004466       0x28 ./component/uart/fsl_adapter_lpuart.o
 .text.DisableGlobalIRQ
                0x0000448e       0x22 ./component/serial_manager/fsl_component_serial_manager.o
 .text.EnableGlobalIRQ
                0x000044b0       0x20 ./component/serial_manager/fsl_component_serial_manager.o
 .text.SerialManager_StartWriting
                0x000044d0       0x38 ./component/serial_manager/fsl_component_serial_manager.o
 .text.SerialManager_StartReading
                0x00004508       0x38 ./component/serial_manager/fsl_component_serial_manager.o
 .text.SerialManager_Write
                0x00004540       0x44 ./component/serial_manager/fsl_component_serial_manager.o
 .text.SerialManager_Read
                0x00004584       0x44 ./component/serial_manager/fsl_component_serial_manager.o
 .text.SerialManager_Init
                0x000045c8       0x60 ./component/serial_manager/fsl_component_serial_manager.o
                0x000045c8                SerialManager_Init
 .text.SerialManager_OpenWriteHandle
                0x00004628       0x50 ./component/serial_manager/fsl_component_serial_manager.o
                0x00004628                SerialManager_OpenWriteHandle
 .text.SerialManager_OpenReadHandle
                0x00004678       0x60 ./component/serial_manager/fsl_component_serial_manager.o
                0x00004678                SerialManager_OpenReadHandle
 .text.SerialManager_WriteBlocking
                0x000046d8       0x20 ./component/serial_manager/fsl_component_serial_manager.o
                0x000046d8                SerialManager_WriteBlocking
 .text.SerialManager_ReadBlocking
                0x000046f8       0x20 ./component/serial_manager/fsl_component_serial_manager.o
                0x000046f8                SerialManager_ReadBlocking
 .text.Serial_UartInit
                0x00004718       0x3e ./component/serial_manager/fsl_component_serial_port_uart.o
                0x00004718                Serial_UartInit
 .text.Serial_UartWrite
                0x00004756       0x38 ./component/serial_manager/fsl_component_serial_port_uart.o
                0x00004756                Serial_UartWrite
 .text.Serial_UartRead
                0x0000478e       0x38 ./component/serial_manager/fsl_component_serial_port_uart.o
                0x0000478e                Serial_UartRead
 .text.CCM32K_GetStatusFlag
                0x000047c6       0x18 ./board/clock_config.o
 .text.CLOCK_CONFIG_FircSafeConfig
                0x000047de       0x56 ./board/clock_config.o
 .text.BOARD_InitBootClocks
                0x00004834        0xc ./board/clock_config.o
                0x00004834                BOARD_InitBootClocks
 .text.BOARD_InitPeripherals
                0x00004840        0xc ./board/peripherals.o
                0x00004840                BOARD_InitPeripherals
 .text.BOARD_InitBootPeripherals
                0x0000484c        0xc ./board/peripherals.o
                0x0000484c                BOARD_InitBootPeripherals
 .text.CLOCK_EnableClock
                0x00004858       0x6c ./board/pin_mux.o
 .text.PORT_SetPinMux
                0x000048c4       0x3e ./board/pin_mux.o
 .text.PORT_DisableEFTDetectInterrupts
                0x00004902       0x24 ./board/pin_mux.o
 .text.BOARD_InitBootPins
                0x00004926       0x10 ./board/pin_mux.o
                0x00004926                BOARD_InitBootPins
 .text.__main   0x00004936        0xe C:/nxp/MCUXpressoIDE_11.10.0_3148/ide/plugins/com.nxp.mcuxpresso.tools.win32_11.10.0.202311280810/tools/bin/../lib/gcc/arm-none-eabi/13.2.1/../../../../arm-none-eabi/lib/thumb/v8-m.main+fp/hard\libcr_nohost_nf.a(_cr__main.o)
                0x00004936                __main
 .text.memcpy   0x00004944        0x4 C:/nxp/MCUXpressoIDE_11.10.0_3148/ide/plugins/com.nxp.mcuxpresso.tools.win32_11.10.0.202311280810/tools/bin/../lib/gcc/arm-none-eabi/13.2.1/../../../../arm-none-eabi/lib/thumb/v8-m.main+fp/hard\libcr_c.a(memcpy.o)
                0x00004944                memcpy
 .text.memset   0x00004948        0x4 C:/nxp/MCUXpressoIDE_11.10.0_3148/ide/plugins/com.nxp.mcuxpresso.tools.win32_11.10.0.202311280810/tools/bin/../lib/gcc/arm-none-eabi/13.2.1/../../../../arm-none-eabi/lib/thumb/v8-m.main+fp/hard\libcr_c.a(memset.o)
                0x00004948                memset
 .text.free     0x0000494c       0x30 C:/nxp/MCUXpressoIDE_11.10.0_3148/ide/plugins/com.nxp.mcuxpresso.tools.win32_11.10.0.202311280810/tools/bin/../lib/gcc/arm-none-eabi/13.2.1/../../../../arm-none-eabi/lib/thumb/v8-m.main+fp/hard\libcr_c.a(alloc.o)
                0x0000494c                free
 .text.setvbuf  0x0000497c       0x3e C:/nxp/MCUXpressoIDE_11.10.0_3148/ide/plugins/com.nxp.mcuxpresso.tools.win32_11.10.0.202311280810/tools/bin/../lib/gcc/arm-none-eabi/13.2.1/../../../../arm-none-eabi/lib/thumb/v8-m.main+fp/hard\libcr_c.a(setvbuf.o)
                0x0000497c                setvbuf
 .text.strcmp   0x000049ba       0x44 C:/nxp/MCUXpressoIDE_11.10.0_3148/ide/plugins/com.nxp.mcuxpresso.tools.win32_11.10.0.202311280810/tools/bin/../lib/gcc/arm-none-eabi/13.2.1/../../../../arm-none-eabi/lib/thumb/v8-m.main+fp/hard\libcr_c.a(strcmp.o)
                0x000049ba                strcmp
 .text.strlen   0x000049fe       0x4e C:/nxp/MCUXpressoIDE_11.10.0_3148/ide/plugins/com.nxp.mcuxpresso.tools.win32_11.10.0.202311280810/tools/bin/../lib/gcc/arm-none-eabi/13.2.1/../../../../arm-none-eabi/lib/thumb/v8-m.main+fp/hard\libcr_c.a(strlen.o)
                0x000049fe                strlen
 .text._deferredlazyseek
                0x00004a4c       0x40 C:/nxp/MCUXpressoIDE_11.10.0_3148/ide/plugins/com.nxp.mcuxpresso.tools.win32_11.10.0.202311280810/tools/bin/../lib/gcc/arm-none-eabi/13.2.1/../../../../arm-none-eabi/lib/thumb/v8-m.main+fp/hard\libcr_c.a(_deferredlazyseek.o)
                0x00004a4c                _deferredlazyseek
 .text._fdopen  0x00004a8c       0x68 C:/nxp/MCUXpressoIDE_11.10.0_3148/ide/plugins/com.nxp.mcuxpresso.tools.win32_11.10.0.202311280810/tools/bin/../lib/gcc/arm-none-eabi/13.2.1/../../../../arm-none-eabi/lib/thumb/v8-m.main+fp/hard\libcr_c.a(_fdopen.o)
                0x00004a8c                _fdopen
 .text._fflush  0x00004af4       0x52 C:/nxp/MCUXpressoIDE_11.10.0_3148/ide/plugins/com.nxp.mcuxpresso.tools.win32_11.10.0.202311280810/tools/bin/../lib/gcc/arm-none-eabi/13.2.1/../../../../arm-none-eabi/lib/thumb/v8-m.main+fp/hard\libcr_c.a(_fflush.o)
                0x00004af4                _fflush
 .text.fclose   0x00004b46       0x58 C:/nxp/MCUXpressoIDE_11.10.0_3148/ide/plugins/com.nxp.mcuxpresso.tools.win32_11.10.0.202311280810/tools/bin/../lib/gcc/arm-none-eabi/13.2.1/../../../../arm-none-eabi/lib/thumb/v8-m.main+fp/hard\libcr_c.a(fclose.o)
                0x00004b46                fclose
 .text.remove   0x00004b9e       0x14 C:/nxp/MCUXpressoIDE_11.10.0_3148/ide/plugins/com.nxp.mcuxpresso.tools.win32_11.10.0.202311280810/tools/bin/../lib/gcc/arm-none-eabi/13.2.1/../../../../arm-none-eabi/lib/thumb/v8-m.main+fp/hard\libcr_c.a(remove.o)
                0x00004b9e                remove
 .text.strcspn  0x00004bb2       0x1e C:/nxp/MCUXpressoIDE_11.10.0_3148/ide/plugins/com.nxp.mcuxpresso.tools.win32_11.10.0.202311280810/tools/bin/../lib/gcc/arm-none-eabi/13.2.1/../../../../arm-none-eabi/lib/thumb/v8-m.main+fp/hard\libcr_c.a(strcspn.o)
                0x00004bb2                strcspn
 .text.strspn   0x00004bd0       0x1e C:/nxp/MCUXpressoIDE_11.10.0_3148/ide/plugins/com.nxp.mcuxpresso.tools.win32_11.10.0.202311280810/tools/bin/../lib/gcc/arm-none-eabi/13.2.1/../../../../arm-none-eabi/lib/thumb/v8-m.main+fp/hard\libcr_c.a(strspn.o)
                0x00004bd0                strspn
 .text._do_fflush
                0x00004bee       0x40 C:/nxp/MCUXpressoIDE_11.10.0_3148/ide/plugins/com.nxp.mcuxpresso.tools.win32_11.10.0.202311280810/tools/bin/../lib/gcc/arm-none-eabi/13.2.1/../../../../arm-none-eabi/lib/thumb/v8-m.main+fp/hard\libcr_c.a(_do_fflush.o)
                0x00004bee                _do_fflush
 .text.__aeabi_division_uldivmod
                0x00004c2e      0x174 C:/nxp/MCUXpressoIDE_11.10.0_3148/ide/plugins/com.nxp.mcuxpresso.tools.win32_11.10.0.202311280810/tools/bin/../lib/gcc/arm-none-eabi/13.2.1/thumb/v8-m.main+fp/hard\libcr_eabihelpers.a(division_64.o)
                0x00004c2e                __aeabi_uldivmod
                0x00004c32                __bhs_ldivmod1
 .text.__aeabi_division_idiv0
                0x00004da2        0x2 C:/nxp/MCUXpressoIDE_11.10.0_3148/ide/plugins/com.nxp.mcuxpresso.tools.win32_11.10.0.202311280810/tools/bin/../lib/gcc/arm-none-eabi/13.2.1/thumb/v8-m.main+fp/hard\libcr_eabihelpers.a(division_idiv0.o)
                0x00004da2                __aeabi_idiv0
 .text.__aeabi_memcpy
                0x00004da4       0x34 C:/nxp/MCUXpressoIDE_11.10.0_3148/ide/plugins/com.nxp.mcuxpresso.tools.win32_11.10.0.202311280810/tools/bin/../lib/gcc/arm-none-eabi/13.2.1/thumb/v8-m.main+fp/hard\libcr_eabihelpers.a(memcpy.o)
                0x00004da4                __aeabi_memcpy
                0x00004dae                __aeabi_memcpy8
                0x00004dae                __aeabi_memcpy4
 .text.__aeabi_memset_lowlevel
                0x00004dd8       0x32 C:/nxp/MCUXpressoIDE_11.10.0_3148/ide/plugins/com.nxp.mcuxpresso.tools.win32_11.10.0.202311280810/tools/bin/../lib/gcc/arm-none-eabi/13.2.1/thumb/v8-m.main+fp/hard\libcr_eabihelpers.a(memcpy.o)
                0x00004dd8                __aeabi_lowlevel_memset
 .text.__sys_close
                0x00004e0a        0x6 C:/nxp/MCUXpressoIDE_11.10.0_3148/ide/plugins/com.nxp.mcuxpresso.tools.win32_11.10.0.202311280810/tools/bin/../lib/gcc/arm-none-eabi/13.2.1/../../../../arm-none-eabi/lib/thumb/v8-m.main+fp/hard\libcr_nohost_nf.a(__sys_close.o)
                0x00004e0a                __sys_close
 .text.__sys_flen
                0x00004e10        0x6 C:/nxp/MCUXpressoIDE_11.10.0_3148/ide/plugins/com.nxp.mcuxpresso.tools.win32_11.10.0.202311280810/tools/bin/../lib/gcc/arm-none-eabi/13.2.1/../../../../arm-none-eabi/lib/thumb/v8-m.main+fp/hard\libcr_nohost_nf.a(__sys_flen.o)
                0x00004e10                __sys_flen
 .text.__sys_istty
                0x00004e16        0x6 C:/nxp/MCUXpressoIDE_11.10.0_3148/ide/plugins/com.nxp.mcuxpresso.tools.win32_11.10.0.202311280810/tools/bin/../lib/gcc/arm-none-eabi/13.2.1/../../../../arm-none-eabi/lib/thumb/v8-m.main+fp/hard\libcr_nohost_nf.a(__sys_istty.o)
                0x00004e16                __sys_istty
 .text.__sys_remove
                0x00004e1c        0x6 C:/nxp/MCUXpressoIDE_11.10.0_3148/ide/plugins/com.nxp.mcuxpresso.tools.win32_11.10.0.202311280810/tools/bin/../lib/gcc/arm-none-eabi/13.2.1/../../../../arm-none-eabi/lib/thumb/v8-m.main+fp/hard\libcr_nohost_nf.a(__sys_remove.o)
                0x00004e1c                __sys_remove
 .text.__sys_seek
                0x00004e22        0x6 C:/nxp/MCUXpressoIDE_11.10.0_3148/ide/plugins/com.nxp.mcuxpresso.tools.win32_11.10.0.202311280810/tools/bin/../lib/gcc/arm-none-eabi/13.2.1/../../../../arm-none-eabi/lib/thumb/v8-m.main+fp/hard\libcr_nohost_nf.a(__sys_seek.o)
                0x00004e22                __sys_seek
 .text.__sys_tmpnam
                0x00004e28        0x6 C:/nxp/MCUXpressoIDE_11.10.0_3148/ide/plugins/com.nxp.mcuxpresso.tools.win32_11.10.0.202311280810/tools/bin/../lib/gcc/arm-none-eabi/13.2.1/../../../../arm-none-eabi/lib/thumb/v8-m.main+fp/hard\libcr_nohost_nf.a(__sys_tmpnam.o)
                0x00004e28                __sys_tmpnam
 .text.__sys_write
                0x00004e2e        0x4 C:/nxp/MCUXpressoIDE_11.10.0_3148/ide/plugins/com.nxp.mcuxpresso.tools.win32_11.10.0.202311280810/tools/bin/../lib/gcc/arm-none-eabi/13.2.1/../../../../arm-none-eabi/lib/thumb/v8-m.main+fp/hard\libcr_nohost_nf.a(__sys_write.o)
                0x00004e2e                __sys_write
 *(SORT_BY_ALIGNMENT(.rodata) SORT_BY_ALIGNMENT(.rodata.*) SORT_BY_ALIGNMENT(.constdata) SORT_BY_ALIGNMENT(.constdata.*))
 *fill*         0x00004e32        0x2 ff
 .rodata.__assertion_failed.str1.4
                0x00004e34      0xa20 ./utilities/fsl_assert.o
                                 0x14 (size before relaxing)
 .rodata.spi_transfer.str1.4
                0x00005854       0x3d ./source/spirate.o
 .rodata.spi_pause.str1.4
                0x00005854        0xf ./source/spirate.o
 .rodata.paws.str1.4
                0x00005854       0x16 ./source/spirate.o
 .rodata.main.str1.4
                0x00005854        0x8 ./source/spirate.o
 .rodata.CCM32K_Set32kOscConfig.str1.4
                0x00005854       0x4c ./drivers/fsl_ccm32k.o
 .rodata.CLOCK_GetCurSysClkConfig.str1.4
                0x00005854       0x19 ./drivers/fsl_clock.o
 .rodata.CLOCK_GetIpFreq.str1.4
                0x00005854       0x25 ./drivers/fsl_clock.o
 .rodata.CLOCK_GetSysClkFreq.str1.4
                0x00005854       0x18 ./drivers/fsl_clock.o
 .rodata.CLOCK_InitSysOsc.str1.4
                0x00005854       0x19 ./drivers/fsl_clock.o
 .rodata.CLOCK_GetSysOscFreq.str1.4
                0x00005854       0x1e ./drivers/fsl_clock.o
 .rodata.CLOCK_InitSirc.str1.4
                0x00005854       0x19 ./drivers/fsl_clock.o
 .rodata.CLOCK_InitFirc.str1.4
                0x00005854       0x19 ./drivers/fsl_clock.o
 .rodata.CLOCK_GetRtcOscFreq.str1.4
                0x00005854       0x1f ./drivers/fsl_clock.o
 .rodata.fircFreq.1
                0x00005854       0x10 ./drivers/fsl_clock.o
 .rodata.GPIO_PinInit.str1.4
                0x00005864       0x20 ./drivers/fsl_gpio.o
 .rodata.s_baudratePrescaler
                0x00005864        0x8 ./drivers/fsl_lpspi.o
 .rodata.s_lpspiBases
                0x0000586c        0x8 ./drivers/fsl_lpspi.o
 .rodata.s_lpspiClocks
                0x00005874        0x8 ./drivers/fsl_lpspi.o
 .rodata.LPSPI_GetInstance.str1.4
                0x0000587c       0x36 ./drivers/fsl_lpspi.o
 .rodata.LPSPI_MasterInit.str1.4
                0x0000587c       0x27 ./drivers/fsl_lpspi.o
 .rodata.LPSPI_MasterSetBaudRate.str1.4
                0x0000587c       0x2b ./drivers/fsl_lpspi.o
 .rodata.LPSPI_MasterSetDelayScaler.str1.4
                0x0000587c       0x18 ./drivers/fsl_lpspi.o
 .rodata.LPSPI_CheckTransferArgument.str1.4
                0x0000587c       0x23 ./drivers/fsl_lpspi.o
 .rodata.LPSPI_MasterTransferBlocking.str1.4
                0x0000587c       0x24 ./drivers/fsl_lpspi.o
 .rodata.LPSPI_CombineWriteData.str1.4
                0x0000587c       0x3d ./drivers/fsl_lpspi.o
 .rodata.LPSPI_SeparateReadData.str1.4
                0x0000587c       0x3d ./drivers/fsl_lpspi.o
 .rodata.LPSPI0_DriverIRQHandler.str1.4
                0x0000587c       0x2c ./drivers/fsl_lpspi.o
 .rodata.LPSPI1_DriverIRQHandler.str1.4
                0x0000587c       0x2c ./drivers/fsl_lpspi.o
 .rodata.s_lpuartBases
                0x0000587c        0x8 ./drivers/fsl_lpuart.o
 .rodata.s_lpuartClock
                0x00005884        0x8 ./drivers/fsl_lpuart.o
 .rodata.LPUART_GetInstance.str1.4
                0x0000588c       0x38 ./drivers/fsl_lpuart.o
 .rodata.LPUART_Init.str1.4
                0x0000588c      0x10a ./drivers/fsl_lpuart.o
 .rodata.LPUART_GetDefaultConfig.str1.4
                0x0000588c       0x22 ./drivers/fsl_lpuart.o
 .rodata.LPUART_WriteBlocking.str1.4
                0x0000588c       0x21 ./drivers/fsl_lpuart.o
 .rodata.LPUART_ReadBlocking.str1.4
                0x0000588c       0x21 ./drivers/fsl_lpuart.o
 .rodata.SPC_SetActiveModeCoreLDORegulatorConfig.str1.4
                0x0000588c       0x1f ./drivers/fsl_spc.o
 .rodata.s_LpuartAdapterBase
                0x0000588c        0x8 ./component/uart/fsl_adapter_lpuart.o
 .rodata.HAL_UartInit.str1.4
                0x00005894      0x116 ./component/uart/fsl_adapter_lpuart.o
 .rodata.HAL_UartReceiveBlocking.str1.4
                0x00005894       0x7b ./component/uart/fsl_adapter_lpuart.o
 .rodata.HAL_UartSendBlocking.str1.4
                0x00005894       0x7b ./component/uart/fsl_adapter_lpuart.o
 .rodata.CLOCK_SetIpSrc.str1.4
                0x00005894       0x55 ./board/board.o
 .rodata.CLOCK_SetIpSrc.str1.4
                0x00005894       0x55 ./board/clock_config.o
 .rodata.CLOCK_SetIpSrcDiv.str1.4
                0x00005894       0x55 ./board/clock_config.o
 .rodata.CLOCK_SetRunModeSysClkConfig.str1.4
                0x00005894       0x49 ./board/clock_config.o
 .rodata.CLOCK_GetCurSysClkConfig.str1.4
                0x00005894       0x49 ./board/clock_config.o
 .rodata.CCM32K_SelectClockSource.str1.4
                0x00005894      0x128 ./board/clock_config.o
 .rodata.FircTrimConfig_BOARD_BootClockRUN
                0x00005894        0x8 ./board/clock_config.o
 .rodata.g_sysClkConfig_BOARD_BootClockRUN
                0x0000589c        0x4 ./board/clock_config.o
                0x0000589c                g_sysClkConfig_BOARD_BootClockRUN
 .rodata.g_scgSysOscConfig_BOARD_BootClockRUN
                0x000058a0        0xc ./board/clock_config.o
                0x000058a0                g_scgSysOscConfig_BOARD_BootClockRUN
 .rodata.g_scgSircConfig_BOARD_BootClockRUN
                0x000058ac        0x1 ./board/clock_config.o
                0x000058ac                g_scgSircConfig_BOARD_BootClockRUN
 *fill*         0x000058ad        0x3 ff
 .rodata.g_scgFircConfig_BOARD_BootClockRUN
                0x000058b0        0xc ./board/clock_config.o
                0x000058b0                g_scgFircConfig_BOARD_BootClockRUN
 .rodata.g_ccm32kOscConfig_BOARD_BootClockRUN
                0x000058bc        0x4 ./board/clock_config.o
 .rodata.LPSPI1_config
                0x000058c0       0x20 ./board/peripherals.o
                0x000058c0                LPSPI1_config
 .rodata.PORT_SetPinConfig.str1.4
                0x000058e0       0x48 ./board/pin_mux.o
 .rodata.__num_Ciob_streams
                0x000058e0        0x4 C:/nxp/MCUXpressoIDE_11.10.0_3148/ide/plugins/com.nxp.mcuxpresso.tools.win32_11.10.0.202311280810/tools/bin/../lib/gcc/arm-none-eabi/13.2.1/../../../../arm-none-eabi/lib/thumb/v8-m.main+fp/hard\libcr_nohost_nf.a(__ciob.o)
                0x000058e0                __num_Ciob_streams
 .rodata.__ctype
                0x000058e4      0x180 C:/nxp/MCUXpressoIDE_11.10.0_3148/ide/plugins/com.nxp.mcuxpresso.tools.win32_11.10.0.202311280810/tools/bin/../lib/gcc/arm-none-eabi/13.2.1/../../../../arm-none-eabi/lib/thumb/v8-m.main+fp/hard\libcr_c.a(ctype.o)
                0x000058e4                __ctype
 .rodata._initio.str1.1
                0x00005a64        0x4 C:/nxp/MCUXpressoIDE_11.10.0_3148/ide/plugins/com.nxp.mcuxpresso.tools.win32_11.10.0.202311280810/tools/bin/../lib/gcc/arm-none-eabi/13.2.1/../../../../arm-none-eabi/lib/thumb/v8-m.main+fp/hard\libcr_c.a(initio.o)
 .rodata.str1.1
                0x00005a68        0x1 C:/nxp/MCUXpressoIDE_11.10.0_3148/ide/plugins/com.nxp.mcuxpresso.tools.win32_11.10.0.202311280810/tools/bin/../lib/gcc/arm-none-eabi/13.2.1/../../../../arm-none-eabi/lib/thumb/v8-m.main+fp/hard\libcr_c.a(strtok.o)
                0x00005a6c                        . = ALIGN (0x4)

.glue_7         0x00005a68        0x0
 .glue_7        0x00005a68        0x0 linker stubs

.glue_7t        0x00005a68        0x0
 .glue_7t       0x00005a68        0x0 linker stubs

.vfp11_veneer   0x00005a68        0x0
 .vfp11_veneer  0x00005a68        0x0 linker stubs

.v4_bx          0x00005a68        0x0
 .v4_bx         0x00005a68        0x0 linker stubs

.iplt           0x00005a68        0x0
 .iplt          0x00005a68        0x0 ./utilities/fsl_assert.o

.rel.dyn        0x00005a68        0x0
 .rel.iplt      0x00005a68        0x0 ./utilities/fsl_assert.o

.ARM.extab
 *(SORT_BY_ALIGNMENT(.ARM.extab*) SORT_BY_ALIGNMENT(.gnu.linkonce.armextab.*))

.ARM.exidx      0x00005a68        0x0
                0x00005a68                        __exidx_start = .
 *(SORT_BY_ALIGNMENT(.ARM.exidx*) SORT_BY_ALIGNMENT(.gnu.linkonce.armexidx.*))
                0x00005a68                        __exidx_end = .
                0x00005a68                        _etext = .

.data_RAM2      0x04000000        0x0 load address 0x00005a68
 FILL mask 0xff
                [!provide]                        PROVIDE (__start_data_RAM2 = .)
                [!provide]                        PROVIDE (__start_data_TCM_CODE = .)
 *(SORT_BY_ALIGNMENT(.ramfunc.$RAM2))
 *(SORT_BY_ALIGNMENT(.ramfunc.$TCM_CODE))
 *(SORT_BY_ALIGNMENT(.data.$RAM2))
 *(SORT_BY_ALIGNMENT(.data.$TCM_CODE))
 *(SORT_BY_ALIGNMENT(.data.$RAM2.*))
 *(SORT_BY_ALIGNMENT(.data.$TCM_CODE.*))
                0x04000000                        . = ALIGN (0x4)
                [!provide]                        PROVIDE (__end_data_RAM2 = .)
                [!provide]                        PROVIDE (__end_data_TCM_CODE = .)

.uninit_RESERVED
                0x20000000        0x0
                0x20000000                        _start_uninit_RESERVED = .
 *(SORT_BY_ALIGNMENT(.bss.$RESERVED*))
                0x20000000                        . = ALIGN (0x4)
                0x20000000                        _end_uninit_RESERVED = .

.data           0x20000000        0x8 load address 0x00005a68
 FILL mask 0xff
                0x20000000                        _data = .
                [!provide]                        PROVIDE (__start_data_RAM = .)
                [!provide]                        PROVIDE (__start_data_TCM_SYS = .)
 *(SORT_BY_ALIGNMENT(vtable))
 *(SORT_BY_ALIGNMENT(.ramfunc*))
 *(SORT_BY_ALIGNMENT(CodeQuickAccess))
 *(SORT_BY_ALIGNMENT(DataQuickAccess))
 *(SORT_BY_ALIGNMENT(RamFunction))
 *(SORT_BY_ALIGNMENT(.data*))
 .data.SystemCoreClock
                0x20000000        0x4 ./device/system_KW45B41Z83.o
                0x20000000                SystemCoreClock
 .data.saves1.0
                0x20000004        0x4 C:/nxp/MCUXpressoIDE_11.10.0_3148/ide/plugins/com.nxp.mcuxpresso.tools.win32_11.10.0.202311280810/tools/bin/../lib/gcc/arm-none-eabi/13.2.1/../../../../arm-none-eabi/lib/thumb/v8-m.main+fp/hard\libcr_c.a(strtok.o)
                0x20000008                        . = ALIGN (0x4)
                0x20000008                        _edata = .
                [!provide]                        PROVIDE (__end_data_RAM = .)
                [!provide]                        PROVIDE (__end_data_TCM_SYS = .)

.igot.plt       0x20000008        0x0 load address 0x00005a70
 .igot.plt      0x20000008        0x0 ./utilities/fsl_assert.o

.bss_RAM2       0x04000000        0x0
                [!provide]                        PROVIDE (__start_bss_RAM2 = .)
                [!provide]                        PROVIDE (__start_bss_TCM_CODE = .)
 *(SORT_BY_ALIGNMENT(.bss.$RAM2))
 *(SORT_BY_ALIGNMENT(.bss.$TCM_CODE))
 *(SORT_BY_ALIGNMENT(.bss.$RAM2.*))
 *(SORT_BY_ALIGNMENT(.bss.$TCM_CODE.*))
                0x04000000                        . = ALIGN ((. != 0x0)?0x4:0x1)
                [!provide]                        PROVIDE (__end_bss_RAM2 = .)
                [!provide]                        PROVIDE (__end_bss_TCM_CODE = .)

.bss            0x20000008      0x10c
                0x20000008                        _bss = .
                [!provide]                        PROVIDE (__start_bss_RAM = .)
                [!provide]                        PROVIDE (__start_bss_TCM_SYS = .)
 *(SORT_BY_ALIGNMENT(.bss*))
 .bss.s_debugConsoleState
                0x20000008       0x20 ./utilities/fsl_debug_console.o
 .bss.g_serialHandle
                0x20000028        0x4 ./utilities/fsl_debug_console.o
                0x20000028                g_serialHandle
 .bss.g_xtal0Freq
                0x2000002c        0x4 ./drivers/fsl_clock.o
                0x2000002c                g_xtal0Freq
 .bss.g_xtal32Freq
                0x20000030        0x4 ./drivers/fsl_clock.o
                0x20000030                g_xtal32Freq
 .bss.s_lpspiHandle
                0x20000034        0x8 ./drivers/fsl_lpspi.o
 .bss.s_lpspiMasterIsr
                0x2000003c        0x4 ./drivers/fsl_lpspi.o
 .bss.s_lpspiSlaveIsr
                0x20000040        0x4 ./drivers/fsl_lpspi.o
 .bss.g_lpspiDummyData
                0x20000044        0x2 ./drivers/fsl_lpspi.o
                0x20000044                g_lpspiDummyData
 *fill*         0x20000046        0x2 
 .bss.s_lpuartHandle
                0x20000048        0x8 ./drivers/fsl_lpuart.o
                0x20000048                s_lpuartHandle
 .bss.s_lpuartIsr
                0x20000050        0x8 ./drivers/fsl_lpuart.o
                0x20000050                s_lpuartIsr
 .bss.errno     0x20000058        0x4 C:/nxp/MCUXpressoIDE_11.10.0_3148/ide/plugins/com.nxp.mcuxpresso.tools.win32_11.10.0.202311280810/tools/bin/../lib/gcc/arm-none-eabi/13.2.1/../../../../arm-none-eabi/lib/thumb/v8-m.main+fp/hard\libcr_c.a(errno.o)
                0x20000058                errno
 .bss.__Ciob    0x2000005c       0xb4 C:/nxp/MCUXpressoIDE_11.10.0_3148/ide/plugins/com.nxp.mcuxpresso.tools.win32_11.10.0.202311280810/tools/bin/../lib/gcc/arm-none-eabi/13.2.1/../../../../arm-none-eabi/lib/thumb/v8-m.main+fp/hard\libcr_nohost_nf.a(__ciob.o)
                0x2000005c                __Ciob
 .bss.s_debugConsoleReadWaitSemaphore
                0x20000110        0x1 ./utilities/fsl_debug_console.o
 *(SORT_BY_ALIGNMENT(COMMON))
                0x20000114                        . = ALIGN (0x4)
 *fill*         0x20000111        0x3 
                0x20000114                        _ebss = .
                [!provide]                        PROVIDE (__end_bss_RAM = .)
                [!provide]                        PROVIDE (__end_bss_TCM_SYS = .)
                [!provide]                        PROVIDE (end = .)

.noinit_RAM2    0x04000000        0x0
                [!provide]                        PROVIDE (__start_noinit_RAM2 = .)
                [!provide]                        PROVIDE (__start_noinit_TCM_CODE = .)
 *(SORT_BY_ALIGNMENT(.noinit.$RAM2))
 *(SORT_BY_ALIGNMENT(.noinit.$TCM_CODE))
 *(SORT_BY_ALIGNMENT(.noinit.$RAM2.*))
 *(SORT_BY_ALIGNMENT(.noinit.$TCM_CODE.*))
                0x04000000                        . = ALIGN (0x4)
                [!provide]                        PROVIDE (__end_noinit_RAM2 = .)
                [!provide]                        PROVIDE (__end_noinit_TCM_CODE = .)

.noinit         0x20000114        0x0
                0x20000114                        _noinit = .
                [!provide]                        PROVIDE (__start_noinit_RAM = .)
                [!provide]                        PROVIDE (__start_noinit_TCM_SYS = .)
 *(SORT_BY_ALIGNMENT(.noinit*))
                0x20000114                        . = ALIGN (0x4)
                0x20000114                        _end_noinit = .
                [!provide]                        PROVIDE (__end_noinit_RAM = .)
                [!provide]                        PROVIDE (__end_noinit_TCM_SYS = .)
                0x00001000                        _HeapSize = 0x1000

.heap           0x20000114     0x1000
                0x20000114                        _pvHeapStart = .
                0x20001114                        . = (. + _HeapSize)
 *fill*         0x20000114     0x1000 
                0x20001114                        . = ALIGN (0x4)
                0x20001114                        _pvHeapLimit = .
                0x00002000                        _StackSize = 0x2000

.heap2stackfill
                0x20001114     0x2000
                0x20003114                        . = (. + _StackSize)
 *fill*         0x20001114     0x2000 

.stack          0x2001a000        0x0
                0x2001a000                        _vStackBase = .
                0x2001a000                        . = ALIGN (0x4)
                0x2001c000                        _vStackTop = (. + _StackSize)
                0x00000000                        _image_start = LOADADDR (.text)
                0x00005a70                        _image_end = (LOADADDR (.data) + SIZEOF (.data))
                0x00005a70                        _image_size = (_image_end - _image_start)
OUTPUT(spirate.axf elf32-littlearm)
LOAD linker stubs

.debug_info     0x00000000    0x14e4a
 .debug_info    0x00000000      0x127 ./utilities/fsl_assert.o
 .debug_info    0x00000127      0xe21 ./utilities/fsl_debug_console.o
 .debug_info    0x00000f48      0xd5d ./utilities/fsl_str.o
 .debug_info    0x00001ca5      0xb83 ./startup/startup_kw45b41z83.o
 .debug_info    0x00002828       0x3c ./source/semihost_hardfault.o
 .debug_info    0x00002864      0x755 ./source/spirate.o
 .debug_info    0x00002fb9      0x6c8 ./drivers/fsl_ccm32k.o
 .debug_info    0x00003681     0x110f ./drivers/fsl_clock.o
 .debug_info    0x00004790      0x551 ./drivers/fsl_gpio.o
 .debug_info    0x00004ce1     0x27c6 ./drivers/fsl_lpspi.o
 .debug_info    0x000074a7     0x231a ./drivers/fsl_lpuart.o
 .debug_info    0x000097c1     0x1745 ./drivers/fsl_spc.o
 .debug_info    0x0000af06      0x4b4 ./device/system_KW45B41Z83.o
 .debug_info    0x0000b3ba      0xc05 ./component/uart/fsl_adapter_lpuart.o
 .debug_info    0x0000bfbf      0xd8e ./component/serial_manager/fsl_component_serial_manager.o
 .debug_info    0x0000cd4d      0x54a ./component/serial_manager/fsl_component_serial_port_uart.o
 .debug_info    0x0000d297      0x3de ./board/board.o
 .debug_info    0x0000d675     0x165f ./board/clock_config.o
 .debug_info    0x0000ecd4      0xa10 ./board/peripherals.o
 .debug_info    0x0000f6e4      0xc11 ./board/pin_mux.o
 .debug_info    0x000102f5       0x85 C:/nxp/MCUXpressoIDE_11.10.0_3148/ide/plugins/com.nxp.mcuxpresso.tools.win32_11.10.0.202311280810/tools/bin/../lib/gcc/arm-none-eabi/13.2.1/../../../../arm-none-eabi/lib/thumb/v8-m.main+fp/hard\libcr_nohost_nf.a(_cr__main.o)
 .debug_info    0x0001037a      0x12b C:/nxp/MCUXpressoIDE_11.10.0_3148/ide/plugins/com.nxp.mcuxpresso.tools.win32_11.10.0.202311280810/tools/bin/../lib/gcc/arm-none-eabi/13.2.1/../../../../arm-none-eabi/lib/thumb/v8-m.main+fp/hard\libcr_c.a(memcpy.o)
 .debug_info    0x000104a5       0xfc C:/nxp/MCUXpressoIDE_11.10.0_3148/ide/plugins/com.nxp.mcuxpresso.tools.win32_11.10.0.202311280810/tools/bin/../lib/gcc/arm-none-eabi/13.2.1/../../../../arm-none-eabi/lib/thumb/v8-m.main+fp/hard\libcr_c.a(memset.o)
 .debug_info    0x000105a1      0x520 C:/nxp/MCUXpressoIDE_11.10.0_3148/ide/plugins/com.nxp.mcuxpresso.tools.win32_11.10.0.202311280810/tools/bin/../lib/gcc/arm-none-eabi/13.2.1/../../../../arm-none-eabi/lib/thumb/v8-m.main+fp/hard\libcr_c.a(alloc.o)
 .debug_info    0x00010ac1      0x2f8 C:/nxp/MCUXpressoIDE_11.10.0_3148/ide/plugins/com.nxp.mcuxpresso.tools.win32_11.10.0.202311280810/tools/bin/../lib/gcc/arm-none-eabi/13.2.1/../../../../arm-none-eabi/lib/thumb/v8-m.main+fp/hard\libcr_c.a(ctype.o)
 .debug_info    0x00010db9       0x44 C:/nxp/MCUXpressoIDE_11.10.0_3148/ide/plugins/com.nxp.mcuxpresso.tools.win32_11.10.0.202311280810/tools/bin/../lib/gcc/arm-none-eabi/13.2.1/../../../../arm-none-eabi/lib/thumb/v8-m.main+fp/hard\libcr_c.a(errno.o)
 .debug_info    0x00010dfd      0x339 C:/nxp/MCUXpressoIDE_11.10.0_3148/ide/plugins/com.nxp.mcuxpresso.tools.win32_11.10.0.202311280810/tools/bin/../lib/gcc/arm-none-eabi/13.2.1/../../../../arm-none-eabi/lib/thumb/v8-m.main+fp/hard\libcr_c.a(initio.o)
 .debug_info    0x00011136     0x19ef C:/nxp/MCUXpressoIDE_11.10.0_3148/ide/plugins/com.nxp.mcuxpresso.tools.win32_11.10.0.202311280810/tools/bin/../lib/gcc/arm-none-eabi/13.2.1/../../../../arm-none-eabi/lib/thumb/v8-m.main+fp/hard\libcr_c.a(scanf.o)
 .debug_info    0x00012b25      0x1fd C:/nxp/MCUXpressoIDE_11.10.0_3148/ide/plugins/com.nxp.mcuxpresso.tools.win32_11.10.0.202311280810/tools/bin/../lib/gcc/arm-none-eabi/13.2.1/../../../../arm-none-eabi/lib/thumb/v8-m.main+fp/hard\libcr_c.a(setvbuf.o)
 .debug_info    0x00012d22       0xfe C:/nxp/MCUXpressoIDE_11.10.0_3148/ide/plugins/com.nxp.mcuxpresso.tools.win32_11.10.0.202311280810/tools/bin/../lib/gcc/arm-none-eabi/13.2.1/../../../../arm-none-eabi/lib/thumb/v8-m.main+fp/hard\libcr_c.a(strcmp.o)
 .debug_info    0x00012e20       0xe1 C:/nxp/MCUXpressoIDE_11.10.0_3148/ide/plugins/com.nxp.mcuxpresso.tools.win32_11.10.0.202311280810/tools/bin/../lib/gcc/arm-none-eabi/13.2.1/../../../../arm-none-eabi/lib/thumb/v8-m.main+fp/hard\libcr_c.a(strlen.o)
 .debug_info    0x00012f01      0x139 C:/nxp/MCUXpressoIDE_11.10.0_3148/ide/plugins/com.nxp.mcuxpresso.tools.win32_11.10.0.202311280810/tools/bin/../lib/gcc/arm-none-eabi/13.2.1/../../../../arm-none-eabi/lib/thumb/v8-m.main+fp/hard\libcr_c.a(strtok.o)
 .debug_info    0x0001303a      0x369 C:/nxp/MCUXpressoIDE_11.10.0_3148/ide/plugins/com.nxp.mcuxpresso.tools.win32_11.10.0.202311280810/tools/bin/../lib/gcc/arm-none-eabi/13.2.1/../../../../arm-none-eabi/lib/thumb/v8-m.main+fp/hard\libcr_c.a(_deferredlazyseek.o)
 .debug_info    0x000133a3      0x24b C:/nxp/MCUXpressoIDE_11.10.0_3148/ide/plugins/com.nxp.mcuxpresso.tools.win32_11.10.0.202311280810/tools/bin/../lib/gcc/arm-none-eabi/13.2.1/../../../../arm-none-eabi/lib/thumb/v8-m.main+fp/hard\libcr_c.a(_fdopen.o)
 .debug_info    0x000135ee      0x1e3 C:/nxp/MCUXpressoIDE_11.10.0_3148/ide/plugins/com.nxp.mcuxpresso.tools.win32_11.10.0.202311280810/tools/bin/../lib/gcc/arm-none-eabi/13.2.1/../../../../arm-none-eabi/lib/thumb/v8-m.main+fp/hard\libcr_c.a(_fflush.o)
 .debug_info    0x000137d1      0x289 C:/nxp/MCUXpressoIDE_11.10.0_3148/ide/plugins/com.nxp.mcuxpresso.tools.win32_11.10.0.202311280810/tools/bin/../lib/gcc/arm-none-eabi/13.2.1/../../../../arm-none-eabi/lib/thumb/v8-m.main+fp/hard\libcr_c.a(_writebuf.o)
 .debug_info    0x00013a5a      0x318 C:/nxp/MCUXpressoIDE_11.10.0_3148/ide/plugins/com.nxp.mcuxpresso.tools.win32_11.10.0.202311280810/tools/bin/../lib/gcc/arm-none-eabi/13.2.1/../../../../arm-none-eabi/lib/thumb/v8-m.main+fp/hard\libcr_c.a(fclose.o)
 .debug_info    0x00013d72      0x209 C:/nxp/MCUXpressoIDE_11.10.0_3148/ide/plugins/com.nxp.mcuxpresso.tools.win32_11.10.0.202311280810/tools/bin/../lib/gcc/arm-none-eabi/13.2.1/../../../../arm-none-eabi/lib/thumb/v8-m.main+fp/hard\libcr_c.a(fflush.o)
 .debug_info    0x00013f7b      0x276 C:/nxp/MCUXpressoIDE_11.10.0_3148/ide/plugins/com.nxp.mcuxpresso.tools.win32_11.10.0.202311280810/tools/bin/../lib/gcc/arm-none-eabi/13.2.1/../../../../arm-none-eabi/lib/thumb/v8-m.main+fp/hard\libcr_c.a(fseek.o)
 .debug_info    0x000141f1      0x197 C:/nxp/MCUXpressoIDE_11.10.0_3148/ide/plugins/com.nxp.mcuxpresso.tools.win32_11.10.0.202311280810/tools/bin/../lib/gcc/arm-none-eabi/13.2.1/../../../../arm-none-eabi/lib/thumb/v8-m.main+fp/hard\libcr_c.a(ftell.o)
 .debug_info    0x00014388      0x1d7 C:/nxp/MCUXpressoIDE_11.10.0_3148/ide/plugins/com.nxp.mcuxpresso.tools.win32_11.10.0.202311280810/tools/bin/../lib/gcc/arm-none-eabi/13.2.1/../../../../arm-none-eabi/lib/thumb/v8-m.main+fp/hard\libcr_c.a(remove.o)
 .debug_info    0x0001455f       0xe0 C:/nxp/MCUXpressoIDE_11.10.0_3148/ide/plugins/com.nxp.mcuxpresso.tools.win32_11.10.0.202311280810/tools/bin/../lib/gcc/arm-none-eabi/13.2.1/../../../../arm-none-eabi/lib/thumb/v8-m.main+fp/hard\libcr_c.a(strcspn.o)
 .debug_info    0x0001463f       0xe0 C:/nxp/MCUXpressoIDE_11.10.0_3148/ide/plugins/com.nxp.mcuxpresso.tools.win32_11.10.0.202311280810/tools/bin/../lib/gcc/arm-none-eabi/13.2.1/../../../../arm-none-eabi/lib/thumb/v8-m.main+fp/hard\libcr_c.a(strspn.o)
 .debug_info    0x0001471f      0x23a C:/nxp/MCUXpressoIDE_11.10.0_3148/ide/plugins/com.nxp.mcuxpresso.tools.win32_11.10.0.202311280810/tools/bin/../lib/gcc/arm-none-eabi/13.2.1/../../../../arm-none-eabi/lib/thumb/v8-m.main+fp/hard\libcr_c.a(_do_fflush.o)
 .debug_info    0x00014959      0x18b C:/nxp/MCUXpressoIDE_11.10.0_3148/ide/plugins/com.nxp.mcuxpresso.tools.win32_11.10.0.202311280810/tools/bin/../lib/gcc/arm-none-eabi/13.2.1/../../../../arm-none-eabi/lib/thumb/v8-m.main+fp/hard\libcr_nohost_nf.a(__ciob.o)
 .debug_info    0x00014ae4       0x6a C:/nxp/MCUXpressoIDE_11.10.0_3148/ide/plugins/com.nxp.mcuxpresso.tools.win32_11.10.0.202311280810/tools/bin/../lib/gcc/arm-none-eabi/13.2.1/../../../../arm-none-eabi/lib/thumb/v8-m.main+fp/hard\libcr_nohost_nf.a(__sys_close.o)
 .debug_info    0x00014b4e       0x6a C:/nxp/MCUXpressoIDE_11.10.0_3148/ide/plugins/com.nxp.mcuxpresso.tools.win32_11.10.0.202311280810/tools/bin/../lib/gcc/arm-none-eabi/13.2.1/../../../../arm-none-eabi/lib/thumb/v8-m.main+fp/hard\libcr_nohost_nf.a(__sys_flen.o)
 .debug_info    0x00014bb8       0x6a C:/nxp/MCUXpressoIDE_11.10.0_3148/ide/plugins/com.nxp.mcuxpresso.tools.win32_11.10.0.202311280810/tools/bin/../lib/gcc/arm-none-eabi/13.2.1/../../../../arm-none-eabi/lib/thumb/v8-m.main+fp/hard\libcr_nohost_nf.a(__sys_istty.o)
 .debug_info    0x00014c22       0x8a C:/nxp/MCUXpressoIDE_11.10.0_3148/ide/plugins/com.nxp.mcuxpresso.tools.win32_11.10.0.202311280810/tools/bin/../lib/gcc/arm-none-eabi/13.2.1/../../../../arm-none-eabi/lib/thumb/v8-m.main+fp/hard\libcr_nohost_nf.a(__sys_remove.o)
 .debug_info    0x00014cac       0x78 C:/nxp/MCUXpressoIDE_11.10.0_3148/ide/plugins/com.nxp.mcuxpresso.tools.win32_11.10.0.202311280810/tools/bin/../lib/gcc/arm-none-eabi/13.2.1/../../../../arm-none-eabi/lib/thumb/v8-m.main+fp/hard\libcr_nohost_nf.a(__sys_seek.o)
 .debug_info    0x00014d24       0x93 C:/nxp/MCUXpressoIDE_11.10.0_3148/ide/plugins/com.nxp.mcuxpresso.tools.win32_11.10.0.202311280810/tools/bin/../lib/gcc/arm-none-eabi/13.2.1/../../../../arm-none-eabi/lib/thumb/v8-m.main+fp/hard\libcr_nohost_nf.a(__sys_tmpnam.o)
 .debug_info    0x00014db7       0x93 C:/nxp/MCUXpressoIDE_11.10.0_3148/ide/plugins/com.nxp.mcuxpresso.tools.win32_11.10.0.202311280810/tools/bin/../lib/gcc/arm-none-eabi/13.2.1/../../../../arm-none-eabi/lib/thumb/v8-m.main+fp/hard\libcr_nohost_nf.a(__sys_write.o)

.debug_abbrev   0x00000000     0x4925
 .debug_abbrev  0x00000000       0xbd ./utilities/fsl_assert.o
 .debug_abbrev  0x000000bd      0x270 ./utilities/fsl_debug_console.o
 .debug_abbrev  0x0000032d      0x270 ./utilities/fsl_str.o
 .debug_abbrev  0x0000059d      0x147 ./startup/startup_kw45b41z83.o
 .debug_abbrev  0x000006e4       0x31 ./source/semihost_hardfault.o
 .debug_abbrev  0x00000715      0x25f ./source/spirate.o
 .debug_abbrev  0x00000974      0x1fb ./drivers/fsl_ccm32k.o
 .debug_abbrev  0x00000b6f      0x312 ./drivers/fsl_clock.o
 .debug_abbrev  0x00000e81      0x201 ./drivers/fsl_gpio.o
 .debug_abbrev  0x00001082      0x355 ./drivers/fsl_lpspi.o
 .debug_abbrev  0x000013d7      0x428 ./drivers/fsl_lpuart.o
 .debug_abbrev  0x000017ff      0x2cd ./drivers/fsl_spc.o
 .debug_abbrev  0x00001acc      0x129 ./device/system_KW45B41Z83.o
 .debug_abbrev  0x00001bf5      0x1e7 ./component/uart/fsl_adapter_lpuart.o
 .debug_abbrev  0x00001ddc      0x2bb ./component/serial_manager/fsl_component_serial_manager.o
 .debug_abbrev  0x00002097      0x18c ./component/serial_manager/fsl_component_serial_port_uart.o
 .debug_abbrev  0x00002223      0x155 ./board/board.o
 .debug_abbrev  0x00002378      0x38b ./board/clock_config.o
 .debug_abbrev  0x00002703      0x193 ./board/peripherals.o
 .debug_abbrev  0x00002896      0x299 ./board/pin_mux.o
 .debug_abbrev  0x00002b2f       0x70 C:/nxp/MCUXpressoIDE_11.10.0_3148/ide/plugins/com.nxp.mcuxpresso.tools.win32_11.10.0.202311280810/tools/bin/../lib/gcc/arm-none-eabi/13.2.1/../../../../arm-none-eabi/lib/thumb/v8-m.main+fp/hard\libcr_nohost_nf.a(_cr__main.o)
 .debug_abbrev  0x00002b9f       0xb6 C:/nxp/MCUXpressoIDE_11.10.0_3148/ide/plugins/com.nxp.mcuxpresso.tools.win32_11.10.0.202311280810/tools/bin/../lib/gcc/arm-none-eabi/13.2.1/../../../../arm-none-eabi/lib/thumb/v8-m.main+fp/hard\libcr_c.a(memcpy.o)
 .debug_abbrev  0x00002c55       0xa8 C:/nxp/MCUXpressoIDE_11.10.0_3148/ide/plugins/com.nxp.mcuxpresso.tools.win32_11.10.0.202311280810/tools/bin/../lib/gcc/arm-none-eabi/13.2.1/../../../../arm-none-eabi/lib/thumb/v8-m.main+fp/hard\libcr_c.a(memset.o)
 .debug_abbrev  0x00002cfd      0x284 C:/nxp/MCUXpressoIDE_11.10.0_3148/ide/plugins/com.nxp.mcuxpresso.tools.win32_11.10.0.202311280810/tools/bin/../lib/gcc/arm-none-eabi/13.2.1/../../../../arm-none-eabi/lib/thumb/v8-m.main+fp/hard\libcr_c.a(alloc.o)
 .debug_abbrev  0x00002f81       0xba C:/nxp/MCUXpressoIDE_11.10.0_3148/ide/plugins/com.nxp.mcuxpresso.tools.win32_11.10.0.202311280810/tools/bin/../lib/gcc/arm-none-eabi/13.2.1/../../../../arm-none-eabi/lib/thumb/v8-m.main+fp/hard\libcr_c.a(ctype.o)
 .debug_abbrev  0x0000303b       0x44 C:/nxp/MCUXpressoIDE_11.10.0_3148/ide/plugins/com.nxp.mcuxpresso.tools.win32_11.10.0.202311280810/tools/bin/../lib/gcc/arm-none-eabi/13.2.1/../../../../arm-none-eabi/lib/thumb/v8-m.main+fp/hard\libcr_c.a(errno.o)
 .debug_abbrev  0x0000307f      0x169 C:/nxp/MCUXpressoIDE_11.10.0_3148/ide/plugins/com.nxp.mcuxpresso.tools.win32_11.10.0.202311280810/tools/bin/../lib/gcc/arm-none-eabi/13.2.1/../../../../arm-none-eabi/lib/thumb/v8-m.main+fp/hard\libcr_c.a(initio.o)
 .debug_abbrev  0x000031e8      0x453 C:/nxp/MCUXpressoIDE_11.10.0_3148/ide/plugins/com.nxp.mcuxpresso.tools.win32_11.10.0.202311280810/tools/bin/../lib/gcc/arm-none-eabi/13.2.1/../../../../arm-none-eabi/lib/thumb/v8-m.main+fp/hard\libcr_c.a(scanf.o)
 .debug_abbrev  0x0000363b       0xe1 C:/nxp/MCUXpressoIDE_11.10.0_3148/ide/plugins/com.nxp.mcuxpresso.tools.win32_11.10.0.202311280810/tools/bin/../lib/gcc/arm-none-eabi/13.2.1/../../../../arm-none-eabi/lib/thumb/v8-m.main+fp/hard\libcr_c.a(setvbuf.o)
 .debug_abbrev  0x0000371c       0xa1 C:/nxp/MCUXpressoIDE_11.10.0_3148/ide/plugins/com.nxp.mcuxpresso.tools.win32_11.10.0.202311280810/tools/bin/../lib/gcc/arm-none-eabi/13.2.1/../../../../arm-none-eabi/lib/thumb/v8-m.main+fp/hard\libcr_c.a(strcmp.o)
 .debug_abbrev  0x000037bd       0xa7 C:/nxp/MCUXpressoIDE_11.10.0_3148/ide/plugins/com.nxp.mcuxpresso.tools.win32_11.10.0.202311280810/tools/bin/../lib/gcc/arm-none-eabi/13.2.1/../../../../arm-none-eabi/lib/thumb/v8-m.main+fp/hard\libcr_c.a(strlen.o)
 .debug_abbrev  0x00003864       0xe2 C:/nxp/MCUXpressoIDE_11.10.0_3148/ide/plugins/com.nxp.mcuxpresso.tools.win32_11.10.0.202311280810/tools/bin/../lib/gcc/arm-none-eabi/13.2.1/../../../../arm-none-eabi/lib/thumb/v8-m.main+fp/hard\libcr_c.a(strtok.o)
 .debug_abbrev  0x00003946      0x152 C:/nxp/MCUXpressoIDE_11.10.0_3148/ide/plugins/com.nxp.mcuxpresso.tools.win32_11.10.0.202311280810/tools/bin/../lib/gcc/arm-none-eabi/13.2.1/../../../../arm-none-eabi/lib/thumb/v8-m.main+fp/hard\libcr_c.a(_deferredlazyseek.o)
 .debug_abbrev  0x00003a98      0x119 C:/nxp/MCUXpressoIDE_11.10.0_3148/ide/plugins/com.nxp.mcuxpresso.tools.win32_11.10.0.202311280810/tools/bin/../lib/gcc/arm-none-eabi/13.2.1/../../../../arm-none-eabi/lib/thumb/v8-m.main+fp/hard\libcr_c.a(_fdopen.o)
 .debug_abbrev  0x00003bb1       0xf1 C:/nxp/MCUXpressoIDE_11.10.0_3148/ide/plugins/com.nxp.mcuxpresso.tools.win32_11.10.0.202311280810/tools/bin/../lib/gcc/arm-none-eabi/13.2.1/../../../../arm-none-eabi/lib/thumb/v8-m.main+fp/hard\libcr_c.a(_fflush.o)
 .debug_abbrev  0x00003ca2      0x126 C:/nxp/MCUXpressoIDE_11.10.0_3148/ide/plugins/com.nxp.mcuxpresso.tools.win32_11.10.0.202311280810/tools/bin/../lib/gcc/arm-none-eabi/13.2.1/../../../../arm-none-eabi/lib/thumb/v8-m.main+fp/hard\libcr_c.a(_writebuf.o)
 .debug_abbrev  0x00003dc8      0x155 C:/nxp/MCUXpressoIDE_11.10.0_3148/ide/plugins/com.nxp.mcuxpresso.tools.win32_11.10.0.202311280810/tools/bin/../lib/gcc/arm-none-eabi/13.2.1/../../../../arm-none-eabi/lib/thumb/v8-m.main+fp/hard\libcr_c.a(fclose.o)
 .debug_abbrev  0x00003f1d      0x125 C:/nxp/MCUXpressoIDE_11.10.0_3148/ide/plugins/com.nxp.mcuxpresso.tools.win32_11.10.0.202311280810/tools/bin/../lib/gcc/arm-none-eabi/13.2.1/../../../../arm-none-eabi/lib/thumb/v8-m.main+fp/hard\libcr_c.a(fflush.o)
 .debug_abbrev  0x00004042      0x11b C:/nxp/MCUXpressoIDE_11.10.0_3148/ide/plugins/com.nxp.mcuxpresso.tools.win32_11.10.0.202311280810/tools/bin/../lib/gcc/arm-none-eabi/13.2.1/../../../../arm-none-eabi/lib/thumb/v8-m.main+fp/hard\libcr_c.a(fseek.o)
 .debug_abbrev  0x0000415d       0xc2 C:/nxp/MCUXpressoIDE_11.10.0_3148/ide/plugins/com.nxp.mcuxpresso.tools.win32_11.10.0.202311280810/tools/bin/../lib/gcc/arm-none-eabi/13.2.1/../../../../arm-none-eabi/lib/thumb/v8-m.main+fp/hard\libcr_c.a(ftell.o)
 .debug_abbrev  0x0000421f       0xfb C:/nxp/MCUXpressoIDE_11.10.0_3148/ide/plugins/com.nxp.mcuxpresso.tools.win32_11.10.0.202311280810/tools/bin/../lib/gcc/arm-none-eabi/13.2.1/../../../../arm-none-eabi/lib/thumb/v8-m.main+fp/hard\libcr_c.a(remove.o)
 .debug_abbrev  0x0000431a       0xa0 C:/nxp/MCUXpressoIDE_11.10.0_3148/ide/plugins/com.nxp.mcuxpresso.tools.win32_11.10.0.202311280810/tools/bin/../lib/gcc/arm-none-eabi/13.2.1/../../../../arm-none-eabi/lib/thumb/v8-m.main+fp/hard\libcr_c.a(strcspn.o)
 .debug_abbrev  0x000043ba       0xa0 C:/nxp/MCUXpressoIDE_11.10.0_3148/ide/plugins/com.nxp.mcuxpresso.tools.win32_11.10.0.202311280810/tools/bin/../lib/gcc/arm-none-eabi/13.2.1/../../../../arm-none-eabi/lib/thumb/v8-m.main+fp/hard\libcr_c.a(strspn.o)
 .debug_abbrev  0x0000445a      0x12c C:/nxp/MCUXpressoIDE_11.10.0_3148/ide/plugins/com.nxp.mcuxpresso.tools.win32_11.10.0.202311280810/tools/bin/../lib/gcc/arm-none-eabi/13.2.1/../../../../arm-none-eabi/lib/thumb/v8-m.main+fp/hard\libcr_c.a(_do_fflush.o)
 .debug_abbrev  0x00004586       0xb5 C:/nxp/MCUXpressoIDE_11.10.0_3148/ide/plugins/com.nxp.mcuxpresso.tools.win32_11.10.0.202311280810/tools/bin/../lib/gcc/arm-none-eabi/13.2.1/../../../../arm-none-eabi/lib/thumb/v8-m.main+fp/hard\libcr_nohost_nf.a(__ciob.o)
 .debug_abbrev  0x0000463b       0x5c C:/nxp/MCUXpressoIDE_11.10.0_3148/ide/plugins/com.nxp.mcuxpresso.tools.win32_11.10.0.202311280810/tools/bin/../lib/gcc/arm-none-eabi/13.2.1/../../../../arm-none-eabi/lib/thumb/v8-m.main+fp/hard\libcr_nohost_nf.a(__sys_close.o)
 .debug_abbrev  0x00004697       0x5c C:/nxp/MCUXpressoIDE_11.10.0_3148/ide/plugins/com.nxp.mcuxpresso.tools.win32_11.10.0.202311280810/tools/bin/../lib/gcc/arm-none-eabi/13.2.1/../../../../arm-none-eabi/lib/thumb/v8-m.main+fp/hard\libcr_nohost_nf.a(__sys_flen.o)
 .debug_abbrev  0x000046f3       0x5c C:/nxp/MCUXpressoIDE_11.10.0_3148/ide/plugins/com.nxp.mcuxpresso.tools.win32_11.10.0.202311280810/tools/bin/../lib/gcc/arm-none-eabi/13.2.1/../../../../arm-none-eabi/lib/thumb/v8-m.main+fp/hard\libcr_nohost_nf.a(__sys_istty.o)
 .debug_abbrev  0x0000474f       0x7d C:/nxp/MCUXpressoIDE_11.10.0_3148/ide/plugins/com.nxp.mcuxpresso.tools.win32_11.10.0.202311280810/tools/bin/../lib/gcc/arm-none-eabi/13.2.1/../../../../arm-none-eabi/lib/thumb/v8-m.main+fp/hard\libcr_nohost_nf.a(__sys_remove.o)
 .debug_abbrev  0x000047cc       0x6d C:/nxp/MCUXpressoIDE_11.10.0_3148/ide/plugins/com.nxp.mcuxpresso.tools.win32_11.10.0.202311280810/tools/bin/../lib/gcc/arm-none-eabi/13.2.1/../../../../arm-none-eabi/lib/thumb/v8-m.main+fp/hard\libcr_nohost_nf.a(__sys_seek.o)
 .debug_abbrev  0x00004839       0x76 C:/nxp/MCUXpressoIDE_11.10.0_3148/ide/plugins/com.nxp.mcuxpresso.tools.win32_11.10.0.202311280810/tools/bin/../lib/gcc/arm-none-eabi/13.2.1/../../../../arm-none-eabi/lib/thumb/v8-m.main+fp/hard\libcr_nohost_nf.a(__sys_tmpnam.o)
 .debug_abbrev  0x000048af       0x76 C:/nxp/MCUXpressoIDE_11.10.0_3148/ide/plugins/com.nxp.mcuxpresso.tools.win32_11.10.0.202311280810/tools/bin/../lib/gcc/arm-none-eabi/13.2.1/../../../../arm-none-eabi/lib/thumb/v8-m.main+fp/hard\libcr_nohost_nf.a(__sys_write.o)

.debug_aranges  0x00000000     0x1380
 .debug_aranges
                0x00000000       0x28 ./utilities/fsl_assert.o
 .debug_aranges
                0x00000028       0xa8 ./utilities/fsl_debug_console.o
 .debug_aranges
                0x000000d0       0xe8 ./utilities/fsl_str.o
 .debug_aranges
                0x000001b8      0x2e0 ./startup/startup_kw45b41z83.o
 .debug_aranges
                0x00000498       0x20 ./source/semihost_hardfault.o
 .debug_aranges
                0x000004b8       0x48 ./source/spirate.o
 .debug_aranges
                0x00000500       0x68 ./drivers/fsl_ccm32k.o
 .debug_aranges
                0x00000568       0xd8 ./drivers/fsl_clock.o
 .debug_aranges
                0x00000640       0x60 ./drivers/fsl_gpio.o
 .debug_aranges
                0x000006a0      0x1d8 ./drivers/fsl_lpspi.o
 .debug_aranges
                0x00000878      0x188 ./drivers/fsl_lpuart.o
 .debug_aranges
                0x00000a00      0x178 ./drivers/fsl_spc.o
 .debug_aranges
                0x00000b78       0x30 ./device/system_KW45B41Z83.o
 .debug_aranges
                0x00000ba8       0x58 ./component/uart/fsl_adapter_lpuart.o
 .debug_aranges
                0x00000c00       0xa0 ./component/serial_manager/fsl_component_serial_manager.o
 .debug_aranges
                0x00000ca0       0x48 ./component/serial_manager/fsl_component_serial_port_uart.o
 .debug_aranges
                0x00000ce8       0x28 ./board/board.o
 .debug_aranges
                0x00000d10       0xa8 ./board/clock_config.o
 .debug_aranges
                0x00000db8       0x30 ./board/peripherals.o
 .debug_aranges
                0x00000de8       0x80 ./board/pin_mux.o
 .debug_aranges
                0x00000e68       0x20 C:/nxp/MCUXpressoIDE_11.10.0_3148/ide/plugins/com.nxp.mcuxpresso.tools.win32_11.10.0.202311280810/tools/bin/../lib/gcc/arm-none-eabi/13.2.1/../../../../arm-none-eabi/lib/thumb/v8-m.main+fp/hard\libcr_nohost_nf.a(_cr__main.o)
 .debug_aranges
                0x00000e88       0x20 C:/nxp/MCUXpressoIDE_11.10.0_3148/ide/plugins/com.nxp.mcuxpresso.tools.win32_11.10.0.202311280810/tools/bin/../lib/gcc/arm-none-eabi/13.2.1/../../../../arm-none-eabi/lib/thumb/v8-m.main+fp/hard\libcr_c.a(memcpy.o)
 .debug_aranges
                0x00000ea8       0x20 C:/nxp/MCUXpressoIDE_11.10.0_3148/ide/plugins/com.nxp.mcuxpresso.tools.win32_11.10.0.202311280810/tools/bin/../lib/gcc/arm-none-eabi/13.2.1/../../../../arm-none-eabi/lib/thumb/v8-m.main+fp/hard\libcr_c.a(memset.o)
 .debug_aranges
                0x00000ec8       0x40 C:/nxp/MCUXpressoIDE_11.10.0_3148/ide/plugins/com.nxp.mcuxpresso.tools.win32_11.10.0.202311280810/tools/bin/../lib/gcc/arm-none-eabi/13.2.1/../../../../arm-none-eabi/lib/thumb/v8-m.main+fp/hard\libcr_c.a(alloc.o)
 .debug_aranges
                0x00000f08       0x80 C:/nxp/MCUXpressoIDE_11.10.0_3148/ide/plugins/com.nxp.mcuxpresso.tools.win32_11.10.0.202311280810/tools/bin/../lib/gcc/arm-none-eabi/13.2.1/../../../../arm-none-eabi/lib/thumb/v8-m.main+fp/hard\libcr_c.a(ctype.o)
 .debug_aranges
                0x00000f88       0x18 C:/nxp/MCUXpressoIDE_11.10.0_3148/ide/plugins/com.nxp.mcuxpresso.tools.win32_11.10.0.202311280810/tools/bin/../lib/gcc/arm-none-eabi/13.2.1/../../../../arm-none-eabi/lib/thumb/v8-m.main+fp/hard\libcr_c.a(errno.o)
 .debug_aranges
                0x00000fa0       0x28 C:/nxp/MCUXpressoIDE_11.10.0_3148/ide/plugins/com.nxp.mcuxpresso.tools.win32_11.10.0.202311280810/tools/bin/../lib/gcc/arm-none-eabi/13.2.1/../../../../arm-none-eabi/lib/thumb/v8-m.main+fp/hard\libcr_c.a(initio.o)
 .debug_aranges
                0x00000fc8       0xb0 C:/nxp/MCUXpressoIDE_11.10.0_3148/ide/plugins/com.nxp.mcuxpresso.tools.win32_11.10.0.202311280810/tools/bin/../lib/gcc/arm-none-eabi/13.2.1/../../../../arm-none-eabi/lib/thumb/v8-m.main+fp/hard\libcr_c.a(scanf.o)
 .debug_aranges
                0x00001078       0x20 C:/nxp/MCUXpressoIDE_11.10.0_3148/ide/plugins/com.nxp.mcuxpresso.tools.win32_11.10.0.202311280810/tools/bin/../lib/gcc/arm-none-eabi/13.2.1/../../../../arm-none-eabi/lib/thumb/v8-m.main+fp/hard\libcr_c.a(setvbuf.o)
 .debug_aranges
                0x00001098       0x20 C:/nxp/MCUXpressoIDE_11.10.0_3148/ide/plugins/com.nxp.mcuxpresso.tools.win32_11.10.0.202311280810/tools/bin/../lib/gcc/arm-none-eabi/13.2.1/../../../../arm-none-eabi/lib/thumb/v8-m.main+fp/hard\libcr_c.a(strcmp.o)
 .debug_aranges
                0x000010b8       0x20 C:/nxp/MCUXpressoIDE_11.10.0_3148/ide/plugins/com.nxp.mcuxpresso.tools.win32_11.10.0.202311280810/tools/bin/../lib/gcc/arm-none-eabi/13.2.1/../../../../arm-none-eabi/lib/thumb/v8-m.main+fp/hard\libcr_c.a(strlen.o)
 .debug_aranges
                0x000010d8       0x20 C:/nxp/MCUXpressoIDE_11.10.0_3148/ide/plugins/com.nxp.mcuxpresso.tools.win32_11.10.0.202311280810/tools/bin/../lib/gcc/arm-none-eabi/13.2.1/../../../../arm-none-eabi/lib/thumb/v8-m.main+fp/hard\libcr_c.a(strtok.o)
 .debug_aranges
                0x000010f8       0x28 C:/nxp/MCUXpressoIDE_11.10.0_3148/ide/plugins/com.nxp.mcuxpresso.tools.win32_11.10.0.202311280810/tools/bin/../lib/gcc/arm-none-eabi/13.2.1/../../../../arm-none-eabi/lib/thumb/v8-m.main+fp/hard\libcr_c.a(_deferredlazyseek.o)
 .debug_aranges
                0x00001120       0x20 C:/nxp/MCUXpressoIDE_11.10.0_3148/ide/plugins/com.nxp.mcuxpresso.tools.win32_11.10.0.202311280810/tools/bin/../lib/gcc/arm-none-eabi/13.2.1/../../../../arm-none-eabi/lib/thumb/v8-m.main+fp/hard\libcr_c.a(_fdopen.o)
 .debug_aranges
                0x00001140       0x20 C:/nxp/MCUXpressoIDE_11.10.0_3148/ide/plugins/com.nxp.mcuxpresso.tools.win32_11.10.0.202311280810/tools/bin/../lib/gcc/arm-none-eabi/13.2.1/../../../../arm-none-eabi/lib/thumb/v8-m.main+fp/hard\libcr_c.a(_fflush.o)
 .debug_aranges
                0x00001160       0x20 C:/nxp/MCUXpressoIDE_11.10.0_3148/ide/plugins/com.nxp.mcuxpresso.tools.win32_11.10.0.202311280810/tools/bin/../lib/gcc/arm-none-eabi/13.2.1/../../../../arm-none-eabi/lib/thumb/v8-m.main+fp/hard\libcr_c.a(_writebuf.o)
 .debug_aranges
                0x00001180       0x20 C:/nxp/MCUXpressoIDE_11.10.0_3148/ide/plugins/com.nxp.mcuxpresso.tools.win32_11.10.0.202311280810/tools/bin/../lib/gcc/arm-none-eabi/13.2.1/../../../../arm-none-eabi/lib/thumb/v8-m.main+fp/hard\libcr_c.a(fclose.o)
 .debug_aranges
                0x000011a0       0x20 C:/nxp/MCUXpressoIDE_11.10.0_3148/ide/plugins/com.nxp.mcuxpresso.tools.win32_11.10.0.202311280810/tools/bin/../lib/gcc/arm-none-eabi/13.2.1/../../../../arm-none-eabi/lib/thumb/v8-m.main+fp/hard\libcr_c.a(fflush.o)
 .debug_aranges
                0x000011c0       0x20 C:/nxp/MCUXpressoIDE_11.10.0_3148/ide/plugins/com.nxp.mcuxpresso.tools.win32_11.10.0.202311280810/tools/bin/../lib/gcc/arm-none-eabi/13.2.1/../../../../arm-none-eabi/lib/thumb/v8-m.main+fp/hard\libcr_c.a(fseek.o)
 .debug_aranges
                0x000011e0       0x20 C:/nxp/MCUXpressoIDE_11.10.0_3148/ide/plugins/com.nxp.mcuxpresso.tools.win32_11.10.0.202311280810/tools/bin/../lib/gcc/arm-none-eabi/13.2.1/../../../../arm-none-eabi/lib/thumb/v8-m.main+fp/hard\libcr_c.a(ftell.o)
 .debug_aranges
                0x00001200       0x28 C:/nxp/MCUXpressoIDE_11.10.0_3148/ide/plugins/com.nxp.mcuxpresso.tools.win32_11.10.0.202311280810/tools/bin/../lib/gcc/arm-none-eabi/13.2.1/../../../../arm-none-eabi/lib/thumb/v8-m.main+fp/hard\libcr_c.a(remove.o)
 .debug_aranges
                0x00001228       0x20 C:/nxp/MCUXpressoIDE_11.10.0_3148/ide/plugins/com.nxp.mcuxpresso.tools.win32_11.10.0.202311280810/tools/bin/../lib/gcc/arm-none-eabi/13.2.1/../../../../arm-none-eabi/lib/thumb/v8-m.main+fp/hard\libcr_c.a(strcspn.o)
 .debug_aranges
                0x00001248       0x20 C:/nxp/MCUXpressoIDE_11.10.0_3148/ide/plugins/com.nxp.mcuxpresso.tools.win32_11.10.0.202311280810/tools/bin/../lib/gcc/arm-none-eabi/13.2.1/../../../../arm-none-eabi/lib/thumb/v8-m.main+fp/hard\libcr_c.a(strspn.o)
 .debug_aranges
                0x00001268       0x20 C:/nxp/MCUXpressoIDE_11.10.0_3148/ide/plugins/com.nxp.mcuxpresso.tools.win32_11.10.0.202311280810/tools/bin/../lib/gcc/arm-none-eabi/13.2.1/../../../../arm-none-eabi/lib/thumb/v8-m.main+fp/hard\libcr_c.a(_do_fflush.o)
 .debug_aranges
                0x00001288       0x18 C:/nxp/MCUXpressoIDE_11.10.0_3148/ide/plugins/com.nxp.mcuxpresso.tools.win32_11.10.0.202311280810/tools/bin/../lib/gcc/arm-none-eabi/13.2.1/../../../../arm-none-eabi/lib/thumb/v8-m.main+fp/hard\libcr_nohost_nf.a(__ciob.o)
 .debug_aranges
                0x000012a0       0x20 C:/nxp/MCUXpressoIDE_11.10.0_3148/ide/plugins/com.nxp.mcuxpresso.tools.win32_11.10.0.202311280810/tools/bin/../lib/gcc/arm-none-eabi/13.2.1/../../../../arm-none-eabi/lib/thumb/v8-m.main+fp/hard\libcr_nohost_nf.a(__sys_close.o)
 .debug_aranges