C:\Users\bakra\Desktop\KW45B41Z\freertos_demo\drivers/fsl_common_arm.h:594:24:DisableGlobalIRQ	16	static
C:\Users\bakra\Desktop\KW45B41Z\freertos_demo\drivers/fsl_common_arm.h:621:20:EnableGlobalIRQ	24	static
../component/serial_manager/fsl_component_serial_manager.c:406:32:SerialManager_StartWriting	32	static
../component/serial_manager/fsl_component_serial_manager.c:461:32:SerialManager_StartReading	32	static
../component/serial_manager/fsl_component_serial_manager.c:1202:32:SerialManager_Write	32	static
../component/serial_manager/fsl_component_serial_manager.c:1219:32:SerialManager_Read	32	static
../component/serial_manager/fsl_component_serial_manager.c:1237:25:SerialManager_Init	24	static
../component/serial_manager/fsl_component_serial_manager.c:1425:25:SerialManager_Deinit	24	static
../component/serial_manager/fsl_component_serial_manager.c:1500:25:SerialManager_OpenWriteHandle	32	static
../component/serial_manager/fsl_component_serial_manager.c:1537:25:SerialManager_CloseWriteHandle	32	static
../component/serial_manager/fsl_component_serial_manager.c:1568:25:SerialManager_OpenReadHandle	32	static
../component/serial_manager/fsl_component_serial_manager.c:1608:25:SerialManager_CloseReadHandle	32	static
../component/serial_manager/fsl_component_serial_manager.c:1637:25:SerialManager_WriteBlocking	24	static
../component/serial_manager/fsl_component_serial_manager.c:1646:25:SerialManager_ReadBlocking	24	static
../component/serial_manager/fsl_component_serial_manager.c:1889:25:SerialManager_EnterLowpower	24	static
../component/serial_manager/fsl_component_serial_manager.c:1941:25:SerialManager_ExitLowpower	24	static
../component/serial_manager/fsl_component_serial_manager.c:2001:6:SerialManager_SetLowpowerCriticalCb	16	static
